Archive member included to satisfy reference by file (symbol)

c:/siliconlabs/simplicitystudio/v5/developer/toolchains/gnu_arm/10.2_2020q4/bin/../lib/gcc/arm-none-eabi/10.2.1/thumb/v8-m.main+fp/hard\libgcc.a(_aeabi_ldivmod.o)
                              ./gecko_sdk_4.0.2/platform/emlib/src/em_eusart.o (__aeabi_ldivmod)
c:/siliconlabs/simplicitystudio/v5/developer/toolchains/gnu_arm/10.2_2020q4/bin/../lib/gcc/arm-none-eabi/10.2.1/thumb/v8-m.main+fp/hard\libgcc.a(_aeabi_uldivmod.o)
                              ./gecko_sdk_4.0.2/platform/emlib/src/em_eusart.o (__aeabi_uldivmod)
c:/siliconlabs/simplicitystudio/v5/developer/toolchains/gnu_arm/10.2_2020q4/bin/../lib/gcc/arm-none-eabi/10.2.1/thumb/v8-m.main+fp/hard\libgcc.a(_udivmoddi4.o)
                              c:/siliconlabs/simplicitystudio/v5/developer/toolchains/gnu_arm/10.2_2020q4/bin/../lib/gcc/arm-none-eabi/10.2.1/thumb/v8-m.main+fp/hard\libgcc.a(_aeabi_ldivmod.o) (__udivmoddi4)
c:/siliconlabs/simplicitystudio/v5/developer/toolchains/gnu_arm/10.2_2020q4/bin/../lib/gcc/arm-none-eabi/10.2.1/thumb/v8-m.main+fp/hard\libgcc.a(_dvmd_tls.o)
                              c:/siliconlabs/simplicitystudio/v5/developer/toolchains/gnu_arm/10.2_2020q4/bin/../lib/gcc/arm-none-eabi/10.2.1/thumb/v8-m.main+fp/hard\libgcc.a(_aeabi_ldivmod.o) (__aeabi_ldiv0)
c:/siliconlabs/simplicitystudio/v5/developer/toolchains/gnu_arm/10.2_2020q4/bin/../lib/gcc/arm-none-eabi/10.2.1/../../../../arm-none-eabi/lib/thumb/v8-m.main+fp/hard\libc_nano.a(lib_a-exit.o)
                              c:/siliconlabs/simplicitystudio/v5/developer/toolchains/gnu_arm/10.2_2020q4/bin/../lib/gcc/arm-none-eabi/10.2.1/../../../../arm-none-eabi/lib/thumb/v8-m.main+fp/hard/crt0.o (exit)
c:/siliconlabs/simplicitystudio/v5/developer/toolchains/gnu_arm/10.2_2020q4/bin/../lib/gcc/arm-none-eabi/10.2.1/../../../../arm-none-eabi/lib/thumb/v8-m.main+fp/hard\libc_nano.a(lib_a-getchar.o)
                              ./app.o (getchar)
c:/siliconlabs/simplicitystudio/v5/developer/toolchains/gnu_arm/10.2_2020q4/bin/../lib/gcc/arm-none-eabi/10.2.1/../../../../arm-none-eabi/lib/thumb/v8-m.main+fp/hard\libc_nano.a(lib_a-impure.o)
                              c:/siliconlabs/simplicitystudio/v5/developer/toolchains/gnu_arm/10.2_2020q4/bin/../lib/gcc/arm-none-eabi/10.2.1/../../../../arm-none-eabi/lib/thumb/v8-m.main+fp/hard\libc_nano.a(lib_a-exit.o) (_global_impure_ptr)
c:/siliconlabs/simplicitystudio/v5/developer/toolchains/gnu_arm/10.2_2020q4/bin/../lib/gcc/arm-none-eabi/10.2.1/../../../../arm-none-eabi/lib/thumb/v8-m.main+fp/hard\libc_nano.a(lib_a-init.o)
                              c:/siliconlabs/simplicitystudio/v5/developer/toolchains/gnu_arm/10.2_2020q4/bin/../lib/gcc/arm-none-eabi/10.2.1/../../../../arm-none-eabi/lib/thumb/v8-m.main+fp/hard/crt0.o (__libc_init_array)
c:/siliconlabs/simplicitystudio/v5/developer/toolchains/gnu_arm/10.2_2020q4/bin/../lib/gcc/arm-none-eabi/10.2.1/../../../../arm-none-eabi/lib/thumb/v8-m.main+fp/hard\libc_nano.a(lib_a-memcpy-stub.o)
                              ./gecko_sdk_4.0.2/platform/emdrv/uartdrv/src/uartdrv.o (memcpy)
c:/siliconlabs/simplicitystudio/v5/developer/toolchains/gnu_arm/10.2_2020q4/bin/../lib/gcc/arm-none-eabi/10.2.1/../../../../arm-none-eabi/lib/thumb/v8-m.main+fp/hard\libc_nano.a(lib_a-memset.o)
                              c:/siliconlabs/simplicitystudio/v5/developer/toolchains/gnu_arm/10.2_2020q4/bin/../lib/gcc/arm-none-eabi/10.2.1/../../../../arm-none-eabi/lib/thumb/v8-m.main+fp/hard/crt0.o (memset)
c:/siliconlabs/simplicitystudio/v5/developer/toolchains/gnu_arm/10.2_2020q4/bin/../lib/gcc/arm-none-eabi/10.2.1/../../../../arm-none-eabi/lib/thumb/v8-m.main+fp/hard\libc_nano.a(lib_a-printf.o)
                              ./app.o (printf)
c:/siliconlabs/simplicitystudio/v5/developer/toolchains/gnu_arm/10.2_2020q4/bin/../lib/gcc/arm-none-eabi/10.2.1/../../../../arm-none-eabi/lib/thumb/v8-m.main+fp/hard\libc_nano.a(lib_a-setvbuf.o)
                              ./gecko_sdk_4.0.2/platform/service/iostream/src/sl_iostream_stdlib_config.o (setvbuf)
c:/siliconlabs/simplicitystudio/v5/developer/toolchains/gnu_arm/10.2_2020q4/bin/../lib/gcc/arm-none-eabi/10.2.1/../../../../arm-none-eabi/lib/thumb/v8-m.main+fp/hard\libc_nano.a(lib_a-strcmp.o)
                              ./autogen/sl_iostream_handles.o (strcmp)
c:/siliconlabs/simplicitystudio/v5/developer/toolchains/gnu_arm/10.2_2020q4/bin/../lib/gcc/arm-none-eabi/10.2.1/../../../../arm-none-eabi/lib/thumb/v8-m.main+fp/hard\libc_nano.a(lib_a-vprintf.o)
                              ./gecko_sdk_4.0.2/platform/service/iostream/src/sl_iostream.o (vprintf)
c:/siliconlabs/simplicitystudio/v5/developer/toolchains/gnu_arm/10.2_2020q4/bin/../lib/gcc/arm-none-eabi/10.2.1/../../../../arm-none-eabi/lib/thumb/v8-m.main+fp/hard\libc_nano.a(lib_a-fflush.o)
[...]
Memory Configuration

Name             Origin             Length             Attributes
FLASH            0x00000000         0x0007e000         xr
RAM              0x20000000         0x00008000         xrw
*default*        0x00000000         0xffffffff

Linker script and memory map

LOAD c:/siliconlabs/simplicitystudio/v5/developer/toolchains/gnu_arm/10.2_2020q4/bin/../lib/gcc/arm-none-eabi/10.2.1/thumb/v8-m.main+fp/hard/crti.o
LOAD c:/siliconlabs/simplicitystudio/v5/developer/toolchains/gnu_arm/10.2_2020q4/bin/../lib/gcc/arm-none-eabi/10.2.1/thumb/v8-m.main+fp/hard/crtbegin.o
LOAD c:/siliconlabs/simplicitystudio/v5/developer/toolchains/gnu_arm/10.2_2020q4/bin/../lib/gcc/arm-none-eabi/10.2.1/../../../../arm-none-eabi/lib/thumb/v8-m.main+fp/hard/crt0.o
START GROUP
LOAD ./app.o
LOAD ./main.o
LOAD ./autogen/sl_board_default_init.o
LOAD ./autogen/sl_device_init_clocks.o
LOAD ./autogen/sl_event_handler.o
LOAD ./autogen/sl_iostream_handles.o
LOAD ./autogen/sl_iostream_init_usart_instances.o
LOAD ./autogen/sl_simple_button_instances.o
LOAD ./gecko_sdk_4.0.2/app/common/util/app_log/app_log.o
LOAD ./gecko_sdk_4.0.2/hardware/board/src/sl_board_control_gpio.o
LOAD ./gecko_sdk_4.0.2/hardware/board/src/sl_board_init.o
LOAD ./gecko_sdk_4.0.2/platform/Device/SiliconLabs/BGM22/Source/GCC/startup_bgm22.o
LOAD ./gecko_sdk_4.0.2/platform/Device/SiliconLabs/BGM22/Source/system_bgm22.o
LOAD ./gecko_sdk_4.0.2/platform/common/toolchain/src/sl_memory.o
LOAD ./gecko_sdk_4.0.2/platform/driver/button/src/sl_button.o
LOAD ./gecko_sdk_4.0.2/platform/driver/button/src/sl_simple_button.o
LOAD ./gecko_sdk_4.0.2/platform/emdrv/dmadrv/src/dmadrv.o
LOAD ./gecko_sdk_4.0.2/platform/emdrv/gpiointerrupt/src/gpiointerrupt.o
LOAD ./gecko_sdk_4.0.2/platform/emdrv/uartdrv/src/uartdrv.o
LOAD ./gecko_sdk_4.0.2/platform/emlib/src/em_assert.o
LOAD ./gecko_sdk_4.0.2/platform/emlib/src/em_cmu.o
LOAD ./gecko_sdk_4.0.2/platform/emlib/src/em_core.o
LOAD ./gecko_sdk_4.0.2/platform/emlib/src/em_emu.o
LOAD ./gecko_sdk_4.0.2/platform/emlib/src/em_eusart.o
LOAD ./gecko_sdk_4.0.2/platform/emlib/src/em_gpio.o
LOAD ./gecko_sdk_4.0.2/platform/emlib/src/em_ldma.o
LOAD ./gecko_sdk_4.0.2/platform/emlib/src/em_system.o
LOAD ./gecko_sdk_4.0.2/platform/emlib/src/em_usart.o
LOAD ./gecko_sdk_4.0.2/platform/service/device_init/src/sl_device_init_dcdc_s2.o
LOAD ./gecko_sdk_4.0.2/platform/service/device_init/src/sl_device_init_emu_s2.o
LOAD ./gecko_sdk_4.0.2/platform/service/device_init/src/sl_device_init_hfxo_s2.o
LOAD ./gecko_sdk_4.0.2/platform/service/device_init/src/sl_device_init_lfxo_s2.o
LOAD ./gecko_sdk_4.0.2/platform/service/device_init/src/sl_device_init_nvic.o
LOAD ./gecko_sdk_4.0.2/platform/service/iostream/src/sl_iostream.o
LOAD ./gecko_sdk_4.0.2/platform/service/iostream/src/sl_iostream_retarget_stdio.o
LOAD ./gecko_sdk_4.0.2/platform/service/iostream/src/sl_iostream_stdlib_config.o
LOAD ./gecko_sdk_4.0.2/platform/service/iostream/src/sl_iostream_uart.o
LOAD ./gecko_sdk_4.0.2/platform/service/iostream/src/sl_iostream_usart.o
LOAD ./gecko_sdk_4.0.2/platform/service/system/src/sl_system_init.o
LOAD ./gecko_sdk_4.0.2/platform/service/system/src/sl_system_process_action.o
LOAD c:/siliconlabs/simplicitystudio/v5/developer/toolchains/gnu_arm/10.2_2020q4/bin/../lib/gcc/arm-none-eabi/10.2.1/thumb/v8-m.main+fp/hard\libgcc.a
LOAD c:/siliconlabs/simplicitystudio/v5/developer/toolchains/gnu_arm/10.2_2020q4/bin/../lib/gcc/arm-none-eabi/10.2.1/../../../../arm-none-eabi/lib/thumb/v8-m.main+fp/hard\libc_nano.a
LOAD c:/siliconlabs/simplicitystudio/v5/developer/toolchains/gnu_arm/10.2_2020q4/bin/../lib/gcc/arm-none-eabi/10.2.1/../../../../arm-none-eabi/lib/thumb/v8-m.main+fp/hard\libm.a
LOAD c:/siliconlabs/simplicitystudio/v5/developer/toolchains/gnu_arm/10.2_2020q4/bin/../lib/gcc/arm-none-eabi/10.2.1/../../../../arm-none-eabi/lib/thumb/v8-m.main+fp/hard\libnosys.a
END GROUP
START GROUP
LOAD c:/siliconlabs/simplicitystudio/v5/developer/toolchains/gnu_arm/10.2_2020q4/bin/../lib/gcc/arm-none-eabi/10.2.1/thumb/v8-m.main+fp/hard\libgcc.a
LOAD c:/siliconlabs/simplicitystudio/v5/developer/toolchains/gnu_arm/10.2_2020q4/bin/../lib/gcc/arm-none-eabi/10.2.1/../../../../arm-none-eabi/lib/thumb/v8-m.main+fp/hard\libc_nano.a
LOAD c:/siliconlabs/simplicitystudio/v5/developer/toolchains/gnu_arm/10.2_2020q4/bin/../lib/gcc/arm-none-eabi/10.2.1/../../../../arm-none-eabi/lib/thumb/v8-m.main+fp/hard\libnosys.a
END GROUP
START GROUP
LOAD c:/siliconlabs/simplicitystudio/v5/developer/toolchains/gnu_arm/10.2_2020q4/bin/../lib/gcc/arm-none-eabi/10.2.1/thumb/v8-m.main+fp/hard\libgcc.a
LOAD c:/siliconlabs/simplicitystudio/v5/developer/toolchains/gnu_arm/10.2_2020q4/bin/../lib/gcc/arm-none-eabi/10.2.1/../../../../arm-none-eabi/lib/thumb/v8-m.main+fp/hard\libg_nano.a
LOAD c:/siliconlabs/simplicitystudio/v5/developer/toolchains/gnu_arm/10.2_2020q4/bin/../lib/gcc/arm-none-eabi/10.2.1/../../../../arm-none-eabi/lib/thumb/v8-m.main+fp/hard\libc_nano.a
END GROUP
START GROUP
LOAD c:/siliconlabs/simplicitystudio/v5/developer/toolchains/gnu_arm/10.2_2020q4/bin/../lib/gcc/arm-none-eabi/10.2.1/thumb/v8-m.main+fp/hard\libgcc.a
LOAD c:/siliconlabs/simplicitystudio/v5/developer/toolchains/gnu_arm/10.2_2020q4/bin/../lib/gcc/arm-none-eabi/10.2.1/../../../../arm-none-eabi/lib/thumb/v8-m.main+fp/hard\libc_nano.a
END GROUP
LOAD c:/siliconlabs/simplicitystudio/v5/developer/toolchains/gnu_arm/10.2_2020q4/bin/../lib/gcc/arm-none-eabi/10.2.1/thumb/v8-m.main+fp/hard/crtend.o
LOAD c:/siliconlabs/simplicitystudio/v5/developer/toolchains/gnu_arm/10.2_2020q4/bin/../lib/gcc/arm-none-eabi/10.2.1/thumb/v8-m.main+fp/hard/crtn.o

.text           0x00000000     0x3e38
                0x00000000                linker_vectors_begin = .
 *(.vectors)
 .vectors       0x00000000      0x140 ./gecko_sdk_4.0.2/platform/Device/SiliconLabs/BGM22/Source/GCC/startup_bgm22.o
                0x00000000                __Vectors
                0x00000140                linker_vectors_end = .
                0x00000140                __Vectors_End = .
                0x00000140                __Vectors_Size = (__Vectors_End - __Vectors)
                0x00000140                linker_code_begin = .
 *(.text*)
 .text          0x00000140       0x40 c:/siliconlabs/simplicitystudio/v5/developer/toolchains/gnu_arm/10.2_2020q4/bin/../lib/gcc/arm-none-eabi/10.2.1/thumb/v8-m.main+fp/hard/crtbegin.o
 .text          0x00000180       0x7c c:/siliconlabs/simplicitystudio/v5/developer/toolchains/gnu_arm/10.2_2020q4/bin/../lib/gcc/arm-none-eabi/10.2.1/../../../../arm-none-eabi/lib/thumb/v8-m.main+fp/hard/crt0.o
                0x00000180                _stack_init
                0x00000188                _start
                0x00000188                _mainCRTStartup
 .text.app_init
                0x000001fc        0x2 ./app.o
                0x000001fc                app_init
 *fill*         0x000001fe        0x2 
 .text.app_process_action
                0x00000200       0x40 ./app.o
                0x00000200                app_process_action
 .text.startup.main
                0x00000240       0x14 ./main.o
                0x00000240                main
 .text.sl_board_default_init
                0x00000254        0x2 ./autogen/sl_board_default_init.o
                0x00000254                sl_board_default_init
 .text.sl_device_init_clocks
                0x00000256       0x46 ./autogen/sl_device_init_clocks.o
                0x00000256                sl_device_init_clocks
 .text.sl_platform_init
                0x0000029c       0x60 ./autogen/sl_event_handler.o
                0x0000029c                sl_platform_init
 .text.sl_driver_init
                0x000002fc        0xe ./autogen/sl_event_handler.o
                0x000002fc                sl_driver_init
 .text.sl_service_init
                0x0000030a       0x12 ./autogen/sl_event_handler.o
                0x0000030a                sl_service_init
 .text.sl_stack_init
                0x0000031c        0x2 ./autogen/sl_event_handler.o
                0x0000031c                sl_stack_init
 .text.sl_internal_app_init
                0x0000031e        0x4 ./autogen/sl_event_handler.o
                0x0000031e                sl_internal_app_init
 .text.sl_platform_process_action
                0x00000322        0x2 ./autogen/sl_event_handler.o
                0x00000322                sl_platform_process_action
 .text.sl_service_process_action
                0x00000324        0x2 ./autogen/sl_event_handler.o
                0x00000324                sl_service_process_action
 .text.sl_stack_process_action
                0x00000326        0x2 ./autogen/sl_event_handler.o
                0x00000326                sl_stack_process_action
 .text.sl_internal_app_process_action
                0x00000328        0x2 ./autogen/sl_event_handler.o
                0x00000328                sl_internal_app_process_action
 *fill*         0x0000032a        0x2 
 .text.sl_iostream_usart_init_vcom
                0x0000032c       0x64 ./autogen/sl_iostream_init_usart_instances.o
                0x0000032c                sl_iostream_usart_init_vcom
 .text.sl_iostream_usart_init_instances
                0x00000390        0x4 ./autogen/sl_iostream_init_usart_instances.o
                0x00000390                sl_iostream_usart_init_instances
 .text.USART1_RX_IRQHandler
                0x00000394        0xc ./autogen/sl_iostream_init_usart_instances.o
                0x00000394                USART1_RX_IRQHandler
 .text.USART1_TX_IRQHandler
                0x000003a0        0x4 ./autogen/sl_iostream_init_usart_instances.o
                0x000003a0                USART1_TX_IRQHandler
 .text.sl_simple_button_init_instances
                0x000003a4       0x1c ./autogen/sl_simple_button_instances.o
                0x000003a4                sl_simple_button_init_instances
 .text.app_log_init
                0x000003c0       0x38 ./gecko_sdk_4.0.2/app/common/util/app_log/app_log.o
                0x000003c0                app_log_init
 .text.sl_board_configure_vcom
                0x000003f8        0x4 ./gecko_sdk_4.0.2/hardware/board/src/sl_board_control_gpio.o
                0x000003f8                sl_board_configure_vcom
 .text.sl_board_init
                0x000003fc       0x12 ./gecko_sdk_4.0.2/hardware/board/src/sl_board_init.o
                0x000003fc                sl_board_init
 .text.sl_board_preinit
                0x0000040e        0x8 ./gecko_sdk_4.0.2/hardware/board/src/sl_board_init.o
                0x0000040e                sl_board_preinit
 .text.Default_Handler
                0x00000416        0x2 ./gecko_sdk_4.0.2/platform/Device/SiliconLabs/BGM22/Source/GCC/startup_bgm22.o
                0x00000416                ULFRCO_IRQHandler
                0x00000416                SW2_IRQHandler
                0x00000416                TIMER2_IRQHandler
                0x00000416                DebugMon_Handler
                0x00000416                PKE_IRQHandler
                0x00000416                USART0_TX_IRQHandler
                0x00000416                PRORTC_IRQHandler
                0x00000416                IADC_IRQHandler
                0x00000416                I2C0_IRQHandler
                0x00000416                LFXO_IRQHandler
                0x00000416                CRYPTOACC_IRQHandler
                0x00000416                HardFault_Handler
                0x00000416                SMU_SECURE_IRQHandler
                0x00000416                SysTick_Handler
                0x00000416                EMUEFP_IRQHandler
                0x00000416                PendSV_Handler
                0x00000416                NMI_Handler
                0x00000416                SYNTH_IRQHandler
                0x00000416                HFXO0_IRQHandler
                0x00000416                I2C1_IRQHandler
                0x00000416                PDM_IRQHandler
                0x00000416                WDOG0_IRQHandler
                0x00000416                TIMER3_IRQHandler
                0x00000416                SYSCFG_IRQHandler
                0x00000416                EMUSE_IRQHandler
                0x00000416                EMUDG_IRQHandler
                0x00000416                SMU_PRIVILEGED_IRQHandler
                0x00000416                MSC_IRQHandler
                0x00000416                DPLL0_IRQHandler
                0x00000416                UsageFault_Handler
                0x00000416                M33CTI1_IRQHandler
                0x00000416                TIMER4_IRQHandler
                0x00000416                SW0_IRQHandler
                0x00000416                TIMER0_IRQHandler
                0x00000416                LETIMER0_IRQHandler
                0x00000416                TIMER1_IRQHandler
                0x00000416                HFRCO0_IRQHandler
                0x00000416                RFSENSE_IRQHandler
                0x00000416                BUFC_IRQHandler
                0x00000416                DCDC_IRQHandler
                0x00000416                MODEM_IRQHandler
                0x00000416                Default_Handler
                0x00000416                RAC_SEQ_IRQHandler
                0x00000416                FRC_PRI_IRQHandler
                0x00000416                EMU_IRQHandler
                0x00000416                SW3_IRQHandler
                0x00000416                KERNEL0_IRQHandler
                0x00000416                FRC_IRQHandler
                0x00000416                KERNEL1_IRQHandler
                0x00000416                AGC_IRQHandler
                0x00000416                sl_app_properties
                0x00000416                BURTC_IRQHandler
                0x00000416                LFRCO_IRQHandler
                0x00000416                USART0_RX_IRQHandler
                0x00000416                MemManage_Handler
                0x00000416                RDMAILBOX_IRQHandler
                0x00000416                SVC_Handler
                0x00000416                RTCC_IRQHandler
                0x00000416                SW1_IRQHandler
                0x00000416                CMU_IRQHandler
                0x00000416                RAC_RSM_IRQHandler
                0x00000416                EUART0_TX_IRQHandler
                0x00000416                EUART0_RX_IRQHandler
                0x00000416                AES_IRQHandler
                0x00000416                M33CTI0_IRQHandler
                0x00000416                ICACHE0_IRQHandler
                0x00000416                SMU_NS_PRIVILEGED_IRQHandler
                0x00000416                PROTIMER_IRQHandler
                0x00000416                BusFault_Handler
                0x00000416                TRNG_IRQHandler
 .text.Reset_Handler
                0x00000418       0x2c ./gecko_sdk_4.0.2/platform/Device/SiliconLabs/BGM22/Source/GCC/startup_bgm22.o
                0x00000418                Reset_Handler
 .text.SystemInit
                0x00000444       0x1c ./gecko_sdk_4.0.2/platform/Device/SiliconLabs/BGM22/Source/system_bgm22.o
                0x00000444                SystemInit
 .text.SystemHFRCODPLLClockGet
                0x00000460        0xc ./gecko_sdk_4.0.2/platform/Device/SiliconLabs/BGM22/Source/system_bgm22.o
                0x00000460                SystemHFRCODPLLClockGet
 .text.SystemSYSCLKGet
                0x0000046c       0x34 ./gecko_sdk_4.0.2/platform/Device/SiliconLabs/BGM22/Source/system_bgm22.o
                0x0000046c                SystemSYSCLKGet
 .text.SystemHCLKGet
                0x000004a0       0x24 ./gecko_sdk_4.0.2/platform/Device/SiliconLabs/BGM22/Source/system_bgm22.o
                0x000004a0                SystemHCLKGet
 .text.SystemMaxCoreClockGet
                0x000004c4        0x8 ./gecko_sdk_4.0.2/platform/Device/SiliconLabs/BGM22/Source/system_bgm22.o
                0x000004c4                SystemMaxCoreClockGet
 .text.SystemHFXOClockGet
                0x000004cc        0xc ./gecko_sdk_4.0.2/platform/Device/SiliconLabs/BGM22/Source/system_bgm22.o
                0x000004cc                SystemHFXOClockGet
 .text.SystemHFXOClockSet
                0x000004d8       0x20 ./gecko_sdk_4.0.2/platform/Device/SiliconLabs/BGM22/Source/system_bgm22.o
                0x000004d8                SystemHFXOClockSet
 .text.SystemCLKIN0Get
                0x000004f8        0x4 ./gecko_sdk_4.0.2/platform/Device/SiliconLabs/BGM22/Source/system_bgm22.o
                0x000004f8                SystemCLKIN0Get
 .text.SystemFSRCOClockGet
                0x000004fc        0x8 ./gecko_sdk_4.0.2/platform/Device/SiliconLabs/BGM22/Source/system_bgm22.o
                0x000004fc                SystemFSRCOClockGet
 .text.SystemLFRCOClockGet
                0x00000504        0x6 ./gecko_sdk_4.0.2/platform/Device/SiliconLabs/BGM22/Source/system_bgm22.o
                0x00000504                SystemLFRCOClockGet
 .text.SystemULFRCOClockGet
                0x0000050a        0x6 ./gecko_sdk_4.0.2/platform/Device/SiliconLabs/BGM22/Source/system_bgm22.o
                0x0000050a                SystemULFRCOClockGet
 .text.SystemLFXOClockGet
                0x00000510        0xc ./gecko_sdk_4.0.2/platform/Device/SiliconLabs/BGM22/Source/system_bgm22.o
                0x00000510                SystemLFXOClockGet
 .text._sbrk    0x0000051c       0x20 ./gecko_sdk_4.0.2/platform/common/toolchain/src/sl_memory.o
                0x0000051c                _sbrk
 .text.sl_button_init
                0x0000053c        0xa ./gecko_sdk_4.0.2/platform/driver/button/src/sl_button.o
                0x0000053c                sl_button_init
 .text.sl_button_on_change
                0x00000546        0x2 ./gecko_sdk_4.0.2/platform/driver/button/src/sl_button.o
                0x00000546                sl_button_on_change
 .text.GPIO_PinInGet
                0x00000548       0x4c ./gecko_sdk_4.0.2/platform/driver/button/src/sl_simple_button.o
 .text.sli_simple_button_on_change
                0x00000594       0x28 ./gecko_sdk_4.0.2/platform/driver/button/src/sl_simple_button.o
 .text.sl_simple_button_init
                0x000005bc       0x6c ./gecko_sdk_4.0.2/platform/driver/button/src/sl_simple_button.o
                0x000005bc                sl_simple_button_init
 .text.sl_simple_button_get_state
                0x00000628        0x6 ./gecko_sdk_4.0.2/platform/driver/button/src/sl_simple_button.o
                0x00000628                sl_simple_button_get_state
 .text.sl_simple_button_poll_step
                0x0000062e       0x52 ./gecko_sdk_4.0.2/platform/driver/button/src/sl_simple_button.o
                0x0000062e                sl_simple_button_poll_step
 .text.sl_simple_button_enable
                0x00000680       0x12 ./gecko_sdk_4.0.2/platform/driver/button/src/sl_simple_button.o
                0x00000680                sl_simple_button_enable
 .text.sl_simple_button_disable
                0x00000692       0x30 ./gecko_sdk_4.0.2/platform/driver/button/src/sl_simple_button.o
                0x00000692                sl_simple_button_disable
 *fill*         0x000006c2        0x2 
 .text.LDMA_IRQHandler
                0x000006c4       0x74 ./gecko_sdk_4.0.2/platform/emdrv/dmadrv/src/dmadrv.o
                0x000006c4                LDMA_IRQHandler
 .text.GPIOINT_IRQDispatcher
                0x00000738       0x3c ./gecko_sdk_4.0.2/platform/emdrv/gpiointerrupt/src/gpiointerrupt.o
 .text.GPIOINT_Init
                0x00000774       0x30 ./gecko_sdk_4.0.2/platform/emdrv/gpiointerrupt/src/gpiointerrupt.o
                0x00000774                GPIOINT_Init
 .text.GPIOINT_CallbackRegister
                0x000007a4       0x24 ./gecko_sdk_4.0.2/platform/emdrv/gpiointerrupt/src/gpiointerrupt.o
                0x000007a4                GPIOINT_CallbackRegister
 .text.GPIOINT_CallbackRegisterExt
                0x000007c8       0x58 ./gecko_sdk_4.0.2/platform/emdrv/gpiointerrupt/src/gpiointerrupt.o
                0x000007c8                GPIOINT_CallbackRegisterExt
 .text.GPIO_EVEN_IRQHandler
                0x00000820       0x24 ./gecko_sdk_4.0.2/platform/emdrv/gpiointerrupt/src/gpiointerrupt.o
                0x00000820                GPIO_EVEN_IRQHandler
 .text.GPIO_ODD_IRQHandler
                0x00000844       0x24 ./gecko_sdk_4.0.2/platform/emdrv/gpiointerrupt/src/gpiointerrupt.o
                0x00000844                GPIO_ODD_IRQHandler
 .text.assertEFM
                0x00000868        0x2 ./gecko_sdk_4.0.2/platform/emlib/src/em_assert.o
                0x00000868                assertEFM
 .text.EMU_VScaleGet
                0x0000086a       0x16 ./gecko_sdk_4.0.2/platform/emlib/src/em_cmu.o
 .text.em01GrpaClkGet
                0x00000880       0x54 ./gecko_sdk_4.0.2/platform/emlib/src/em_cmu.o
 .text.iadcClkGet
                0x000008d4       0x54 ./gecko_sdk_4.0.2/platform/emlib/src/em_cmu.o
 .text.em01GrpbClkGet
                0x00000928       0x70 ./gecko_sdk_4.0.2/platform/emlib/src/em_cmu.o
 .text.em23GrpaClkGet
                0x00000998       0x54 ./gecko_sdk_4.0.2/platform/emlib/src/em_cmu.o
 .text.wdog0ClkGet
                0x000009ec       0x60 ./gecko_sdk_4.0.2/platform/emlib/src/em_cmu.o
 .text.rtccClkGet
                0x00000a4c       0x54 ./gecko_sdk_4.0.2/platform/emlib/src/em_cmu.o
 .text.em4GrpaClkGet
                0x00000aa0       0x54 ./gecko_sdk_4.0.2/platform/emlib/src/em_cmu.o
 .text.euart0ClkGet
                0x00000af4       0x48 ./gecko_sdk_4.0.2/platform/emlib/src/em_cmu.o
 .text.CMU_ClockDivGet
                0x00000b3c       0x84 ./gecko_sdk_4.0.2/platform/emlib/src/em_cmu.o
                0x00000b3c                CMU_ClockDivGet
 .text.flashWaitStateControl
                0x00000bc0       0x50 ./gecko_sdk_4.0.2/platform/emlib/src/em_cmu.o
 .text.waitStateMax
                0x00000c10       0x10 ./gecko_sdk_4.0.2/platform/emlib/src/em_cmu.o
 .text.CMU_ClockEnable
                0x00000c20       0x54 ./gecko_sdk_4.0.2/platform/emlib/src/em_cmu.o
                0x00000c20                CMU_ClockEnable
 .text.CMU_ClockFreqGet
                0x00000c74      0x198 ./gecko_sdk_4.0.2/platform/emlib/src/em_cmu.o
                0x00000c74                CMU_ClockFreqGet
 .text.rhclkPrescOptimize
                0x00000e0c       0x20 ./gecko_sdk_4.0.2/platform/emlib/src/em_cmu.o
 .text.CMU_ClockSelectGet
                0x00000e2c      0x188 ./gecko_sdk_4.0.2/platform/emlib/src/em_cmu.o
                0x00000e2c                CMU_ClockSelectGet
 .text.CMU_HFXOInit
                0x00000fb4      0x1d8 ./gecko_sdk_4.0.2/platform/emlib/src/em_cmu.o
                0x00000fb4                CMU_HFXOInit
 .text.CMU_HFXOCTuneDeltaGet
                0x0000118c        0xc ./gecko_sdk_4.0.2/platform/emlib/src/em_cmu.o
                0x0000118c                CMU_HFXOCTuneDeltaGet
 .text.CMU_LFXOInit
                0x00001198       0xc4 ./gecko_sdk_4.0.2/platform/emlib/src/em_cmu.o
                0x00001198                CMU_LFXOInit
 .text.CMU_LFXOPrecisionSet
                0x0000125c        0xc ./gecko_sdk_4.0.2/platform/emlib/src/em_cmu.o
                0x0000125c                CMU_LFXOPrecisionSet
 .text.CMU_UpdateWaitStates
                0x00001268        0xc ./gecko_sdk_4.0.2/platform/emlib/src/em_cmu.o
                0x00001268                CMU_UpdateWaitStates
 .text.CMU_ClockDivSet
                0x00001274      0x104 ./gecko_sdk_4.0.2/platform/emlib/src/em_cmu.o
                0x00001274                CMU_ClockDivSet
 .text.pclkDivMax
                0x00001378        0xa ./gecko_sdk_4.0.2/platform/emlib/src/em_cmu.o
 *fill*         0x00001382        0x2 
 .text.pclkDivOptimize
                0x00001384       0x24 ./gecko_sdk_4.0.2/platform/emlib/src/em_cmu.o
 .text.CMU_ClockSelectSet
                0x000013a8      0x3c4 ./gecko_sdk_4.0.2/platform/emlib/src/em_cmu.o
                0x000013a8                CMU_ClockSelectSet
 .text.CORE_EnterCritical
                0x0000176c        0x8 ./gecko_sdk_4.0.2/platform/emlib/src/em_core.o
                0x0000176c                CORE_EnterCritical
 .text.CORE_ExitCritical
                0x00001774        0x6 ./gecko_sdk_4.0.2/platform/emlib/src/em_core.o
                0x00001774                CORE_ExitCritical
 .text.CORE_EnterAtomic
                0x0000177a        0xc ./gecko_sdk_4.0.2/platform/emlib/src/em_core.o
                0x0000177a                CORE_EnterAtomic
 .text.CORE_ExitAtomic
                0x00001786        0x6 ./gecko_sdk_4.0.2/platform/emlib/src/em_core.o
                0x00001786                CORE_ExitAtomic
 .text.CORE_NvicIRQDisabled
                0x0000178c       0x34 ./gecko_sdk_4.0.2/platform/emlib/src/em_core.o
                0x0000178c                CORE_NvicIRQDisabled
 .text.EMU_EM4Init
                0x000017c0       0x12 ./gecko_sdk_4.0.2/platform/emlib/src/em_emu.o
                0x000017c0                EMU_EM4Init
 .text.EMU_EFPEM01VScale
                0x000017d2        0x2 ./gecko_sdk_4.0.2/platform/emlib/src/em_emu.o
                0x000017d2                EMU_EFPEM01VScale
 .text.EMU_VScaleEM01
                0x000017d4       0xb0 ./gecko_sdk_4.0.2/platform/emlib/src/em_emu.o
                0x000017d4                EMU_VScaleEM01
 .text.EMU_VScaleEM01ByClock
                0x00001884       0x30 ./gecko_sdk_4.0.2/platform/emlib/src/em_emu.o
                0x00001884                EMU_VScaleEM01ByClock
 .text.EMU_DCDCModeSet
                0x000018b4       0x74 ./gecko_sdk_4.0.2/platform/emlib/src/em_emu.o
                0x000018b4                EMU_DCDCModeSet
 .text.EMU_DCDCInit
                0x00001928       0x74 ./gecko_sdk_4.0.2/platform/emlib/src/em_emu.o
                0x00001928                EMU_DCDCInit
 .text.BUS_RegBitWrite
                0x0000199c       0x30 ./gecko_sdk_4.0.2/platform/emlib/src/em_gpio.o
 .text.GPIO_PinOutSet
                0x000019cc       0x54 ./gecko_sdk_4.0.2/platform/emlib/src/em_gpio.o
 .text.GPIO_PinOutClear
                0x00001a20       0x54 ./gecko_sdk_4.0.2/platform/emlib/src/em_gpio.o
 .text.BUS_RegMaskedWrite
                0x00001a74       0x22 ./gecko_sdk_4.0.2/platform/emlib/src/em_gpio.o
 *fill*         0x00001a96        0x2 
 .text.GPIO_ExtIntConfig
                0x00001a98       0xf4 ./gecko_sdk_4.0.2/platform/emlib/src/em_gpio.o
                0x00001a98                GPIO_ExtIntConfig
 .text.GPIO_PinModeSet
                0x00001b8c       0xa0 ./gecko_sdk_4.0.2/platform/emlib/src/em_gpio.o
                0x00001b8c                GPIO_PinModeSet
 .text.USART_BaudrateAsyncSet
                0x00001c2c       0xe0 ./gecko_sdk_4.0.2/platform/emlib/src/em_usart.o
                0x00001c2c                USART_BaudrateAsyncSet
 .text.USART_Enable
                0x00001d0c       0x44 ./gecko_sdk_4.0.2/platform/emlib/src/em_usart.o
                0x00001d0c                USART_Enable
 .text.USART_Reset
                0x00001d50       0x78 ./gecko_sdk_4.0.2/platform/emlib/src/em_usart.o
                0x00001d50                USART_Reset
 .text.USART_InitAsync
                0x00001dc8      0x124 ./gecko_sdk_4.0.2/platform/emlib/src/em_usart.o
                0x00001dc8                USART_InitAsync
 .text.USART_Rx
                0x00001eec        0xc ./gecko_sdk_4.0.2/platform/emlib/src/em_usart.o
                0x00001eec                USART_Rx
 .text.USART_Tx
                0x00001ef8        0xa ./gecko_sdk_4.0.2/platform/emlib/src/em_usart.o
                0x00001ef8                USART_Tx
 *fill*         0x00001f02        0x2 
 .text.sl_device_init_dcdc
                0x00001f04       0x20 ./gecko_sdk_4.0.2/platform/service/device_init/src/sl_device_init_dcdc_s2.o
                0x00001f04                sl_device_init_dcdc
 .text.sl_device_init_emu
                0x00001f24       0x22 ./gecko_sdk_4.0.2/platform/service/device_init/src/sl_device_init_emu_s2.o
                0x00001f24                sl_device_init_emu
 *fill*         0x00001f46        0x2 
 .text.sl_device_init_hfxo
                0x00001f48       0x7c ./gecko_sdk_4.0.2/platform/service/device_init/src/sl_device_init_hfxo_s2.o
                0x00001f48                sl_device_init_hfxo
 .text.sl_device_init_lfxo
                0x00001fc4       0x34 ./gecko_sdk_4.0.2/platform/service/device_init/src/sl_device_init_lfxo_s2.o
                0x00001fc4                sl_device_init_lfxo
 .text.sl_device_init_nvic
                0x00001ff8       0x3c ./gecko_sdk_4.0.2/platform/service/device_init/src/sl_device_init_nvic.o
                0x00001ff8                sl_device_init_nvic
 .text.sl_iostream_set_default
                0x00002034       0x18 ./gecko_sdk_4.0.2/platform/service/iostream/src/sl_iostream.o
                0x00002034                sl_iostream_set_default
 .text.sl_iostream_get_default
                0x0000204c       0x18 ./gecko_sdk_4.0.2/platform/service/iostream/src/sl_iostream.o
                0x0000204c                sl_iostream_get_default
 .text.sl_iostream_write
                0x00002064       0x28 ./gecko_sdk_4.0.2/platform/service/iostream/src/sl_iostream.o
                0x00002064                sl_iostream_write
 .text.sl_iostream_read
                0x0000208c       0x32 ./gecko_sdk_4.0.2/platform/service/iostream/src/sl_iostream.o
                0x0000208c                sl_iostream_read
 .text._close   0x000020be        0x4 ./gecko_sdk_4.0.2/platform/service/iostream/src/sl_iostream_retarget_stdio.o
                0x000020be                _close
 .text._exit    0x000020c2        0x2 ./gecko_sdk_4.0.2/platform/service/iostream/src/sl_iostream_retarget_stdio.o
                0x000020c2                _exit
 .text._fstat   0x000020c4        0xa ./gecko_sdk_4.0.2/platform/service/iostream/src/sl_iostream_retarget_stdio.o
                0x000020c4                _fstat
 .text._isatty  0x000020ce        0x4 ./gecko_sdk_4.0.2/platform/service/iostream/src/sl_iostream_retarget_stdio.o
                0x000020ce                _isatty
 .text._lseek   0x000020d2        0x4 ./gecko_sdk_4.0.2/platform/service/iostream/src/sl_iostream_retarget_stdio.o
                0x000020d2                _lseek
 .text._read    0x000020d6       0x1c ./gecko_sdk_4.0.2/platform/service/iostream/src/sl_iostream_retarget_stdio.o
                0x000020d6                _read
 *fill*         0x000020f2        0x2 
 .text._write   0x000020f4       0x1c ./gecko_sdk_4.0.2/platform/service/iostream/src/sl_iostream_retarget_stdio.o
                0x000020f4                _write
 .text.sl_iostream_stdlib_disable_buffering
                0x00002110       0x14 ./gecko_sdk_4.0.2/platform/service/iostream/src/sl_iostream_stdlib_config.o
                0x00002110                sl_iostream_stdlib_disable_buffering
 .text.set_auto_cr_lf
                0x00002124        0x6 ./gecko_sdk_4.0.2/platform/service/iostream/src/sl_iostream_uart.o
 .text.get_auto_cr_lf
                0x0000212a        0x6 ./gecko_sdk_4.0.2/platform/service/iostream/src/sl_iostream_uart.o
 .text.uart_deinit
                0x00002130       0x56 ./gecko_sdk_4.0.2/platform/service/iostream/src/sl_iostream_uart.o
 .text.nolock_uart_write.isra.0
                0x00002186       0x4e ./gecko_sdk_4.0.2/platform/service/iostream/src/sl_iostream_uart.o
 .text.uart_read
                0x000021d4       0x84 ./gecko_sdk_4.0.2/platform/service/iostream/src/sl_iostream_uart.o
 .text.uart_write
                0x00002258        0xa ./gecko_sdk_4.0.2/platform/service/iostream/src/sl_iostream_uart.o
 *fill*         0x00002262        0x2 
 .text.sli_iostream_uart_context_init
                0x00002264       0xac ./gecko_sdk_4.0.2/platform/service/iostream/src/sl_iostream_uart.o
                0x00002264                sli_iostream_uart_context_init
 .text.sli_uart_is_rx_space_avail
                0x00002310       0x20 ./gecko_sdk_4.0.2/platform/service/iostream/src/sl_iostream_uart.o
                0x00002310                sli_uart_is_rx_space_avail
 .text.sli_uart_push_rxd_data
                0x00002330       0x8c ./gecko_sdk_4.0.2/platform/service/iostream/src/sl_iostream_uart.o
                0x00002330                sli_uart_push_rxd_data
 .text.usart_enable_rx
                0x000023bc        0xc ./gecko_sdk_4.0.2/platform/service/iostream/src/sl_iostream_usart.o
 .text.usart_deinit
                0x000023c8       0x70 ./gecko_sdk_4.0.2/platform/service/iostream/src/sl_iostream_usart.o
 .text.usart_tx
                0x00002438        0xc ./gecko_sdk_4.0.2/platform/service/iostream/src/sl_iostream_usart.o
 .text.sl_iostream_usart_init
                0x00002444      0x178 ./gecko_sdk_4.0.2/platform/service/iostream/src/sl_iostream_usart.o
                0x00002444                sl_iostream_usart_init
 .text.sl_iostream_usart_irq_handler
                0x000025bc       0x30 ./gecko_sdk_4.0.2/platform/service/iostream/src/sl_iostream_usart.o
                0x000025bc                sl_iostream_usart_irq_handler
 .text.sl_system_init
                0x000025ec       0x1a ./gecko_sdk_4.0.2/platform/service/system/src/sl_system_init.o
                0x000025ec                sl_system_init
 .text.sl_system_process_action
                0x00002606       0x16 ./gecko_sdk_4.0.2/platform/service/system/src/sl_system_process_action.o
                0x00002606                sl_system_process_action
 .text.exit     0x0000261c       0x28 c:/siliconlabs/simplicitystudio/v5/developer/toolchains/gnu_arm/10.2_2020q4/bin/../lib/gcc/arm-none-eabi/10.2.1/../../../../arm-none-eabi/lib/thumb/v8-m.main+fp/hard\libc_nano.a(lib_a-exit.o)
                0x0000261c                exit
 .text.getchar  0x00002644       0x24 c:/siliconlabs/simplicitystudio/v5/developer/toolchains/gnu_arm/10.2_2020q4/bin/../lib/gcc/arm-none-eabi/10.2.1/../../../../arm-none-eabi/lib/thumb/v8-m.main+fp/hard\libc_nano.a(lib_a-getchar.o)
                0x00002644                getchar
 .text.__libc_init_array
                0x00002668       0x48 c:/siliconlabs/simplicitystudio/v5/developer/toolchains/gnu_arm/10.2_2020q4/bin/../lib/gcc/arm-none-eabi/10.2.1/../../../../arm-none-eabi/lib/thumb/v8-m.main+fp/hard\libc_nano.a(lib_a-init.o)
                0x00002668                __libc_init_array
 .text.memset   0x000026b0       0x10 c:/siliconlabs/simplicitystudio/v5/developer/toolchains/gnu_arm/10.2_2020q4/bin/../lib/gcc/arm-none-eabi/10.2.1/../../../../arm-none-eabi/lib/thumb/v8-m.main+fp/hard\libc_nano.a(lib_a-memset.o)
                0x000026b0                memset
 .text.printf   0x000026c0       0x30 c:/siliconlabs/simplicitystudio/v5/developer/toolchains/gnu_arm/10.2_2020q4/bin/../lib/gcc/arm-none-eabi/10.2.1/../../../../arm-none-eabi/lib/thumb/v8-m.main+fp/hard\libc_nano.a(lib_a-printf.o)
                0x000026c0                iprintf
                0x000026c0                printf
 .text.setvbuf  0x000026f0      0x188 c:/siliconlabs/simplicitystudio/v5/developer/toolchains/gnu_arm/10.2_2020q4/bin/../lib/gcc/arm-none-eabi/10.2.1/../../../../arm-none-eabi/lib/thumb/v8-m.main+fp/hard\libc_nano.a(lib_a-setvbuf.o)
                0x000026f0                setvbuf
 .text.__sflush_r
                0x00002878      0x108 c:/siliconlabs/simplicitystudio/v5/developer/toolchains/gnu_arm/10.2_2020q4/bin/../lib/gcc/arm-none-eabi/10.2.1/../../../../arm-none-eabi/lib/thumb/v8-m.main+fp/hard\libc_nano.a(lib_a-fflush.o)
                0x00002878                __sflush_r
 .text._fflush_r
                0x00002980       0x78 c:/siliconlabs/simplicitystudio/v5/developer/toolchains/gnu_arm/10.2_2020q4/bin/../lib/gcc/arm-none-eabi/10.2.1/../../../../arm-none-eabi/lib/thumb/v8-m.main+fp/hard\libc_nano.a(lib_a-fflush.o)
                0x00002980                _fflush_r
 .text.fflush   0x000029f8       0x24 c:/siliconlabs/simplicitystudio/v5/developer/toolchains/gnu_arm/10.2_2020q4/bin/../lib/gcc/arm-none-eabi/10.2.1/../../../../arm-none-eabi/lib/thumb/v8-m.main+fp/hard\libc_nano.a(lib_a-fflush.o)
                0x000029f8                fflush
 .text.std      0x00002a1c       0x48 c:/siliconlabs/simplicitystudio/v5/developer/toolchains/gnu_arm/10.2_2020q4/bin/../lib/gcc/arm-none-eabi/10.2.1/../../../../arm-none-eabi/lib/thumb/v8-m.main+fp/hard\libc_nano.a(lib_a-findfp.o)
 .text._cleanup_r
                0x00002a64        0xc c:/siliconlabs/simplicitystudio/v5/developer/toolchains/gnu_arm/10.2_2020q4/bin/../lib/gcc/arm-none-eabi/10.2.1/../../../../arm-none-eabi/lib/thumb/v8-m.main+fp/hard\libc_nano.a(lib_a-findfp.o)
                0x00002a64                _cleanup_r
 .text.__sfmoreglue
                0x00002a70       0x2c c:/siliconlabs/simplicitystudio/v5/developer/toolchains/gnu_arm/10.2_2020q4/bin/../lib/gcc/arm-none-eabi/10.2.1/../../../../arm-none-eabi/lib/thumb/v8-m.main+fp/hard\libc_nano.a(lib_a-findfp.o)
                0x00002a70                __sfmoreglue
 .text.__sfp_lock_acquire
                0x00002a9c        0xc c:/siliconlabs/simplicitystudio/v5/developer/toolchains/gnu_arm/10.2_2020q4/bin/../lib/gcc/arm-none-eabi/10.2.1/../../../../arm-none-eabi/lib/thumb/v8-m.main+fp/hard\libc_nano.a(lib_a-findfp.o)
                0x00002a9c                __sfp_lock_acquire
 .text.__sfp_lock_release
                0x00002aa8        0xc c:/siliconlabs/simplicitystudio/v5/developer/toolchains/gnu_arm/10.2_2020q4/bin/../lib/gcc/arm-none-eabi/10.2.1/../../../../arm-none-eabi/lib/thumb/v8-m.main+fp/hard\libc_nano.a(lib_a-findfp.o)
                0x00002aa8                __sfp_lock_release
 .text.__sinit_lock_acquire
                0x00002ab4        0xc c:/siliconlabs/simplicitystudio/v5/developer/toolchains/gnu_arm/10.2_2020q4/bin/../lib/gcc/arm-none-eabi/10.2.1/../../../../arm-none-eabi/lib/thumb/v8-m.main+fp/hard\libc_nano.a(lib_a-findfp.o)
                0x00002ab4                __sinit_lock_acquire
 .text.__sinit_lock_release
                0x00002ac0        0xc c:/siliconlabs/simplicitystudio/v5/developer/toolchains/gnu_arm/10.2_2020q4/bin/../lib/gcc/arm-none-eabi/10.2.1/../../../../arm-none-eabi/lib/thumb/v8-m.main+fp/hard\libc_nano.a(lib_a-findfp.o)
                0x00002ac0                __sinit_lock_release
 .text.__sinit  0x00002acc       0x70 c:/siliconlabs/simplicitystudio/v5/developer/toolchains/gnu_arm/10.2_2020q4/bin/../lib/gcc/arm-none-eabi/10.2.1/../../../../arm-none-eabi/lib/thumb/v8-m.main+fp/hard\libc_nano.a(lib_a-findfp.o)
                0x00002acc                __sinit
 .text.__sfp    0x00002b3c       0x8c c:/siliconlabs/simplicitystudio/v5/developer/toolchains/gnu_arm/10.2_2020q4/bin/../lib/gcc/arm-none-eabi/10.2.1/../../../../arm-none-eabi/lib/thumb/v8-m.main+fp/hard\libc_nano.a(lib_a-findfp.o)
                0x00002b3c                __sfp
 .text._fwalk   0x00002bc8       0x3a c:/siliconlabs/simplicitystudio/v5/developer/toolchains/gnu_arm/10.2_2020q4/bin/../lib/gcc/arm-none-eabi/10.2.1/../../../../arm-none-eabi/lib/thumb/v8-m.main+fp/hard\libc_nano.a(lib_a-fwalk.o)
                0x00002bc8                _fwalk
 .text._fwalk_reent
                0x00002c02       0x3e c:/siliconlabs/simplicitystudio/v5/developer/toolchains/gnu_arm/10.2_2020q4/bin/../lib/gcc/arm-none-eabi/10.2.1/../../../../arm-none-eabi/lib/thumb/v8-m.main+fp/hard\libc_nano.a(lib_a-fwalk.o)
                0x00002c02                _fwalk_reent
 .text._getc_r  0x00002c40       0x80 c:/siliconlabs/simplicitystudio/v5/developer/toolchains/gnu_arm/10.2_2020q4/bin/../lib/gcc/arm-none-eabi/10.2.1/../../../../arm-none-eabi/lib/thumb/v8-m.main+fp/hard\libc_nano.a(lib_a-getc.o)
                0x00002c40                _getc_r
 .text.__retarget_lock_init_recursive
                0x00002cc0        0x2 c:/siliconlabs/simplicitystudio/v5/developer/toolchains/gnu_arm/10.2_2020q4/bin/../lib/gcc/arm-none-eabi/10.2.1/../../../../arm-none-eabi/lib/thumb/v8-m.main+fp/hard\libc_nano.a(lib_a-lock.o)
                0x00002cc0                __retarget_lock_init_recursive
 .text.__retarget_lock_acquire_recursive
                0x00002cc2        0x2 c:/siliconlabs/simplicitystudio/v5/developer/toolchains/gnu_arm/10.2_2020q4/bin/../lib/gcc/arm-none-eabi/10.2.1/../../../../arm-none-eabi/lib/thumb/v8-m.main+fp/hard\libc_nano.a(lib_a-lock.o)
                0x00002cc2                __retarget_lock_acquire_recursive
 .text.__retarget_lock_release_recursive
                0x00002cc4        0x2 c:/siliconlabs/simplicitystudio/v5/developer/toolchains/gnu_arm/10.2_2020q4/bin/../lib/gcc/arm-none-eabi/10.2.1/../../../../arm-none-eabi/lib/thumb/v8-m.main+fp/hard\libc_nano.a(lib_a-lock.o)
                0x00002cc4                __retarget_lock_release_recursive
 .text.__swhatbuf_r
                0x00002cc6       0x4a c:/siliconlabs/simplicitystudio/v5/developer/toolchains/gnu_arm/10.2_2020q4/bin/../lib/gcc/arm-none-eabi/10.2.1/../../../../arm-none-eabi/lib/thumb/v8-m.main+fp/hard\libc_nano.a(lib_a-makebuf.o)
                0x00002cc6                __swhatbuf_r
 .text.__smakebuf_r
                0x00002d10       0x80 c:/siliconlabs/simplicitystudio/v5/developer/toolchains/gnu_arm/10.2_2020q4/bin/../lib/gcc/arm-none-eabi/10.2.1/../../../../arm-none-eabi/lib/thumb/v8-m.main+fp/hard\libc_nano.a(lib_a-makebuf.o)
                0x00002d10                __smakebuf_r
 .text.malloc   0x00002d90       0x10 c:/siliconlabs/simplicitystudio/v5/developer/toolchains/gnu_arm/10.2_2020q4/bin/../lib/gcc/arm-none-eabi/10.2.1/../../../../arm-none-eabi/lib/thumb/v8-m.main+fp/hard\libc_nano.a(lib_a-malloc.o)
                0x00002d90                malloc
 .text._free_r  0x00002da0       0x98 c:/siliconlabs/simplicitystudio/v5/developer/toolchains/gnu_arm/10.2_2020q4/bin/../lib/gcc/arm-none-eabi/10.2.1/../../../../arm-none-eabi/lib/thumb/v8-m.main+fp/hard\libc_nano.a(lib_a-nano-freer.o)
                0x00002da0                _free_r
 .text._malloc_r
                0x00002e38       0xb4 c:/siliconlabs/simplicitystudio/v5/developer/toolchains/gnu_arm/10.2_2020q4/bin/../lib/gcc/arm-none-eabi/10.2.1/../../../../arm-none-eabi/lib/thumb/v8-m.main+fp/hard\libc_nano.a(lib_a-nano-mallocr.o)
                0x00002e38                _malloc_r
 .text.__sfputc_r
                0x00002eec       0x2e c:/siliconlabs/simplicitystudio/v5/developer/toolchains/gnu_arm/10.2_2020q4/bin/../lib/gcc/arm-none-eabi/10.2.1/../../../../arm-none-eabi/lib/thumb/v8-m.main+fp/hard\libc_nano.a(lib_a-nano-vfprintf.o)
 .text.__sfputs_r
                0x00002f1a       0x24 c:/siliconlabs/simplicitystudio/v5/developer/toolchains/gnu_arm/10.2_2020q4/bin/../lib/gcc/arm-none-eabi/10.2.1/../../../../arm-none-eabi/lib/thumb/v8-m.main+fp/hard\libc_nano.a(lib_a-nano-vfprintf.o)
                0x00002f1a                __sfputs_r
 *fill*         0x00002f3e        0x2 
 .text._vfprintf_r
                0x00002f40      0x260 c:/siliconlabs/simplicitystudio/v5/developer/toolchains/gnu_arm/10.2_2020q4/bin/../lib/gcc/arm-none-eabi/10.2.1/../../../../arm-none-eabi/lib/thumb/v8-m.main+fp/hard\libc_nano.a(lib_a-nano-vfprintf.o)
                0x00002f40                _vfprintf_r
                0x00002f40                _vfiprintf_r
 .text._printf_common
                0x000031a0       0xe0 c:/siliconlabs/simplicitystudio/v5/developer/toolchains/gnu_arm/10.2_2020q4/bin/../lib/gcc/arm-none-eabi/10.2.1/../../../../arm-none-eabi/lib/thumb/v8-m.main+fp/hard\libc_nano.a(lib_a-nano-vfprintf_i.o)
                0x000031a0                _printf_common
 .text._printf_i
                0x00003280      0x24c c:/siliconlabs/simplicitystudio/v5/developer/toolchains/gnu_arm/10.2_2020q4/bin/../lib/gcc/arm-none-eabi/10.2.1/../../../../arm-none-eabi/lib/thumb/v8-m.main+fp/hard\libc_nano.a(lib_a-nano-vfprintf_i.o)
                0x00003280                _printf_i
 .text.__srget_r
                0x000034cc       0x58 c:/siliconlabs/simplicitystudio/v5/developer/toolchains/gnu_arm/10.2_2020q4/bin/../lib/gcc/arm-none-eabi/10.2.1/../../../../arm-none-eabi/lib/thumb/v8-m.main+fp/hard\libc_nano.a(lib_a-rget.o)
                0x000034cc                __srget_r
 .text._sbrk_r  0x00003524       0x20 c:/siliconlabs/simplicitystudio/v5/developer/toolchains/gnu_arm/10.2_2020q4/bin/../lib/gcc/arm-none-eabi/10.2.1/../../../../arm-none-eabi/lib/thumb/v8-m.main+fp/hard\libc_nano.a(lib_a-sbrkr.o)
                0x00003524                _sbrk_r
 .text.__sread  0x00003544       0x22 c:/siliconlabs/simplicitystudio/v5/developer/toolchains/gnu_arm/10.2_2020q4/bin/../lib/gcc/arm-none-eabi/10.2.1/../../../../arm-none-eabi/lib/thumb/v8-m.main+fp/hard\libc_nano.a(lib_a-stdio.o)
                0x00003544                __sread
 .text.__swrite
                0x00003566       0x38 c:/siliconlabs/simplicitystudio/v5/developer/toolchains/gnu_arm/10.2_2020q4/bin/../lib/gcc/arm-none-eabi/10.2.1/../../../../arm-none-eabi/lib/thumb/v8-m.main+fp/hard\libc_nano.a(lib_a-stdio.o)
                0x00003566                __swrite
 .text.__sseek  0x0000359e       0x24 c:/siliconlabs/simplicitystudio/v5/developer/toolchains/gnu_arm/10.2_2020q4/bin/../lib/gcc/arm-none-eabi/10.2.1/../../../../arm-none-eabi/lib/thumb/v8-m.main+fp/hard\libc_nano.a(lib_a-stdio.o)
                0x0000359e                __sseek
 .text.__sclose
                0x000035c2        0x8 c:/siliconlabs/simplicitystudio/v5/developer/toolchains/gnu_arm/10.2_2020q4/bin/../lib/gcc/arm-none-eabi/10.2.1/../../../../arm-none-eabi/lib/thumb/v8-m.main+fp/hard\libc_nano.a(lib_a-stdio.o)
                0x000035c2                __sclose
 *fill*         0x000035ca        0x2 
 .text.__swbuf_r
                0x000035cc       0xa4 c:/siliconlabs/simplicitystudio/v5/developer/toolchains/gnu_arm/10.2_2020q4/bin/../lib/gcc/arm-none-eabi/10.2.1/../../../../arm-none-eabi/lib/thumb/v8-m.main+fp/hard\libc_nano.a(lib_a-wbuf.o)
                0x000035cc                __swbuf_r
 .text._write_r
                0x00003670       0x24 c:/siliconlabs/simplicitystudio/v5/developer/toolchains/gnu_arm/10.2_2020q4/bin/../lib/gcc/arm-none-eabi/10.2.1/../../../../arm-none-eabi/lib/thumb/v8-m.main+fp/hard\libc_nano.a(lib_a-writer.o)
                0x00003670                _write_r
 .text.__swsetup_r
                0x00003694       0xdc c:/siliconlabs/simplicitystudio/v5/developer/toolchains/gnu_arm/10.2_2020q4/bin/../lib/gcc/arm-none-eabi/10.2.1/../../../../arm-none-eabi/lib/thumb/v8-m.main+fp/hard\libc_nano.a(lib_a-wsetup.o)
                0x00003694                __swsetup_r
 .text._close_r
                0x00003770       0x20 c:/siliconlabs/simplicitystudio/v5/developer/toolchains/gnu_arm/10.2_2020q4/bin/../lib/gcc/arm-none-eabi/10.2.1/../../../../arm-none-eabi/lib/thumb/v8-m.main+fp/hard\libc_nano.a(lib_a-closer.o)
                0x00003770                _close_r
 .text._fstat_r
                0x00003790       0x24 c:/siliconlabs/simplicitystudio/v5/developer/toolchains/gnu_arm/10.2_2020q4/bin/../lib/gcc/arm-none-eabi/10.2.1/../../../../arm-none-eabi/lib/thumb/v8-m.main+fp/hard\libc_nano.a(lib_a-fstatr.o)
                0x00003790                _fstat_r
 .text._isatty_r
                0x000037b4       0x20 c:/siliconlabs/simplicitystudio/v5/developer/toolchains/gnu_arm/10.2_2020q4/bin/../lib/gcc/arm-none-eabi/10.2.1/../../../../arm-none-eabi/lib/thumb/v8-m.main+fp/hard\libc_nano.a(lib_a-isattyr.o)
                0x000037b4                _isatty_r
 .text._lseek_r
                0x000037d4       0x24 c:/siliconlabs/simplicitystudio/v5/developer/toolchains/gnu_arm/10.2_2020q4/bin/../lib/gcc/arm-none-eabi/10.2.1/../../../../arm-none-eabi/lib/thumb/v8-m.main+fp/hard\libc_nano.a(lib_a-lseekr.o)
                0x000037d4                _lseek_r
 .text.memchr   0x000037f8       0x1c c:/siliconlabs/simplicitystudio/v5/developer/toolchains/gnu_arm/10.2_2020q4/bin/../lib/gcc/arm-none-eabi/10.2.1/../../../../arm-none-eabi/lib/thumb/v8-m.main+fp/hard\libc_nano.a(lib_a-memchr-stub.o)
                0x000037f8                memchr
 .text.__malloc_lock
                0x00003814        0xc c:/siliconlabs/simplicitystudio/v5/developer/toolchains/gnu_arm/10.2_2020q4/bin/../lib/gcc/arm-none-eabi/10.2.1/../../../../arm-none-eabi/lib/thumb/v8-m.main+fp/hard\libc_nano.a(lib_a-mlock.o)
                0x00003814                __malloc_lock
 .text.__malloc_unlock
                0x00003820        0xc c:/siliconlabs/simplicitystudio/v5/developer/toolchains/gnu_arm/10.2_2020q4/bin/../lib/gcc/arm-none-eabi/10.2.1/../../../../arm-none-eabi/lib/thumb/v8-m.main+fp/hard\libc_nano.a(lib_a-mlock.o)
                0x00003820                __malloc_unlock
 .text._read_r  0x0000382c       0x24 c:/siliconlabs/simplicitystudio/v5/developer/toolchains/gnu_arm/10.2_2020q4/bin/../lib/gcc/arm-none-eabi/10.2.1/../../../../arm-none-eabi/lib/thumb/v8-m.main+fp/hard\libc_nano.a(lib_a-readr.o)
                0x0000382c                _read_r
 .text.lflush   0x00003850       0x12 c:/siliconlabs/simplicitystudio/v5/developer/toolchains/gnu_arm/10.2_2020q4/bin/../lib/gcc/arm-none-eabi/10.2.1/../../../../arm-none-eabi/lib/thumb/v8-m.main+fp/hard\libc_nano.a(lib_a-refill.o)
 *fill*         0x00003862        0x2 
 .text.__srefill_r
                0x00003864      0x114 c:/siliconlabs/simplicitystudio/v5/developer/toolchains/gnu_arm/10.2_2020q4/bin/../lib/gcc/arm-none-eabi/10.2.1/../../../../arm-none-eabi/lib/thumb/v8-m.main+fp/hard\libc_nano.a(lib_a-refill.o)
                0x00003864                __srefill_r
                0x00003978                linker_code_end = .
 *(.init)
 .init          0x00003978        0x4 c:/siliconlabs/simplicitystudio/v5/developer/toolchains/gnu_arm/10.2_2020q4/bin/../lib/gcc/arm-none-eabi/10.2.1/thumb/v8-m.main+fp/hard/crti.o
                0x00003978                _init
 .init          0x0000397c        0x8 c:/siliconlabs/simplicitystudio/v5/developer/toolchains/gnu_arm/10.2_2020q4/bin/../lib/gcc/arm-none-eabi/10.2.1/thumb/v8-m.main+fp/hard/crtn.o
 *(.fini)
 .fini          0x00003984        0x4 c:/siliconlabs/simplicitystudio/v5/developer/toolchains/gnu_arm/10.2_2020q4/bin/../lib/gcc/arm-none-eabi/10.2.1/thumb/v8-m.main+fp/hard/crti.o
                0x00003984                _fini
 .fini          0x00003988        0x8 c:/siliconlabs/simplicitystudio/v5/developer/toolchains/gnu_arm/10.2_2020q4/bin/../lib/gcc/arm-none-eabi/10.2.1/thumb/v8-m.main+fp/hard/crtn.o
 *crtbegin.o(.ctors)
 *crtbegin?.o(.ctors)
 *(EXCLUDE_FILE(*crtend.o *crtend?.o) .ctors)
 *(SORT_BY_NAME(.ctors.*))
 *(.ctors)
 *crtbegin.o(.dtors)
 *crtbegin?.o(.dtors)
 *(EXCLUDE_FILE(*crtend.o *crtend?.o) .dtors)
 *(SORT_BY_NAME(.dtors.*))
 *(.dtors)
 *(.rodata*)
 .rodata.app_process_action.str1.1
                0x00003990        0x8 ./app.o
 .rodata.sl_iostream_usart_init_vcom.str1.1
                0x00003998       0x2e ./autogen/sl_iostream_init_usart_instances.o
 *fill*         0x000039c6        0x2 
 .rodata        0x000039c8       0x3c ./autogen/sl_iostream_init_usart_instances.o
 .rodata.sl_button_btn0
                0x00003a04       0x18 ./autogen/sl_simple_button_instances.o
                0x00003a04                sl_button_btn0
 .rodata.sl_button_btn1
                0x00003a1c       0x18 ./autogen/sl_simple_button_instances.o
                0x00003a1c                sl_button_btn1
 .rodata.GPIO_PinInGet.str1.1
                0x00003a34       0x4c ./gecko_sdk_4.0.2/platform/driver/button/src/sl_simple_button.o
 .rodata.sl_simple_button_init.str1.1
                0x00003a80       0x5d ./gecko_sdk_4.0.2/platform/driver/button/src/sl_simple_button.o
 .rodata.HFRCODPLLDevinfoGet.str1.1
                0x00003add       0x4b ./gecko_sdk_4.0.2/platform/emlib/src/em_cmu.o
 .rodata.CSWTCH.56
                0x00003b28        0x4 ./gecko_sdk_4.0.2/platform/emlib/src/em_cmu.o
 .rodata.CSWTCH.58
                0x00003b2c        0x6 ./gecko_sdk_4.0.2/platform/emlib/src/em_cmu.o
 .rodata.CORE_NvicMaskSetIRQ.str1.1
                0x00003b32       0x4c ./gecko_sdk_4.0.2/platform/emlib/src/em_core.o
 .rodata.EMU_VScaleEM01.str1.1
                0x00003b7e       0x4b ./gecko_sdk_4.0.2/platform/emlib/src/em_emu.o
 .rodata.BUS_RegBitWrite.str1.1
                0x00003bc9       0x4b ./gecko_sdk_4.0.2/platform/emlib/src/em_gpio.o
 .rodata.GPIO_PinOutSet.str1.1
                0x00003c14       0x4c ./gecko_sdk_4.0.2/platform/emlib/src/em_gpio.o
 .rodata.GPIO_ExtIntConfig.str1.1
                0x00003c14       0x4c ./gecko_sdk_4.0.2/platform/emlib/src/em_gpio.o
 .rodata.USART_BaudrateAsyncSet.str1.1
                0x00003c60       0x4d ./gecko_sdk_4.0.2/platform/emlib/src/em_usart.o
 .rodata        0x00003cad        0x8 ./gecko_sdk_4.0.2/platform/service/device_init/src/sl_device_init_dcdc_s2.o
 .rodata        0x00003cb5       0x13 ./gecko_sdk_4.0.2/platform/service/device_init/src/sl_device_init_hfxo_s2.o
 .rodata        0x00003cc8        0xb ./gecko_sdk_4.0.2/platform/service/device_init/src/sl_device_init_lfxo_s2.o
 .rodata._write.str1.1
                0x00003cd3       0x6a ./gecko_sdk_4.0.2/platform/service/iostream/src/sl_iostream_retarget_stdio.o
 .rodata.sli_uart_push_rxd_data.str1.1
                0x00003d3d       0x60 ./gecko_sdk_4.0.2/platform/service/iostream/src/sl_iostream_uart.o
 *fill*         0x00003d9d        0x3 
 .rodata._global_impure_ptr
                0x00003da0        0x4 c:/siliconlabs/simplicitystudio/v5/developer/toolchains/gnu_arm/10.2_2020q4/bin/../lib/gcc/arm-none-eabi/10.2.1/../../../../arm-none-eabi/lib/thumb/v8-m.main+fp/hard\libc_nano.a(lib_a-impure.o)
                0x00003da0                _global_impure_ptr
 .rodata.__sf_fake_stderr
                0x00003da4       0x20 c:/siliconlabs/simplicitystudio/v5/developer/toolchains/gnu_arm/10.2_2020q4/bin/../lib/gcc/arm-none-eabi/10.2.1/../../../../arm-none-eabi/lib/thumb/v8-m.main+fp/hard\libc_nano.a(lib_a-findfp.o)
                0x00003da4                __sf_fake_stderr
 .rodata.__sf_fake_stdin
                0x00003dc4       0x20 c:/siliconlabs/simplicitystudio/v5/developer/toolchains/gnu_arm/10.2_2020q4/bin/../lib/gcc/arm-none-eabi/10.2.1/../../../../arm-none-eabi/lib/thumb/v8-m.main+fp/hard\libc_nano.a(lib_a-findfp.o)
                0x00003dc4                __sf_fake_stdin
 .rodata.__sf_fake_stdout
                0x00003de4       0x20 c:/siliconlabs/simplicitystudio/v5/developer/toolchains/gnu_arm/10.2_2020q4/bin/../lib/gcc/arm-none-eabi/10.2.1/../../../../arm-none-eabi/lib/thumb/v8-m.main+fp/hard\libc_nano.a(lib_a-findfp.o)
                0x00003de4                __sf_fake_stdout
 .rodata._vfprintf_r.str1.1
                0x00003e04       0x11 c:/siliconlabs/simplicitystudio/v5/developer/toolchains/gnu_arm/10.2_2020q4/bin/../lib/gcc/arm-none-eabi/10.2.1/../../../../arm-none-eabi/lib/thumb/v8-m.main+fp/hard\libc_nano.a(lib_a-nano-vfprintf.o)
 .rodata._printf_i.str1.1
                0x00003e15       0x22 c:/siliconlabs/simplicitystudio/v5/developer/toolchains/gnu_arm/10.2_2020q4/bin/../lib/gcc/arm-none-eabi/10.2.1/../../../../arm-none-eabi/lib/thumb/v8-m.main+fp/hard\libc_nano.a(lib_a-nano-vfprintf_i.o)
 *(.eh_frame*)
 *fill*         0x00003e37        0x1 
 .eh_frame      0x00003e38        0x0 c:/siliconlabs/simplicitystudio/v5/developer/toolchains/gnu_arm/10.2_2020q4/bin/../lib/gcc/arm-none-eabi/10.2.1/thumb/v8-m.main+fp/hard/crtbegin.o

.glue_7         0x00003e38        0x0
 .glue_7        0x00003e38        0x0 linker stubs

.glue_7t        0x00003e38        0x0
 .glue_7t       0x00003e38        0x0 linker stubs

.vfp11_veneer   0x00003e38        0x0
 .vfp11_veneer  0x00003e38        0x0 linker stubs

.v4_bx          0x00003e38        0x0
 .v4_bx         0x00003e38        0x0 linker stubs

.iplt           0x00003e38        0x0
 .iplt          0x00003e38        0x0 c:/siliconlabs/simplicitystudio/v5/developer/toolchains/gnu_arm/10.2_2020q4/bin/../lib/gcc/arm-none-eabi/10.2.1/thumb/v8-m.main+fp/hard/crtbegin.o

.ARM.extab
 *(.ARM.extab* .gnu.linkonce.armextab.*)
                0x00003e38                __exidx_start = .

.ARM.exidx      0x00003e38        0x8
 *(.ARM.exidx* .gnu.linkonce.armexidx.*)
 .ARM.exidx     0x00003e38        0x8 c:/siliconlabs/simplicitystudio/v5/developer/toolchains/gnu_arm/10.2_2020q4/bin/../lib/gcc/arm-none-eabi/10.2.1/../../../../arm-none-eabi/lib/thumb/v8-m.main+fp/hard/crt0.o
                                 0x10 (size before relaxing)
                0x00003e40                __exidx_end = .
                0x00003e40                __etext = .

.rel.dyn        0x00003e40        0x0
 .rel.iplt      0x00003e40        0x0 c:/siliconlabs/simplicitystudio/v5/developer/toolchains/gnu_arm/10.2_2020q4/bin/../lib/gcc/arm-none-eabi/10.2.1/thumb/v8-m.main+fp/hard/crtbegin.o
                0x20000000                . = ORIGIN (RAM)

.stack          0x20000000     0x1000
                0x20000000                __StackLimit = .
 *(.stack*)
 .stack         0x20000000        0x0 ./gecko_sdk_4.0.2/platform/Device/SiliconLabs/BGM22/Source/GCC/startup_bgm22.o
 .stack         0x20000000     0x1000 ./gecko_sdk_4.0.2/platform/common/toolchain/src/sl_memory.o
                0x20001000                . = ALIGN (0x4)
                0x20001000                __StackTop = .
                0x20001000                PROVIDE (__stack = __StackTop)

.noinit
 *(.noinit*)

.data           0x20001000       0x98 load address 0x00003e40
                0x20001000                . = ALIGN (0x4)
                0x20001000                __data_start__ = .
 *(vtable)
 *(.data*)
 .data.simple_btn0_context
                0x20001000        0x8 ./autogen/sl_simple_button_instances.o
                0x20001000                simple_btn0_context
 .data.simple_btn1_context
                0x20001008        0x8 ./autogen/sl_simple_button_instances.o
                0x20001008                simple_btn1_context
 .data.level_filter_enabled
                0x20001010        0x1 ./gecko_sdk_4.0.2/app/common/util/app_log/app_log.o
 .data.level_filter_threshold
                0x20001011        0x1 ./gecko_sdk_4.0.2/app/common/util/app_log/app_log.o
 .data.level_mask
                0x20001012        0x1 ./gecko_sdk_4.0.2/app/common/util/app_log/app_log.o
 *fill*         0x20001013        0x1 
 .data.SystemCoreClock
                0x20001014        0x4 ./gecko_sdk_4.0.2/platform/Device/SiliconLabs/BGM22/Source/system_bgm22.o
                0x20001014                SystemCoreClock
 .data.SystemHFRCODPLLClock
                0x20001018        0x4 ./gecko_sdk_4.0.2/platform/Device/SiliconLabs/BGM22/Source/system_bgm22.o
 .data.SystemHFXOClock
                0x2000101c        0x4 ./gecko_sdk_4.0.2/platform/Device/SiliconLabs/BGM22/Source/system_bgm22.o
 .data.SystemLFXOClock
                0x20001020        0x4 ./gecko_sdk_4.0.2/platform/Device/SiliconLabs/BGM22/Source/system_bgm22.o
 .data.heap_end.0
                0x20001024        0x4 ./gecko_sdk_4.0.2/platform/common/toolchain/src/sl_memory.o
 .data.lfxo_precision
                0x20001028        0x2 ./gecko_sdk_4.0.2/platform/emlib/src/em_cmu.o
 *fill*         0x2000102a        0x2 
 .data._impure_ptr
                0x2000102c        0x4 c:/siliconlabs/simplicitystudio/v5/developer/toolchains/gnu_arm/10.2_2020q4/bin/../lib/gcc/arm-none-eabi/10.2.1/../../../../arm-none-eabi/lib/thumb/v8-m.main+fp/hard\libc_nano.a(lib_a-impure.o)
                0x2000102c                _impure_ptr
 .data.impure_data
                0x20001030       0x60 c:/siliconlabs/simplicitystudio/v5/developer/toolchains/gnu_arm/10.2_2020q4/bin/../lib/gcc/arm-none-eabi/10.2.1/../../../../arm-none-eabi/lib/thumb/v8-m.main+fp/hard\libc_nano.a(lib_a-impure.o)
                0x20001090                . = ALIGN (0x4)
                [!provide]                PROVIDE (__ram_func_section_start = .)
 *(.ram)
                [!provide]                PROVIDE (__ram_func_section_end = .)
                0x20001090                . = ALIGN (0x4)
                0x20001090                PROVIDE (__preinit_array_start = .)
 *(.preinit_array)
                0x20001090                PROVIDE (__preinit_array_end = .)
                0x20001090                . = ALIGN (0x4)
                0x20001090                PROVIDE (__init_array_start = .)
 *(SORT_BY_NAME(.init_array.*))
 *(.init_array)
 .init_array    0x20001090        0x4 c:/siliconlabs/simplicitystudio/v5/developer/toolchains/gnu_arm/10.2_2020q4/bin/../lib/gcc/arm-none-eabi/10.2.1/thumb/v8-m.main+fp/hard/crtbegin.o
                0x20001094                PROVIDE (__init_array_end = .)
                0x20001094                . = ALIGN (0x4)
                [!provide]                PROVIDE (__fini_array_start = .)
 *(SORT_BY_NAME(.fini_array.*))
 *(.fini_array)
 .fini_array    0x20001094        0x4 c:/siliconlabs/simplicitystudio/v5/developer/toolchains/gnu_arm/10.2_2020q4/bin/../lib/gcc/arm-none-eabi/10.2.1/thumb/v8-m.main+fp/hard/crtbegin.o
                [!provide]                PROVIDE (__fini_array_end = .)
                0x20001098                . = ALIGN (0x4)
                0x20001098                __data_end__ = .

.igot.plt       0x20001098        0x0 load address 0x00003ed8
 .igot.plt      0x20001098        0x0 c:/siliconlabs/simplicitystudio/v5/developer/toolchains/gnu_arm/10.2_2020q4/bin/../lib/gcc/arm-none-eabi/10.2.1/thumb/v8-m.main+fp/hard/crtbegin.o

.bss            0x20001098      0x430 load address 0x00003ed8
                0x20001098                . = ALIGN (0x4)
                0x20001098                __bss_start__ = .
 *(.bss*)
 .bss           0x20001098       0x1c c:/siliconlabs/simplicitystudio/v5/developer/toolchains/gnu_arm/10.2_2020q4/bin/../lib/gcc/arm-none-eabi/10.2.1/thumb/v8-m.main+fp/hard/crtbegin.o
 .bss.context_vcom
                0x200010b4       0x3c ./autogen/sl_iostream_init_usart_instances.o
 .bss.rx_buffer_vcom
                0x200010f0       0x20 ./autogen/sl_iostream_init_usart_instances.o
 .bss.sl_iostream_vcom
                0x20001110       0x18 ./autogen/sl_iostream_init_usart_instances.o
 .bss.app_log_iostream
                0x20001128        0x4 ./gecko_sdk_4.0.2/app/common/util/app_log/app_log.o
                0x20001128                app_log_iostream
 .bss.level_mask_enabled
                0x2000112c        0x1 ./gecko_sdk_4.0.2/app/common/util/app_log/app_log.o
 *fill*         0x2000112d        0x3 
 .bss.chTable   0x20001130       0x80 ./gecko_sdk_4.0.2/platform/emdrv/dmadrv/src/dmadrv.o
 .bss.dmaXfer   0x200011b0      0x100 ./gecko_sdk_4.0.2/platform/emdrv/dmadrv/src/dmadrv.o
 .bss.gpioCallbacks
                0x200012b0      0x200 ./gecko_sdk_4.0.2/platform/emdrv/gpiointerrupt/src/gpiointerrupt.o
 .bss.ctuneDelta
                0x200014b0        0x1 ./gecko_sdk_4.0.2/platform/emlib/src/em_cmu.o
 .bss.vScaleEM01Config
                0x200014b1        0x1 ./gecko_sdk_4.0.2/platform/emlib/src/em_emu.o
 *fill*         0x200014b2        0x2 
 .bss.sli_iostream_default
                0x200014b4        0x4 ./gecko_sdk_4.0.2/platform/service/iostream/src/sl_iostream.o
 .bss.__lock___malloc_recursive_mutex
                0x200014b8        0x1 c:/siliconlabs/simplicitystudio/v5/developer/toolchains/gnu_arm/10.2_2020q4/bin/../lib/gcc/arm-none-eabi/10.2.1/../../../../arm-none-eabi/lib/thumb/v8-m.main+fp/hard\libc_nano.a(lib_a-lock.o)
                0x200014b8                __lock___malloc_recursive_mutex
 .bss.__lock___sfp_recursive_mutex
                0x200014b9        0x1 c:/siliconlabs/simplicitystudio/v5/developer/toolchains/gnu_arm/10.2_2020q4/bin/../lib/gcc/arm-none-eabi/10.2.1/../../../../arm-none-eabi/lib/thumb/v8-m.main+fp/hard\libc_nano.a(lib_a-lock.o)
                0x200014b9                __lock___sfp_recursive_mutex
 .bss.__lock___sinit_recursive_mutex
                0x200014ba        0x1 c:/siliconlabs/simplicitystudio/v5/developer/toolchains/gnu_arm/10.2_2020q4/bin/../lib/gcc/arm-none-eabi/10.2.1/../../../../arm-none-eabi/lib/thumb/v8-m.main+fp/hard\libc_nano.a(lib_a-lock.o)
                0x200014ba                __lock___sinit_recursive_mutex
 *fill*         0x200014bb        0x1 
 .bss.__malloc_free_list
                0x200014bc        0x4 c:/siliconlabs/simplicitystudio/v5/developer/toolchains/gnu_arm/10.2_2020q4/bin/../lib/gcc/arm-none-eabi/10.2.1/../../../../arm-none-eabi/lib/thumb/v8-m.main+fp/hard\libc_nano.a(lib_a-nano-mallocr.o)
                0x200014bc                __malloc_free_list
 .bss.__malloc_sbrk_start
                0x200014c0        0x4 c:/siliconlabs/simplicitystudio/v5/developer/toolchains/gnu_arm/10.2_2020q4/bin/../lib/gcc/arm-none-eabi/10.2.1/../../../../arm-none-eabi/lib/thumb/v8-m.main+fp/hard\libc_nano.a(lib_a-nano-mallocr.o)
                0x200014c0                __malloc_sbrk_start
 .bss.errno     0x200014c4        0x4 c:/siliconlabs/simplicitystudio/v5/developer/toolchains/gnu_arm/10.2_2020q4/bin/../lib/gcc/arm-none-eabi/10.2.1/../../../../arm-none-eabi/lib/thumb/v8-m.main+fp/hard\libc_nano.a(lib_a-reent.o)
                0x200014c4                errno
 *(COMMON)
                0x200014c8                . = ALIGN (0x4)
                0x200014c8                __bss_end__ = .

.heap           0x200014c8     0x6b38
                0x200014c8                __HeapBase = .
                0x200014c8                __end__ = .
                0x200014c8                end = __end__
                0x200014c8                _end = __end__
 *(.heap*)
 .heap          0x200014c8      0x800 ./gecko_sdk_4.0.2/platform/common/toolchain/src/sl_memory.o
                0x20008000                . = (ORIGIN (RAM) + LENGTH (RAM))
 *fill*         0x20001cc8     0x6338 
                0x20008000                __HeapLimit = .
                0x00006b38                __heap_size = (__HeapLimit - __HeapBase)
                0x0007e000                __main_flash_end__ = 0x7e000

.internal_storage
                0x00003e40        0x0
 *(.internal_storage*)

.nvm            0x00003e40        0x0
 *(.simee*)
                0x0007e000                linker_nvm_end = __main_flash_end__
                0x0007e000                linker_nvm_begin = (linker_nvm_end - SIZEOF (.nvm))
                0x00000000                linker_nvm_size = SIZEOF (.nvm)
                0x0007e000                linker_storage_end = linker_nvm_begin
                0x0007e000                linker_storage_begin = (linker_storage_end - SIZEOF (.internal_storage))
                0x00000000                linker_storage_size = SIZEOF (.internal_storage)
                0x0007e000                __nvm3Base = linker_nvm_begin
OUTPUT(emptyCCC_3.axf elf32-littlearm)
LOAD linker stubs

.ARM.attributes
                0x00000000       0x36
 .ARM.attributes
                0x00000000       0x22 c:/siliconlabs/simplicitystudio/v5/developer/toolchains/gnu_arm/10.2_2020q4/bin/../lib/gcc/arm-none-eabi/10.2.1/thumb/v8-m.main+fp/hard/crti.o
 .ARM.attributes
                0x00000022       0x38 c:/siliconlabs/simplicitystudio/v5/developer/toolchains/gnu_arm/10.2_2020q4/bin/../lib/gcc/arm-none-eabi/10.2.1/thumb/v8-m.main+fp/hard/crtbegin.o
 .ARM.attributes
                0x0000005a       0x20 c:/siliconlabs/simplicitystudio/v5/developer/toolchains/gnu_arm/10.2_2020q4/bin/../lib/gcc/arm-none-eabi/10.2.1/../../../../arm-none-eabi/lib/thumb/v8-m.main+fp/hard/crt0.o
 .ARM.attributes
                0x0000007a       0x3a ./app.o
 .ARM.attributes
                0x000000b4       0x3a ./main.o
 .ARM.attributes
                0x000000ee       0x3a ./autogen/sl_board_default_init.o
 .ARM.attributes
                0x00000128       0x3a ./autogen/sl_device_init_clocks.o
 .ARM.attributes
                0x00000162       0x3a ./autogen/sl_event_handler.o
 .ARM.attributes
                0x0000019c       0x3a ./autogen/sl_iostream_init_usart_instances.o
 .ARM.attributes
                0x000001d6       0x3a ./autogen/sl_simple_button_instances.o
 .ARM.attributes
                0x00000210       0x3a ./gecko_sdk_4.0.2/app/common/util/app_log/app_log.o
 .ARM.attributes
                0x0000024a       0x3a ./gecko_sdk_4.0.2/hardware/board/src/sl_board_control_gpio.o
 .ARM.attributes
                0x00000284       0x3a ./gecko_sdk_4.0.2/hardware/board/src/sl_board_init.o
 .ARM.attributes
                0x000002be       0x3a ./gecko_sdk_4.0.2/platform/Device/SiliconLabs/BGM22/Source/GCC/startup_bgm22.o
 .ARM.attributes
                0x000002f8       0x3a ./gecko_sdk_4.0.2/platform/Device/SiliconLabs/BGM22/Source/system_bgm22.o
 .ARM.attributes
                0x00000332       0x3a ./gecko_sdk_4.0.2/platform/common/toolchain/src/sl_memory.o
 .ARM.attributes
                0x0000036c       0x3a ./gecko_sdk_4.0.2/platform/driver/button/src/sl_button.o
 .ARM.attributes
                0x000003a6       0x3a ./gecko_sdk_4.0.2/platform/driver/button/src/sl_simple_button.o
 .ARM.attributes
                0x000003e0       0x3a ./gecko_sdk_4.0.2/platform/emdrv/dmadrv/src/dmadrv.o
 .ARM.attributes
                0x0000041a       0x3a ./gecko_sdk_4.0.2/platform/emdrv/gpiointerrupt/src/gpiointerrupt.o
 .ARM.attributes
                0x00000454       0x3a ./gecko_sdk_4.0.2/platform/emlib/src/em_assert.o
 .ARM.attributes
                0x0000048e       0x3a ./gecko_sdk_4.0.2/platform/emlib/src/em_cmu.o
 .ARM.attributes
                0x000004c8       0x3a ./gecko_sdk_4.0.2/platform/emlib/src/em_core.o
 .ARM.attributes
                0x00000502       0x3a ./gecko_sdk_4.0.2/platform/emlib/src/em_emu.o
 .ARM.attributes
                0x0000053c       0x3a ./gecko_sdk_4.0.2/platform/emlib/src/em_gpio.o
 .ARM.attributes
                0x00000576       0x3a ./gecko_sdk_4.0.2/platform/emlib/src/em_usart.o
 .ARM.attributes
                0x000005b0       0x3a ./gecko_sdk_4.0.2/platform/service/device_init/src/sl_device_init_dcdc_s2.o
 .ARM.attributes
                0x000005ea       0x3a ./gecko_sdk_4.0.2/platform/service/device_init/src/sl_device_init_emu_s2.o
 .ARM.attributes
                0x00000624       0x3a ./gecko_sdk_4.0.2/platform/service/device_init/src/sl_device_init_hfxo_s2.o
 .ARM.attributes
                0x0000065e       0x3a ./gecko_sdk_4.0.2/platform/service/device_init/src/sl_device_init_lfxo_s2.o
 .ARM.attributes
                0x00000698       0x3a ./gecko_sdk_4.0.2/platform/service/device_init/src/sl_device_init_nvic.o
 .ARM.attributes
                0x000006d2       0x3a ./gecko_sdk_4.0.2/platform/service/iostream/src/sl_iostream.o
 .ARM.attributes
                0x0000070c       0x3a ./gecko_sdk_4.0.2/platform/service/iostream/src/sl_iostream_retarget_stdio.o
 .ARM.attributes
                0x00000746       0x3a ./gecko_sdk_4.0.2/platform/service/iostream/src/sl_iostream_stdlib_config.o
 .ARM.attributes
                0x00000780       0x3a ./gecko_sdk_4.0.2/platform/service/iostream/src/sl_iostream_uart.o
 .ARM.attributes
                0x000007ba       0x3a ./gecko_sdk_4.0.2/platform/service/iostream/src/sl_iostream_usart.o
 .ARM.attributes
                0x000007f4       0x3a ./gecko_sdk_4.0.2/platform/service/system/src/sl_system_init.o
 .ARM.attributes
                0x0000082e       0x3a ./gecko_sdk_4.0.2/platform/service/system/src/sl_system_process_action.o
 .ARM.attributes
                0x00000868       0x38 c:/siliconlabs/simplicitystudio/v5/developer/toolchains/gnu_arm/10.2_2020q4/bin/../lib/gcc/arm-none-eabi/10.2.1/../../../../arm-none-eabi/lib/thumb/v8-m.main+fp/hard\libc_nano.a(lib_a-exit.o)
 .ARM.attributes
                0x000008a0       0x38 c:/siliconlabs/simplicitystudio/v5/developer/toolchains/gnu_arm/10.2_2020q4/bin/../lib/gcc/arm-none-eabi/10.2.1/../../../../arm-none-eabi/lib/thumb/v8-m.main+fp/hard\libc_nano.a(lib_a-getchar.o)
 .ARM.attributes
                0x000008d8       0x36 c:/siliconlabs/simplicitystudio/v5/developer/toolchains/gnu_arm/10.2_2020q4/bin/../lib/gcc/arm-none-eabi/10.2.1/../../../../arm-none-eabi/lib/thumb/v8-m.main+fp/hard\libc_nano.a(lib_a-impure.o)
 .ARM.attributes
                0x0000090e       0x38 c:/siliconlabs/simplicitystudio/v5/developer/toolchains/gnu_arm/10.2_2020q4/bin/../lib/gcc/arm-none-eabi/10.2.1/../../../../arm-none-eabi/lib/thumb/v8-m.main+fp/hard\libc_nano.a(lib_a-init.o)
 .ARM.attributes
                0x00000946       0x38 c:/siliconlabs/simplicitystudio/v5/developer/toolchains/gnu_arm/10.2_2020q4/bin/../lib/gcc/arm-none-eabi/10.2.1/../../../../arm-none-eabi/lib/thumb/v8-m.main+fp/hard\libc_nano.a(lib_a-memset.o)
 .ARM.attributes
                0x0000097e       0x38 c:/siliconlabs/simplicitystudio/v5/developer/toolchains/gnu_arm/10.2_2020q4/bin/../lib/gcc/arm-none-eabi/10.2.1/../../../../arm-none-eabi/lib/thumb/v8-m.main+fp/hard\libc_nano.a(lib_a-printf.o)
 .ARM.attributes
                0x000009b6       0x38 c:/siliconlabs/simplicitystudio/v5/developer/toolchains/gnu_arm/10.2_2020q4/bin/../lib/gcc/arm-none-eabi/10.2.1/../../../../arm-none-eabi/lib/thumb/v8-m.main+fp/hard\libc_nano.a(lib_a-setvbuf.o)
 .ARM.attributes
                0x000009ee       0x38 c:/siliconlabs/simplicitystudio/v5/developer/toolchains/gnu_arm/10.2_2020q4/bin/../lib/gcc/arm-none-eabi/10.2.1/../../../../arm-none-eabi/lib/thumb/v8-m.main+fp/hard\libc_nano.a(lib_a-fflush.o)
 .ARM.attributes
                0x00000a26       0x38 c:/siliconlabs/simplicitystudio/v5/developer/toolchains/gnu_arm/10.2_2020q4/bin/../lib/gcc/arm-none-eabi/10.2.1/../../../../arm-none-eabi/lib/thumb/v8-m.main+fp/hard\libc_nano.a(lib_a-findfp.o)
 .ARM.attributes
                0x00000a5e       0x38 c:/siliconlabs/simplicitystudio/v5/developer/toolchains/gnu_arm/10.2_2020q4/bin/../lib/gcc/arm-none-eabi/10.2.1/../../../../arm-none-eabi/lib/thumb/v8-m.main+fp/hard\libc_nano.a(lib_a-fwalk.o)
 .ARM.attributes
                0x00000a96       0x38 c:/siliconlabs/simplicitystudio/v5/developer/toolchains/gnu_arm/10.2_2020q4/bin/../lib/gcc/arm-none-eabi/10.2.1/../../../../arm-none-eabi/lib/thumb/v8-m.main+fp/hard\libc_nano.a(lib_a-getc.o)
 .ARM.attributes
                0x00000ace       0x38 c:/siliconlabs/simplicitystudio/v5/developer/toolchains/gnu_arm/10.2_2020q4/bin/../lib/gcc/arm-none-eabi/10.2.1/../../../../arm-none-eabi/lib/thumb/v8-m.main+fp/hard\libc_nano.a(lib_a-lock.o)
 .ARM.attributes
                0x00000b06       0x38 c:/siliconlabs/simplicitystudio/v5/developer/toolchains/gnu_arm/10.2_2020q4/bin/../lib/gcc/arm-none-eabi/10.2.1/../../../../arm-none-eabi/lib/thumb/v8-m.main+fp/hard\libc_nano.a(lib_a-makebuf.o)
 .ARM.attributes
                0x00000b3e       0x38 c:/siliconlabs/simplicitystudio/v5/developer/toolchains/gnu_arm/10.2_2020q4/bin/../lib/gcc/arm-none-eabi/10.2.1/../../../../arm-none-eabi/lib/thumb/v8-m.main+fp/hard\libc_nano.a(lib_a-malloc.o)
 .ARM.attributes
                0x00000b76       0x38 c:/siliconlabs/simplicitystudio/v5/developer/toolchains/gnu_arm/10.2_2020q4/bin/../lib/gcc/arm-none-eabi/10.2.1/../../../../arm-none-eabi/lib/thumb/v8-m.main+fp/hard\libc_nano.a(lib_a-nano-freer.o)
 .ARM.attributes
                0x00000bae       0x38 c:/siliconlabs/simplicitystudio/v5/developer/toolchains/gnu_arm/10.2_2020q4/bin/../lib/gcc/arm-none-eabi/10.2.1/../../../../arm-none-eabi/lib/thumb/v8-m.main+fp/hard\libc_nano.a(lib_a-nano-mallocr.o)
 .ARM.attributes
                0x00000be6       0x38 c:/siliconlabs/simplicitystudio/v5/developer/toolchains/gnu_arm/10.2_2020q4/bin/../lib/gcc/arm-none-eabi/10.2.1/../../../../arm-none-eabi/lib/thumb/v8-m.main+fp/hard\libc_nano.a(lib_a-nano-vfprintf.o)
 .ARM.attributes
                0x00000c1e       0x38 c:/siliconlabs/simplicitystudio/v5/developer/toolchains/gnu_arm/10.2_2020q4/bin/../lib/gcc/arm-none-eabi/10.2.1/../../../../arm-none-eabi/lib/thumb/v8-m.main+fp/hard\libc_nano.a(lib_a-nano-vfprintf_i.o)
 .ARM.attributes
                0x00000c56       0x38 c:/siliconlabs/simplicitystudio/v5/developer/toolchains/gnu_arm/10.2_2020q4/bin/../lib/gcc/arm-none-eabi/10.2.1/../../../../arm-none-eabi/lib/thumb/v8-m.main+fp/hard\libc_nano.a(lib_a-rget.o)
 .ARM.attributes
                0x00000c8e       0x38 c:/siliconlabs/simplicitystudio/v5/developer/toolchains/gnu_arm/10.2_2020q4/bin/../lib/gcc/arm-none-eabi/10.2.1/../../../../arm-none-eabi/lib/thumb/v8-m.main+fp/hard\libc_nano.a(lib_a-sbrkr.o)
 .ARM.attributes
                0x00000cc6       0x38 c:/siliconlabs/simplicitystudio/v5/developer/toolchains/gnu_arm/10.2_2020q4/bin/../lib/gcc/arm-none-eabi/10.2.1/../../../../arm-none-eabi/lib/thumb/v8-m.main+fp/hard\libc_nano.a(lib_a-stdio.o)
 .ARM.attributes
                0x00000cfe       0x38 c:/siliconlabs/simplicitystudio/v5/developer/toolchains/gnu_arm/10.2_2020q4/bin/../lib/gcc/arm-none-eabi/10.2.1/../../../../arm-none-eabi/lib/thumb/v8-m.main+fp/hard\libc_nano.a(lib_a-wbuf.o)
 .ARM.attributes
                0x00000d36       0x38 c:/siliconlabs/simplicitystudio/v5/developer/toolchains/gnu_arm/10.2_2020q4/bin/../lib/gcc/arm-none-eabi/10.2.1/../../../../arm-none-eabi/lib/thumb/v8-m.main+fp/hard\libc_nano.a(lib_a-writer.o)
 .ARM.attributes
                0x00000d6e       0x38 c:/siliconlabs/simplicitystudio/v5/developer/toolchains/gnu_arm/10.2_2020q4/bin/../lib/gcc/arm-none-eabi/10.2.1/../../../../arm-none-eabi/lib/thumb/v8-m.main+fp/hard\libc_nano.a(lib_a-wsetup.o)
 .ARM.attributes
                0x00000da6       0x38 c:/siliconlabs/simplicitystudio/v5/developer/toolchains/gnu_arm/10.2_2020q4/bin/../lib/gcc/arm-none-eabi/10.2.1/../../../../arm-none-eabi/lib/thumb/v8-m.main+fp/hard\libc_nano.a(lib_a-closer.o)
 .ARM.attributes
                0x00000dde       0x38 c:/siliconlabs/simplicitystudio/v5/developer/toolchains/gnu_arm/10.2_2020q4/bin/../lib/gcc/arm-none-eabi/10.2.1/../../../../arm-none-eabi/lib/thumb/v8-m.main+fp/hard\libc_nano.a(lib_a-fstatr.o)
 .ARM.attributes
                0x00000e16       0x38 c:/siliconlabs/simplicitystudio/v5/developer/toolchains/gnu_arm/10.2_2020q4/bin/../lib/gcc/arm-none-eabi/10.2.1/../../../../arm-none-eabi/lib/thumb/v8-m.main+fp/hard\libc_nano.a(lib_a-isattyr.o)
 .ARM.attributes
                0x00000e4e       0x38 c:/siliconlabs/simplicitystudio/v5/developer/toolchains/gnu_arm/10.2_2020q4/bin/../lib/gcc/arm-none-eabi/10.2.1/../../../../arm-none-eabi/lib/thumb/v8-m.main+fp/hard\libc_nano.a(lib_a-lseekr.o)
 .ARM.attributes
                0x00000e86       0x38 c:/siliconlabs/simplicitystudio/v5/developer/toolchains/gnu_arm/10.2_2020q4/bin/../lib/gcc/arm-none-eabi/10.2.1/../../../../arm-none-eabi/lib/thumb/v8-m.main+fp/hard\libc_nano.a(lib_a-memchr-stub.o)
 .ARM.attributes
                0x00000ebe       0x38 c:/siliconlabs/simplicitystudio/v5/developer/toolchains/gnu_arm/10.2_2020q4/bin/../lib/gcc/arm-none-eabi/10.2.1/../../../../arm-none-eabi/lib/thumb/v8-m.main+fp/hard\libc_nano.a(lib_a-mlock.o)
 .ARM.attributes
                0x00000ef6       0x38 c:/siliconlabs/simplicitystudio/v5/developer/toolchains/gnu_arm/10.2_2020q4/bin/../lib/gcc/arm-none-eabi/10.2.1/../../../../arm-none-eabi/lib/thumb/v8-m.main+fp/hard\libc_nano.a(lib_a-readr.o)
 .ARM.attributes
                0x00000f2e       0x38 c:/siliconlabs/simplicitystudio/v5/developer/toolchains/gnu_arm/10.2_2020q4/bin/../lib/gcc/arm-none-eabi/10.2.1/../../../../arm-none-eabi/lib/thumb/v8-m.main+fp/hard\libc_nano.a(lib_a-reent.o)
 .ARM.attributes
                0x00000f66       0x38 c:/siliconlabs/simplicitystudio/v5/developer/toolchains/gnu_arm/10.2_2020q4/bin/../lib/gcc/arm-none-eabi/10.2.1/../../../../arm-none-eabi/lib/thumb/v8-m.main+fp/hard\libc_nano.a(lib_a-refill.o)
 .ARM.attributes
                0x00000f9e       0x22 c:/siliconlabs/simplicitystudio/v5/developer/toolchains/gnu_arm/10.2_2020q4/bin/../lib/gcc/arm-none-eabi/10.2.1/thumb/v8-m.main+fp/hard/crtn.o

.comment        0x00000000       0x4d
 .comment       0x00000000       0x4d ./app.o
                                 0x4e (size before relaxing)
 .comment       0x0000004d       0x4e ./main.o
 .comment       0x0000004d       0x4e ./autogen/sl_board_default_init.o
 .comment       0x0000004d       0x4e ./autogen/sl_device_init_clocks.o
 .comment       0x0000004d       0x4e ./autogen/sl_event_handler.o
 .comment       0x0000004d       0x4e ./autogen/sl_iostream_init_usart_instances.o
 .comment       0x0000004d       0x4e ./autogen/sl_simple_button_instances.o
 .comment       0x0000004d       0x4e ./gecko_sdk_4.0.2/app/common/util/app_log/app_log.o
 .comment       0x0000004d       0x4e ./gecko_sdk_4.0.2/hardware/board/src/sl_board_control_gpio.o
 .comment       0x0000004d       0x4e ./gecko_sdk_4.0.2/hardware/board/src/sl_board_init.o
 .comment       0x0000004d       0x4e ./gecko_sdk_4.0.2/platform/Device/SiliconLabs/BGM22/Source/GCC/startup_bgm22.o
 .comment       0x0000004d       0x4e ./gecko_sdk_4.0.2/platform/Device/SiliconLabs/BGM22/Source/system_bgm22.o
 .comment       0x0000004d       0x4e ./gecko_sdk_4.0.2/platform/common/toolchain/src/sl_memory.o
 .comment       0x0000004d       0x4e ./gecko_sdk_4.0.2/platform/driver/button/src/sl_button.o
 .comment       0x0000004d       0x4e ./gecko_sdk_4.0.2/platform/driver/button/src/sl_simple_button.o
 .comment       0x0000004d       0x4e ./gecko_sdk_4.0.2/platform/emdrv/dmadrv/src/dmadrv.o
 .comment       0x0000004d       0x4e ./gecko_sdk_4.0.2/platform/emdrv/gpiointerrupt/src/gpiointerrupt.o
 .comment       0x0000004d       0x4e ./gecko_sdk_4.0.2/platform/emlib/src/em_assert.o
 .comment       0x0000004d       0x4e ./gecko_sdk_4.0.2/platform/emlib/src/em_cmu.o
 .comment       0x0000004d       0x4e ./gecko_sdk_4.0.2/platform/emlib/src/em_core.o
 .comment       0x0000004d       0x4e ./gecko_sdk_4.0.2/platform/emlib/src/em_emu.o
 .comment       0x0000004d       0x4e ./gecko_sdk_4.0.2/platform/emlib/src/em_gpio.o
 .comment       0x0000004d       0x4e ./gecko_sdk_4.0.2/platform/emlib/src/em_usart.o
 .comment       0x0000004d       0x4e ./gecko_sdk_4.0.2/platform/service/device_init/src/sl_device_init_dcdc_s2.o
 .comment       0x0000004d       0x4e ./gecko_sdk_4.0.2/platform/service/device_init/src/sl_device_init_emu_s2.o
 .comment       0x0000004d       0x4e ./gecko_sdk_4.0.2/platform/service/device_init/src/sl_device_init_hfxo_s2.o
 .comment       0x0000004d       0x4e ./gecko_sdk_4.0.2/platform/service/device_init/src/sl_device_init_lfxo_s2.o
 .comment       0x0000004d       0x4e ./gecko_sdk_4.0.2/platform/service/device_init/src/sl_device_init_nvic.o
 .comment       0x0000004d       0x4e ./gecko_sdk_4.0.2/platform/service/iostream/src/sl_iostream.o
 .comment       0x0000004d       0x4e ./gecko_sdk_4.0.2/platform/service/iostream/src/sl_iostream_retarget_stdio.o
 .comment       0x0000004d       0x4e ./gecko_sdk_4.0.2/platform/service/iostream/src/sl_iostream_stdlib_config.o
 .comment       0x0000004d       0x4e ./gecko_sdk_4.0.2/platform/service/iostream/src/sl_iostream_uart.o
 .comment       0x0000004d       0x4e ./gecko_sdk_4.0.2/platform/service/iostream/src/sl_iostream_usart.o
 .comment       0x0000004d       0x4e ./gecko_sdk_4.0.2/platform/service/system/src/sl_system_init.o
 .comment       0x0000004d       0x4e ./gecko_sdk_4.0.2/platform/service/system/src/sl_system_process_action.o

.debug_info     0x00000000    0x252f9
 .debug_info    0x00000000     0x138f ./app.o
 .debug_info    0x0000138f       0xb1 ./main.o
 .debug_info    0x00001440       0x8a ./autogen/sl_board_default_init.o
 .debug_info    0x000014ca      0x388 ./autogen/sl_device_init_clocks.o
 .debug_info    0x00001852     0x132c ./autogen/sl_event_handler.o
 .debug_info    0x00002b7e     0x149a ./autogen/sl_iostream_init_usart_instances.o
 .debug_info    0x00004018      0x367 ./autogen/sl_simple_button_instances.o
 .debug_info    0x0000437f      0x5ba ./gecko_sdk_4.0.2/app/common/util/app_log/app_log.o
 .debug_info    0x00004939      0x3a5 ./gecko_sdk_4.0.2/hardware/board/src/sl_board_control_gpio.o
 .debug_info    0x00004cde      0x27e ./gecko_sdk_4.0.2/hardware/board/src/sl_board_init.o
 .debug_info    0x00004f5c      0x21f ./gecko_sdk_4.0.2/platform/Device/SiliconLabs/BGM22/Source/GCC/startup_bgm22.o
 .debug_info    0x0000517b     0x1370 ./gecko_sdk_4.0.2/platform/Device/SiliconLabs/BGM22/Source/system_bgm22.o
 .debug_info    0x000064eb      0x209 ./gecko_sdk_4.0.2/platform/common/toolchain/src/sl_memory.o
 .debug_info    0x000066f4      0x2da ./gecko_sdk_4.0.2/platform/driver/button/src/sl_button.o
 .debug_info    0x000069ce     0x1a6f ./gecko_sdk_4.0.2/platform/driver/button/src/sl_simple_button.o
 .debug_info    0x0000843d     0x2028 ./gecko_sdk_4.0.2/platform/emdrv/dmadrv/src/dmadrv.o
 .debug_info    0x0000a465     0x1b8d ./gecko_sdk_4.0.2/platform/emdrv/gpiointerrupt/src/gpiointerrupt.o
 .debug_info    0x0000bff2       0x8a ./gecko_sdk_4.0.2/platform/emlib/src/em_assert.o
 .debug_info    0x0000c07c     0x72eb ./gecko_sdk_4.0.2/platform/emlib/src/em_cmu.o
 .debug_info    0x00013367     0x13e0 ./gecko_sdk_4.0.2/platform/emlib/src/em_core.o
 .debug_info    0x00014747     0x39ef ./gecko_sdk_4.0.2/platform/emlib/src/em_emu.o
 .debug_info    0x00018136     0x2195 ./gecko_sdk_4.0.2/platform/emlib/src/em_gpio.o
 .debug_info    0x0001a2cb     0x4035 ./gecko_sdk_4.0.2/platform/emlib/src/em_usart.o
 .debug_info    0x0001e300      0x2ad ./gecko_sdk_4.0.2/platform/service/device_init/src/sl_device_init_dcdc_s2.o
 .debug_info    0x0001e5ad      0x9ab ./gecko_sdk_4.0.2/platform/service/device_init/src/sl_device_init_emu_s2.o
 .debug_info    0x0001ef58      0x830 ./gecko_sdk_4.0.2/platform/service/device_init/src/sl_device_init_hfxo_s2.o
 .debug_info    0x0001f788      0x26d ./gecko_sdk_4.0.2/platform/service/device_init/src/sl_device_init_lfxo_s2.o
 .debug_info    0x0001f9f5      0x892 ./gecko_sdk_4.0.2/platform/service/device_init/src/sl_device_init_nvic.o
 .debug_info    0x00020287      0x565 ./gecko_sdk_4.0.2/platform/service/iostream/src/sl_iostream.o
 .debug_info    0x000207ec      0x5bb ./gecko_sdk_4.0.2/platform/service/iostream/src/sl_iostream_retarget_stdio.o
 .debug_info    0x00020da7      0xa25 ./gecko_sdk_4.0.2/platform/service/iostream/src/sl_iostream_stdlib_config.o
 .debug_info    0x000217cc     0x10ab ./gecko_sdk_4.0.2/platform/service/iostream/src/sl_iostream_uart.o
 .debug_info    0x00022877     0x291d ./gecko_sdk_4.0.2/platform/service/iostream/src/sl_iostream_usart.o
 .debug_info    0x00025194       0xbe ./gecko_sdk_4.0.2/platform/service/system/src/sl_system_init.o
 .debug_info    0x00025252       0xa7 ./gecko_sdk_4.0.2/platform/service/system/src/sl_system_process_action.o

.debug_abbrev   0x00000000     0x45f9
 .debug_abbrev  0x00000000      0x218 ./app.o
 .debug_abbrev  0x00000218       0x61 ./main.o
 .debug_abbrev  0x00000279       0x49 ./autogen/sl_board_default_init.o
 .debug_abbrev  0x000002c2       0xc8 ./autogen/sl_device_init_clocks.o
 .debug_abbrev  0x0000038a      0x1cd ./autogen/sl_event_handler.o
 .debug_abbrev  0x00000557      0x22e ./autogen/sl_iostream_init_usart_instances.o
 .debug_abbrev  0x00000785      0x159 ./autogen/sl_simple_button_instances.o
 .debug_abbrev  0x000008de      0x285 ./gecko_sdk_4.0.2/app/common/util/app_log/app_log.o
 .debug_abbrev  0x00000b63      0x170 ./gecko_sdk_4.0.2/hardware/board/src/sl_board_control_gpio.o
 .debug_abbrev  0x00000cd3       0xe9 ./gecko_sdk_4.0.2/hardware/board/src/sl_board_init.o
 .debug_abbrev  0x00000dbc      0x148 ./gecko_sdk_4.0.2/platform/Device/SiliconLabs/BGM22/Source/GCC/startup_bgm22.o
 .debug_abbrev  0x00000f04      0x274 ./gecko_sdk_4.0.2/platform/Device/SiliconLabs/BGM22/Source/system_bgm22.o
 .debug_abbrev  0x00001178      0x121 ./gecko_sdk_4.0.2/platform/common/toolchain/src/sl_memory.o
 .debug_abbrev  0x00001299      0x134 ./gecko_sdk_4.0.2/platform/driver/button/src/sl_button.o
 .debug_abbrev  0x000013cd      0x337 ./gecko_sdk_4.0.2/platform/driver/button/src/sl_simple_button.o
 .debug_abbrev  0x00001704      0x3a0 ./gecko_sdk_4.0.2/platform/emdrv/dmadrv/src/dmadrv.o
 .debug_abbrev  0x00001aa4      0x38f ./gecko_sdk_4.0.2/platform/emdrv/gpiointerrupt/src/gpiointerrupt.o
 .debug_abbrev  0x00001e33       0x6f ./gecko_sdk_4.0.2/platform/emlib/src/em_assert.o
 .debug_abbrev  0x00001ea2      0x4d5 ./gecko_sdk_4.0.2/platform/emlib/src/em_cmu.o
 .debug_abbrev  0x00002377      0x316 ./gecko_sdk_4.0.2/platform/emlib/src/em_core.o
 .debug_abbrev  0x0000268d      0x4c6 ./gecko_sdk_4.0.2/platform/emlib/src/em_emu.o
 .debug_abbrev  0x00002b53      0x329 ./gecko_sdk_4.0.2/platform/emlib/src/em_gpio.o
 .debug_abbrev  0x00002e7c      0x324 ./gecko_sdk_4.0.2/platform/emlib/src/em_usart.o
 .debug_abbrev  0x000031a0       0xe3 ./gecko_sdk_4.0.2/platform/service/device_init/src/sl_device_init_dcdc_s2.o
 .debug_abbrev  0x00003283      0x13d ./gecko_sdk_4.0.2/platform/service/device_init/src/sl_device_init_emu_s2.o
 .debug_abbrev  0x000033c0      0x172 ./gecko_sdk_4.0.2/platform/service/device_init/src/sl_device_init_hfxo_s2.o
 .debug_abbrev  0x00003532       0xf0 ./gecko_sdk_4.0.2/platform/service/device_init/src/sl_device_init_lfxo_s2.o
 .debug_abbrev  0x00003622      0x147 ./gecko_sdk_4.0.2/platform/service/device_init/src/sl_device_init_nvic.o
 .debug_abbrev  0x00003769      0x23a ./gecko_sdk_4.0.2/platform/service/iostream/src/sl_iostream.o
 .debug_abbrev  0x000039a3      0x19b ./gecko_sdk_4.0.2/platform/service/iostream/src/sl_iostream_retarget_stdio.o
 .debug_abbrev  0x00003b3e      0x1cf ./gecko_sdk_4.0.2/platform/service/iostream/src/sl_iostream_stdlib_config.o
 .debug_abbrev  0x00003d0d      0x4bf ./gecko_sdk_4.0.2/platform/service/iostream/src/sl_iostream_uart.o
 .debug_abbrev  0x000041cc      0x369 ./gecko_sdk_4.0.2/platform/service/iostream/src/sl_iostream_usart.o
 .debug_abbrev  0x00004535       0x62 ./gecko_sdk_4.0.2/platform/service/system/src/sl_system_init.o
 .debug_abbrev  0x00004597       0x62 ./gecko_sdk_4.0.2/platform/service/system/src/sl_system_process_action.o

.debug_loc      0x00000000     0x9444
 .debug_loc     0x00000000      0x120 ./app.o
 .debug_loc     0x00000120       0x20 ./main.o
 .debug_loc     0x00000140       0x20 ./autogen/sl_device_init_clocks.o
 .debug_loc     0x00000160       0xa1 ./autogen/sl_event_handler.o
 .debug_loc     0x00000201       0x68 ./autogen/sl_iostream_init_usart_instances.o
 .debug_loc     0x00000269       0x58 ./autogen/sl_simple_button_instances.o
 .debug_loc     0x000002c1      0x29f ./gecko_sdk_4.0.2/app/common/util/app_log/app_log.o
 .debug_loc     0x00000560      0x20a ./gecko_sdk_4.0.2/hardware/board/src/sl_board_control_gpio.o
 .debug_loc     0x0000076a       0x2c ./gecko_sdk_4.0.2/hardware/board/src/sl_board_init.o
 .debug_loc     0x00000796       0x9c ./gecko_sdk_4.0.2/platform/Device/SiliconLabs/BGM22/Source/GCC/startup_bgm22.o
 .debug_loc     0x00000832       0xc5 ./gecko_sdk_4.0.2/platform/Device/SiliconLabs/BGM22/Source/system_bgm22.o
 .debug_loc     0x000008f7       0x9c ./gecko_sdk_4.0.2/platform/common/toolchain/src/sl_memory.o
 .debug_loc     0x00000993      0x11a ./gecko_sdk_4.0.2/platform/driver/button/src/sl_button.o
 .debug_loc     0x00000aad      0x508 ./gecko_sdk_4.0.2/platform/driver/button/src/sl_simple_button.o
 .debug_loc     0x00000fb5     0x119f ./gecko_sdk_4.0.2/platform/emdrv/dmadrv/src/dmadrv.o
 .debug_loc     0x00002154      0x45d ./gecko_sdk_4.0.2/platform/emdrv/gpiointerrupt/src/gpiointerrupt.o
 .debug_loc     0x000025b1       0x2a ./gecko_sdk_4.0.2/platform/emlib/src/em_assert.o
 .debug_loc     0x000025db     0x30d9 ./gecko_sdk_4.0.2/platform/emlib/src/em_cmu.o
 .debug_loc     0x000056b4      0x8ae ./gecko_sdk_4.0.2/platform/emlib/src/em_core.o
 .debug_loc     0x00005f62      0x7d0 ./gecko_sdk_4.0.2/platform/emlib/src/em_emu.o
 .debug_loc     0x00006732      0xb24 ./gecko_sdk_4.0.2/platform/emlib/src/em_gpio.o
 .debug_loc     0x00007256      0xa2e ./gecko_sdk_4.0.2/platform/emlib/src/em_usart.o
 .debug_loc     0x00007c84       0x2c ./gecko_sdk_4.0.2/platform/service/device_init/src/sl_device_init_dcdc_s2.o
 .debug_loc     0x00007cb0       0x2c ./gecko_sdk_4.0.2/platform/service/device_init/src/sl_device_init_emu_s2.o
 .debug_loc     0x00007cdc       0xba ./gecko_sdk_4.0.2/platform/service/device_init/src/sl_device_init_hfxo_s2.o
 .debug_loc     0x00007d96       0x2c ./gecko_sdk_4.0.2/platform/service/device_init/src/sl_device_init_lfxo_s2.o
 .debug_loc     0x00007dc2       0x6f ./gecko_sdk_4.0.2/platform/service/device_init/src/sl_device_init_nvic.o
 .debug_loc     0x00007e31      0x58d ./gecko_sdk_4.0.2/platform/service/iostream/src/sl_iostream.o
 .debug_loc     0x000083be      0x217 ./gecko_sdk_4.0.2/platform/service/iostream/src/sl_iostream_retarget_stdio.o
 .debug_loc     0x000085d5      0x9bf ./gecko_sdk_4.0.2/platform/service/iostream/src/sl_iostream_uart.o
 .debug_loc     0x00008f94      0x458 ./gecko_sdk_4.0.2/platform/service/iostream/src/sl_iostream_usart.o
 .debug_loc     0x000093ec       0x2c ./gecko_sdk_4.0.2/platform/service/system/src/sl_system_init.o
 .debug_loc     0x00009418       0x2c ./gecko_sdk_4.0.2/platform/service/system/src/sl_system_process_action.o

.debug_aranges  0x00000000      0xb58
 .debug_aranges
                0x00000000       0x28 ./app.o
 .debug_aranges
                0x00000028       0x20 ./main.o
 .debug_aranges
                0x00000048       0x20 ./autogen/sl_board_default_init.o
 .debug_aranges
                0x00000068       0x20 ./autogen/sl_device_init_clocks.o
 .debug_aranges
                0x00000088       0x48 ./autogen/sl_event_handler.o
 .debug_aranges
                0x000000d0       0x30 ./autogen/sl_iostream_init_usart_instances.o
 .debug_aranges
                0x00000100       0x28 ./autogen/sl_simple_button_instances.o
 .debug_aranges
                0x00000128       0x88 ./gecko_sdk_4.0.2/app/common/util/app_log/app_log.o
 .debug_aranges
                0x000001b0       0x58 ./gecko_sdk_4.0.2/hardware/board/src/sl_board_control_gpio.o
 .debug_aranges
                0x00000208       0x28 ./gecko_sdk_4.0.2/hardware/board/src/sl_board_init.o
 .debug_aranges
                0x00000230       0x28 ./gecko_sdk_4.0.2/platform/Device/SiliconLabs/BGM22/Source/GCC/startup_bgm22.o
 .debug_aranges
                0x00000258       0x88 ./gecko_sdk_4.0.2/platform/Device/SiliconLabs/BGM22/Source/system_bgm22.o
 .debug_aranges
                0x000002e0       0x30 ./gecko_sdk_4.0.2/platform/common/toolchain/src/sl_memory.o
 .debug_aranges
                0x00000310       0x48 ./gecko_sdk_4.0.2/platform/driver/button/src/sl_button.o
 .debug_aranges
                0x00000358       0x50 ./gecko_sdk_4.0.2/platform/driver/button/src/sl_simple_button.o
 .debug_aranges
                0x000003a8       0xa8 ./gecko_sdk_4.0.2/platform/emdrv/dmadrv/src/dmadrv.o
 .debug_aranges
                0x00000450       0x48 ./gecko_sdk_4.0.2/platform/emdrv/gpiointerrupt/src/gpiointerrupt.o
 .debug_aranges
                0x00000498       0x20 ./gecko_sdk_4.0.2/platform/emlib/src/em_assert.o
 .debug_aranges
                0x000004b8      0x150 ./gecko_sdk_4.0.2/platform/emlib/src/em_cmu.o
 .debug_aranges
                0x00000608       0xe8 ./gecko_sdk_4.0.2/platform/emlib/src/em_core.o
 .debug_aranges