Archive member included to satisfy reference by file (symbol)

d:/fsoft-iot/simplicity/developer/toolchains/gnu_arm/10.2_2020q4/bin/../lib/gcc/arm-none-eabi/10.2.1/thumb/v8-m.main+fp/hard\libgcc.a(_aeabi_ldivmod.o)
                              ./gecko_sdk_4.0.2/platform/emlib/src/em_eusart.o (__aeabi_ldivmod)
d:/fsoft-iot/simplicity/developer/toolchains/gnu_arm/10.2_2020q4/bin/../lib/gcc/arm-none-eabi/10.2.1/thumb/v8-m.main+fp/hard\libgcc.a(_aeabi_uldivmod.o)
                              ./gecko_sdk_4.0.2/platform/emlib/src/em_eusart.o (__aeabi_uldivmod)
d:/fsoft-iot/simplicity/developer/toolchains/gnu_arm/10.2_2020q4/bin/../lib/gcc/arm-none-eabi/10.2.1/thumb/v8-m.main+fp/hard\libgcc.a(_udivmoddi4.o)
                              d:/fsoft-iot/simplicity/developer/toolchains/gnu_arm/10.2_2020q4/bin/../lib/gcc/arm-none-eabi/10.2.1/thumb/v8-m.main+fp/hard\libgcc.a(_aeabi_ldivmod.o) (__udivmoddi4)
d:/fsoft-iot/simplicity/developer/toolchains/gnu_arm/10.2_2020q4/bin/../lib/gcc/arm-none-eabi/10.2.1/thumb/v8-m.main+fp/hard\libgcc.a(_dvmd_tls.o)
                              d:/fsoft-iot/simplicity/developer/toolchains/gnu_arm/10.2_2020q4/bin/../lib/gcc/arm-none-eabi/10.2.1/thumb/v8-m.main+fp/hard\libgcc.a(_aeabi_ldivmod.o) (__aeabi_ldiv0)
d:/fsoft-iot/simplicity/developer/toolchains/gnu_arm/10.2_2020q4/bin/../lib/gcc/arm-none-eabi/10.2.1/../../../../arm-none-eabi/lib/thumb/v8-m.main+fp/hard\libc_nano.a(lib_a-exit.o)
                              d:/fsoft-iot/simplicity/developer/toolchains/gnu_arm/10.2_2020q4/bin/../lib/gcc/arm-none-eabi/10.2.1/../../../../arm-none-eabi/lib/thumb/v8-m.main+fp/hard/crt0.o (exit)
d:/fsoft-iot/simplicity/developer/toolchains/gnu_arm/10.2_2020q4/bin/../lib/gcc/arm-none-eabi/10.2.1/../../../../arm-none-eabi/lib/thumb/v8-m.main+fp/hard\libc_nano.a(lib_a-getchar.o)
                              ./app.o (getchar)
d:/fsoft-iot/simplicity/developer/toolchains/gnu_arm/10.2_2020q4/bin/../lib/gcc/arm-none-eabi/10.2.1/../../../../arm-none-eabi/lib/thumb/v8-m.main+fp/hard\libc_nano.a(lib_a-impure.o)
                              d:/fsoft-iot/simplicity/developer/toolchains/gnu_arm/10.2_2020q4/bin/../lib/gcc/arm-none-eabi/10.2.1/../../../../arm-none-eabi/lib/thumb/v8-m.main+fp/hard\libc_nano.a(lib_a-exit.o) (_global_impure_ptr)
d:/fsoft-iot/simplicity/developer/toolchains/gnu_arm/10.2_2020q4/bin/../lib/gcc/arm-none-eabi/10.2.1/../../../../arm-none-eabi/lib/thumb/v8-m.main+fp/hard\libc_nano.a(lib_a-init.o)
                              d:/fsoft-iot/simplicity/developer/toolchains/gnu_arm/10.2_2020q4/bin/../lib/gcc/arm-none-eabi/10.2.1/../../../../arm-none-eabi/lib/thumb/v8-m.main+fp/hard/crt0.o (__libc_init_array)
d:/fsoft-iot/simplicity/developer/toolchains/gnu_arm/10.2_2020q4/bin/../lib/gcc/arm-none-eabi/10.2.1/../../../../arm-none-eabi/lib/thumb/v8-m.main+fp/hard\libc_nano.a(lib_a-memcpy-stub.o)
                              ./gecko_sdk_4.0.2/platform/emdrv/uartdrv/src/uartdrv.o (memcpy)
d:/fsoft-iot/simplicity/developer/toolchains/gnu_arm/10.2_2020q4/bin/../lib/gcc/arm-none-eabi/10.2.1/../../../../arm-none-eabi/lib/thumb/v8-m.main+fp/hard\libc_nano.a(lib_a-memset.o)
                              d:/fsoft-iot/simplicity/developer/toolchains/gnu_arm/10.2_2020q4/bin/../lib/gcc/arm-none-eabi/10.2.1/../../../../arm-none-eabi/lib/thumb/v8-m.main+fp/hard/crt0.o (memset)
d:/fsoft-iot/simplicity/developer/toolchains/gnu_arm/10.2_2020q4/bin/../lib/gcc/arm-none-eabi/10.2.1/../../../../arm-none-eabi/lib/thumb/v8-m.main+fp/hard\libc_nano.a(lib_a-printf.o)
                              ./app.o (printf)
d:/fsoft-iot/simplicity/developer/toolchains/gnu_arm/10.2_2020q4/bin/../lib/gcc/arm-none-eabi/10.2.1/../../../../arm-none-eabi/lib/thumb/v8-m.main+fp/hard\libc_nano.a(lib_a-setvbuf.o)
                              ./gecko_sdk_4.0.2/platform/service/iostream/src/sl_iostream_stdlib_config.o (setvbuf)
d:/fsoft-iot/simplicity/developer/toolchains/gnu_arm/10.2_2020q4/bin/../lib/gcc/arm-none-eabi/10.2.1/../../../../arm-none-eabi/lib/thumb/v8-m.main+fp/hard\libc_nano.a(lib_a-strcmp.o)
                              ./autogen/sl_iostream_handles.o (strcmp)
d:/fsoft-iot/simplicity/developer/toolchains/gnu_arm/10.2_2020q4/bin/../lib/gcc/arm-none-eabi/10.2.1/../../../../arm-none-eabi/lib/thumb/v8-m.main+fp/hard\libc_nano.a(lib_a-vprintf.o)
                              ./gecko_sdk_4.0.2/platform/service/iostream/src/sl_iostream.o (vprintf)
d:/fsoft-iot/simplicity/developer/toolchains/gnu_arm/10.2_2020q4/bin/../lib/gcc/arm-none-eabi/10.2.1/../../../../arm-none-eabi/lib/thumb/v8-m.main+fp/hard\libc_nano.a(lib_a-fflush.o)
                              d:/fsoft-iot/simplicity/developer/toolchains/gnu_arm/10.2_2020q4/bin/../lib/gcc/arm-none-eabi/10.2.1/../../../../arm-none-eabi/lib/thumb/v8-m.main+fp/hard\libc_nano.a(lib_a-setvbuf.o) (_fflush_r)
[...]
Memory Configuration

Name             Origin             Length             Attributes
FLASH            0x00000000         0x0007e000         xr
RAM              0x20000000         0x00008000         xrw
*default*        0x00000000         0xffffffff

Linker script and memory map

LOAD d:/fsoft-iot/simplicity/developer/toolchains/gnu_arm/10.2_2020q4/bin/../lib/gcc/arm-none-eabi/10.2.1/thumb/v8-m.main+fp/hard/crti.o
LOAD d:/fsoft-iot/simplicity/developer/toolchains/gnu_arm/10.2_2020q4/bin/../lib/gcc/arm-none-eabi/10.2.1/thumb/v8-m.main+fp/hard/crtbegin.o
LOAD d:/fsoft-iot/simplicity/developer/toolchains/gnu_arm/10.2_2020q4/bin/../lib/gcc/arm-none-eabi/10.2.1/../../../../arm-none-eabi/lib/thumb/v8-m.main+fp/hard/crt0.o
START GROUP
LOAD ./app.o
LOAD ./main.o
LOAD ./autogen/sl_board_default_init.o
LOAD ./autogen/sl_device_init_clocks.o
LOAD ./autogen/sl_event_handler.o
LOAD ./autogen/sl_iostream_handles.o
LOAD ./autogen/sl_iostream_init_usart_instances.o
LOAD ./autogen/sl_simple_button_instances.o
LOAD ./gecko_sdk_4.0.2/app/common/util/app_log/app_log.o
LOAD ./gecko_sdk_4.0.2/hardware/board/src/sl_board_control_gpio.o
LOAD ./gecko_sdk_4.0.2/hardware/board/src/sl_board_init.o
LOAD ./gecko_sdk_4.0.2/platform/Device/SiliconLabs/BGM22/Source/GCC/startup_bgm22.o
LOAD ./gecko_sdk_4.0.2/platform/Device/SiliconLabs/BGM22/Source/system_bgm22.o
LOAD ./gecko_sdk_4.0.2/platform/common/toolchain/src/sl_memory.o
LOAD ./gecko_sdk_4.0.2/platform/driver/button/src/sl_button.o
LOAD ./gecko_sdk_4.0.2/platform/driver/button/src/sl_simple_button.o
LOAD ./gecko_sdk_4.0.2/platform/emdrv/dmadrv/src/dmadrv.o
LOAD ./gecko_sdk_4.0.2/platform/emdrv/gpiointerrupt/src/gpiointerrupt.o
LOAD ./gecko_sdk_4.0.2/platform/emdrv/uartdrv/src/uartdrv.o
LOAD ./gecko_sdk_4.0.2/platform/emlib/src/em_assert.o
LOAD ./gecko_sdk_4.0.2/platform/emlib/src/em_cmu.o
LOAD ./gecko_sdk_4.0.2/platform/emlib/src/em_core.o
LOAD ./gecko_sdk_4.0.2/platform/emlib/src/em_emu.o
LOAD ./gecko_sdk_4.0.2/platform/emlib/src/em_eusart.o
LOAD ./gecko_sdk_4.0.2/platform/emlib/src/em_gpio.o
LOAD ./gecko_sdk_4.0.2/platform/emlib/src/em_ldma.o
LOAD ./gecko_sdk_4.0.2/platform/emlib/src/em_system.o
LOAD ./gecko_sdk_4.0.2/platform/emlib/src/em_usart.o
LOAD ./gecko_sdk_4.0.2/platform/service/device_init/src/sl_device_init_dcdc_s2.o
LOAD ./gecko_sdk_4.0.2/platform/service/device_init/src/sl_device_init_emu_s2.o
LOAD ./gecko_sdk_4.0.2/platform/service/device_init/src/sl_device_init_hfxo_s2.o
LOAD ./gecko_sdk_4.0.2/platform/service/device_init/src/sl_device_init_lfxo_s2.o
LOAD ./gecko_sdk_4.0.2/platform/service/device_init/src/sl_device_init_nvic.o
LOAD ./gecko_sdk_4.0.2/platform/service/iostream/src/sl_iostream.o
LOAD ./gecko_sdk_4.0.2/platform/service/iostream/src/sl_iostream_retarget_stdio.o
LOAD ./gecko_sdk_4.0.2/platform/service/iostream/src/sl_iostream_stdlib_config.o
LOAD ./gecko_sdk_4.0.2/platform/service/iostream/src/sl_iostream_uart.o
LOAD ./gecko_sdk_4.0.2/platform/service/iostream/src/sl_iostream_usart.o
LOAD ./gecko_sdk_4.0.2/platform/service/system/src/sl_system_init.o
LOAD ./gecko_sdk_4.0.2/platform/service/system/src/sl_system_process_action.o
LOAD d:/fsoft-iot/simplicity/developer/toolchains/gnu_arm/10.2_2020q4/bin/../lib/gcc/arm-none-eabi/10.2.1/thumb/v8-m.main+fp/hard\libgcc.a
LOAD d:/fsoft-iot/simplicity/developer/toolchains/gnu_arm/10.2_2020q4/bin/../lib/gcc/arm-none-eabi/10.2.1/../../../../arm-none-eabi/lib/thumb/v8-m.main+fp/hard\libc_nano.a
LOAD d:/fsoft-iot/simplicity/developer/toolchains/gnu_arm/10.2_2020q4/bin/../lib/gcc/arm-none-eabi/10.2.1/../../../../arm-none-eabi/lib/thumb/v8-m.main+fp/hard\libm.a
LOAD d:/fsoft-iot/simplicity/developer/toolchains/gnu_arm/10.2_2020q4/bin/../lib/gcc/arm-none-eabi/10.2.1/../../../../arm-none-eabi/lib/thumb/v8-m.main+fp/hard\libnosys.a
END GROUP
START GROUP
LOAD d:/fsoft-iot/simplicity/developer/toolchains/gnu_arm/10.2_2020q4/bin/../lib/gcc/arm-none-eabi/10.2.1/thumb/v8-m.main+fp/hard\libgcc.a
LOAD d:/fsoft-iot/simplicity/developer/toolchains/gnu_arm/10.2_2020q4/bin/../lib/gcc/arm-none-eabi/10.2.1/../../../../arm-none-eabi/lib/thumb/v8-m.main+fp/hard\libc_nano.a
LOAD d:/fsoft-iot/simplicity/developer/toolchains/gnu_arm/10.2_2020q4/bin/../lib/gcc/arm-none-eabi/10.2.1/../../../../arm-none-eabi/lib/thumb/v8-m.main+fp/hard\libnosys.a
END GROUP
START GROUP
LOAD d:/fsoft-iot/simplicity/developer/toolchains/gnu_arm/10.2_2020q4/bin/../lib/gcc/arm-none-eabi/10.2.1/thumb/v8-m.main+fp/hard\libgcc.a
LOAD d:/fsoft-iot/simplicity/developer/toolchains/gnu_arm/10.2_2020q4/bin/../lib/gcc/arm-none-eabi/10.2.1/../../../../arm-none-eabi/lib/thumb/v8-m.main+fp/hard\libg_nano.a
LOAD d:/fsoft-iot/simplicity/developer/toolchains/gnu_arm/10.2_2020q4/bin/../lib/gcc/arm-none-eabi/10.2.1/../../../../arm-none-eabi/lib/thumb/v8-m.main+fp/hard\libc_nano.a
END GROUP
START GROUP
LOAD d:/fsoft-iot/simplicity/developer/toolchains/gnu_arm/10.2_2020q4/bin/../lib/gcc/arm-none-eabi/10.2.1/thumb/v8-m.main+fp/hard\libgcc.a
LOAD d:/fsoft-iot/simplicity/developer/toolchains/gnu_arm/10.2_2020q4/bin/../lib/gcc/arm-none-eabi/10.2.1/../../../../arm-none-eabi/lib/thumb/v8-m.main+fp/hard\libc_nano.a
END GROUP
LOAD d:/fsoft-iot/simplicity/developer/toolchains/gnu_arm/10.2_2020q4/bin/../lib/gcc/arm-none-eabi/10.2.1/thumb/v8-m.main+fp/hard/crtend.o
LOAD d:/fsoft-iot/simplicity/developer/toolchains/gnu_arm/10.2_2020q4/bin/../lib/gcc/arm-none-eabi/10.2.1/thumb/v8-m.main+fp/hard/crtn.o

.text           0x00000000     0x3e20
                0x00000000                linker_vectors_begin = .
 *(.vectors)
 .vectors       0x00000000      0x140 ./gecko_sdk_4.0.2/platform/Device/SiliconLabs/BGM22/Source/GCC/startup_bgm22.o
                0x00000000                __Vectors
                0x00000140                linker_vectors_end = .
                0x00000140                __Vectors_End = .
                0x00000140                __Vectors_Size = (__Vectors_End - __Vectors)
                0x00000140                linker_code_begin = .
 *(.text*)
 .text          0x00000140       0x40 d:/fsoft-iot/simplicity/developer/toolchains/gnu_arm/10.2_2020q4/bin/../lib/gcc/arm-none-eabi/10.2.1/thumb/v8-m.main+fp/hard/crtbegin.o
 .text          0x00000180       0x7c d:/fsoft-iot/simplicity/developer/toolchains/gnu_arm/10.2_2020q4/bin/../lib/gcc/arm-none-eabi/10.2.1/../../../../arm-none-eabi/lib/thumb/v8-m.main+fp/hard/crt0.o
                0x00000180                _stack_init
                0x00000188                _start
                0x00000188                _mainCRTStartup
 .text.app_init
                0x000001fc        0x2 ./app.o
                0x000001fc                app_init
 *fill*         0x000001fe        0x2 
 .text.app_process_action
                0x00000200       0x2c ./app.o
                0x00000200                app_process_action
 .text.startup.main
                0x0000022c       0x14 ./main.o
                0x0000022c                main
 .text.sl_board_default_init
                0x00000240        0x2 ./autogen/sl_board_default_init.o
                0x00000240                sl_board_default_init
 .text.sl_device_init_clocks
                0x00000242       0x46 ./autogen/sl_device_init_clocks.o
                0x00000242                sl_device_init_clocks
 .text.sl_platform_init
                0x00000288       0x60 ./autogen/sl_event_handler.o
                0x00000288                sl_platform_init
 .text.sl_driver_init
                0x000002e8        0xe ./autogen/sl_event_handler.o
                0x000002e8                sl_driver_init
 .text.sl_service_init
                0x000002f6       0x12 ./autogen/sl_event_handler.o
                0x000002f6                sl_service_init
 .text.sl_stack_init
                0x00000308        0x2 ./autogen/sl_event_handler.o
                0x00000308                sl_stack_init
 .text.sl_internal_app_init
                0x0000030a        0x4 ./autogen/sl_event_handler.o
                0x0000030a                sl_internal_app_init
 .text.sl_platform_process_action
                0x0000030e        0x2 ./autogen/sl_event_handler.o
                0x0000030e                sl_platform_process_action
 .text.sl_service_process_action
                0x00000310        0x2 ./autogen/sl_event_handler.o
                0x00000310                sl_service_process_action
 .text.sl_stack_process_action
                0x00000312        0x2 ./autogen/sl_event_handler.o
                0x00000312                sl_stack_process_action
 .text.sl_internal_app_process_action
                0x00000314        0x2 ./autogen/sl_event_handler.o
                0x00000314                sl_internal_app_process_action
 *fill*         0x00000316        0x2 
 .text.sl_iostream_usart_init_vcom
                0x00000318       0x64 ./autogen/sl_iostream_init_usart_instances.o
                0x00000318                sl_iostream_usart_init_vcom
 .text.sl_iostream_usart_init_instances
                0x0000037c        0x4 ./autogen/sl_iostream_init_usart_instances.o
                0x0000037c                sl_iostream_usart_init_instances
 .text.USART1_RX_IRQHandler
                0x00000380        0xc ./autogen/sl_iostream_init_usart_instances.o
                0x00000380                USART1_RX_IRQHandler
 .text.USART1_TX_IRQHandler
                0x0000038c        0x4 ./autogen/sl_iostream_init_usart_instances.o
                0x0000038c                USART1_TX_IRQHandler
 .text.sl_simple_button_init_instances
                0x00000390        0xc ./autogen/sl_simple_button_instances.o
                0x00000390                sl_simple_button_init_instances
 .text.app_log_init
                0x0000039c       0x38 ./gecko_sdk_4.0.2/app/common/util/app_log/app_log.o
                0x0000039c                app_log_init
 .text.sl_board_configure_vcom
                0x000003d4        0x4 ./gecko_sdk_4.0.2/hardware/board/src/sl_board_control_gpio.o
                0x000003d4                sl_board_configure_vcom
 .text.sl_board_init
                0x000003d8       0x12 ./gecko_sdk_4.0.2/hardware/board/src/sl_board_init.o
                0x000003d8                sl_board_init
 .text.sl_board_preinit
                0x000003ea        0x8 ./gecko_sdk_4.0.2/hardware/board/src/sl_board_init.o
                0x000003ea                sl_board_preinit
 .text.Default_Handler
                0x000003f2        0x2 ./gecko_sdk_4.0.2/platform/Device/SiliconLabs/BGM22/Source/GCC/startup_bgm22.o
                0x000003f2                ULFRCO_IRQHandler
                0x000003f2                SW2_IRQHandler
                0x000003f2                TIMER2_IRQHandler
                0x000003f2                DebugMon_Handler
                0x000003f2                PKE_IRQHandler
                0x000003f2                USART0_TX_IRQHandler
                0x000003f2                PRORTC_IRQHandler
                0x000003f2                IADC_IRQHandler
                0x000003f2                I2C0_IRQHandler
                0x000003f2                LFXO_IRQHandler
                0x000003f2                CRYPTOACC_IRQHandler
                0x000003f2                HardFault_Handler
                0x000003f2                SMU_SECURE_IRQHandler
                0x000003f2                SysTick_Handler
                0x000003f2                EMUEFP_IRQHandler
                0x000003f2                PendSV_Handler
                0x000003f2                NMI_Handler
                0x000003f2                SYNTH_IRQHandler
                0x000003f2                HFXO0_IRQHandler
                0x000003f2                I2C1_IRQHandler
                0x000003f2                PDM_IRQHandler
                0x000003f2                WDOG0_IRQHandler
                0x000003f2                TIMER3_IRQHandler
                0x000003f2                SYSCFG_IRQHandler
                0x000003f2                EMUSE_IRQHandler
                0x000003f2                EMUDG_IRQHandler
                0x000003f2                SMU_PRIVILEGED_IRQHandler
                0x000003f2                MSC_IRQHandler
                0x000003f2                DPLL0_IRQHandler
                0x000003f2                UsageFault_Handler
                0x000003f2                M33CTI1_IRQHandler
                0x000003f2                TIMER4_IRQHandler
                0x000003f2                SW0_IRQHandler
                0x000003f2                TIMER0_IRQHandler
                0x000003f2                LETIMER0_IRQHandler
                0x000003f2                TIMER1_IRQHandler
                0x000003f2                HFRCO0_IRQHandler
                0x000003f2                RFSENSE_IRQHandler
                0x000003f2                BUFC_IRQHandler
                0x000003f2                DCDC_IRQHandler
                0x000003f2                MODEM_IRQHandler
                0x000003f2                Default_Handler
                0x000003f2                RAC_SEQ_IRQHandler
                0x000003f2                FRC_PRI_IRQHandler
                0x000003f2                EMU_IRQHandler
                0x000003f2                SW3_IRQHandler
                0x000003f2                KERNEL0_IRQHandler
                0x000003f2                FRC_IRQHandler
                0x000003f2                KERNEL1_IRQHandler
                0x000003f2                AGC_IRQHandler
                0x000003f2                sl_app_properties
                0x000003f2                BURTC_IRQHandler
                0x000003f2                LFRCO_IRQHandler
                0x000003f2                USART0_RX_IRQHandler
                0x000003f2                MemManage_Handler
                0x000003f2                RDMAILBOX_IRQHandler
                0x000003f2                SVC_Handler
                0x000003f2                RTCC_IRQHandler
                0x000003f2                SW1_IRQHandler
                0x000003f2                CMU_IRQHandler
                0x000003f2                RAC_RSM_IRQHandler
                0x000003f2                EUART0_TX_IRQHandler
                0x000003f2                EUART0_RX_IRQHandler
                0x000003f2                AES_IRQHandler
                0x000003f2                M33CTI0_IRQHandler
                0x000003f2                ICACHE0_IRQHandler
                0x000003f2                SMU_NS_PRIVILEGED_IRQHandler
                0x000003f2                PROTIMER_IRQHandler
                0x000003f2                BusFault_Handler
                0x000003f2                TRNG_IRQHandler
 .text.Reset_Handler
                0x000003f4       0x2c ./gecko_sdk_4.0.2/platform/Device/SiliconLabs/BGM22/Source/GCC/startup_bgm22.o
                0x000003f4                Reset_Handler
 .text.SystemInit
                0x00000420       0x1c ./gecko_sdk_4.0.2/platform/Device/SiliconLabs/BGM22/Source/system_bgm22.o
                0x00000420                SystemInit
 .text.SystemHFRCODPLLClockGet
                0x0000043c        0xc ./gecko_sdk_4.0.2/platform/Device/SiliconLabs/BGM22/Source/system_bgm22.o
                0x0000043c                SystemHFRCODPLLClockGet
 .text.SystemSYSCLKGet
                0x00000448       0x34 ./gecko_sdk_4.0.2/platform/Device/SiliconLabs/BGM22/Source/system_bgm22.o
                0x00000448                SystemSYSCLKGet
 .text.SystemHCLKGet
                0x0000047c       0x24 ./gecko_sdk_4.0.2/platform/Device/SiliconLabs/BGM22/Source/system_bgm22.o
                0x0000047c                SystemHCLKGet
 .text.SystemMaxCoreClockGet
                0x000004a0        0x8 ./gecko_sdk_4.0.2/platform/Device/SiliconLabs/BGM22/Source/system_bgm22.o
                0x000004a0                SystemMaxCoreClockGet
 .text.SystemHFXOClockGet
                0x000004a8        0xc ./gecko_sdk_4.0.2/platform/Device/SiliconLabs/BGM22/Source/system_bgm22.o
                0x000004a8                SystemHFXOClockGet
 .text.SystemHFXOClockSet
                0x000004b4       0x20 ./gecko_sdk_4.0.2/platform/Device/SiliconLabs/BGM22/Source/system_bgm22.o
                0x000004b4                SystemHFXOClockSet
 .text.SystemCLKIN0Get
                0x000004d4        0x4 ./gecko_sdk_4.0.2/platform/Device/SiliconLabs/BGM22/Source/system_bgm22.o
                0x000004d4                SystemCLKIN0Get
 .text.SystemFSRCOClockGet
                0x000004d8        0x8 ./gecko_sdk_4.0.2/platform/Device/SiliconLabs/BGM22/Source/system_bgm22.o
                0x000004d8                SystemFSRCOClockGet
 .text.SystemLFRCOClockGet
                0x000004e0        0x6 ./gecko_sdk_4.0.2/platform/Device/SiliconLabs/BGM22/Source/system_bgm22.o
                0x000004e0                SystemLFRCOClockGet
 .text.SystemULFRCOClockGet
                0x000004e6        0x6 ./gecko_sdk_4.0.2/platform/Device/SiliconLabs/BGM22/Source/system_bgm22.o
                0x000004e6                SystemULFRCOClockGet
 .text.SystemLFXOClockGet
                0x000004ec        0xc ./gecko_sdk_4.0.2/platform/Device/SiliconLabs/BGM22/Source/system_bgm22.o
                0x000004ec                SystemLFXOClockGet
 .text._sbrk    0x000004f8       0x20 ./gecko_sdk_4.0.2/platform/common/toolchain/src/sl_memory.o
                0x000004f8                _sbrk
 .text.sl_button_init
                0x00000518        0xa ./gecko_sdk_4.0.2/platform/driver/button/src/sl_button.o
                0x00000518                sl_button_init
 .text.sl_button_on_change
                0x00000522        0x2 ./gecko_sdk_4.0.2/platform/driver/button/src/sl_button.o
                0x00000522                sl_button_on_change
 .text.GPIO_PinInGet
                0x00000524       0x4c ./gecko_sdk_4.0.2/platform/driver/button/src/sl_simple_button.o
 .text.sli_simple_button_on_change
                0x00000570       0x28 ./gecko_sdk_4.0.2/platform/driver/button/src/sl_simple_button.o
 .text.sl_simple_button_init
                0x00000598       0x6c ./gecko_sdk_4.0.2/platform/driver/button/src/sl_simple_button.o
                0x00000598                sl_simple_button_init
 .text.sl_simple_button_get_state
                0x00000604        0x6 ./gecko_sdk_4.0.2/platform/driver/button/src/sl_simple_button.o
                0x00000604                sl_simple_button_get_state
 .text.sl_simple_button_poll_step
                0x0000060a       0x52 ./gecko_sdk_4.0.2/platform/driver/button/src/sl_simple_button.o
                0x0000060a                sl_simple_button_poll_step
 .text.sl_simple_button_enable
                0x0000065c       0x12 ./gecko_sdk_4.0.2/platform/driver/button/src/sl_simple_button.o
                0x0000065c                sl_simple_button_enable
 .text.sl_simple_button_disable
                0x0000066e       0x30 ./gecko_sdk_4.0.2/platform/driver/button/src/sl_simple_button.o
                0x0000066e                sl_simple_button_disable
 *fill*         0x0000069e        0x2 
 .text.LDMA_IRQHandler
                0x000006a0       0x74 ./gecko_sdk_4.0.2/platform/emdrv/dmadrv/src/dmadrv.o
                0x000006a0                LDMA_IRQHandler
 .text.GPIOINT_IRQDispatcher
                0x00000714       0x3c ./gecko_sdk_4.0.2/platform/emdrv/gpiointerrupt/src/gpiointerrupt.o
 .text.GPIOINT_Init
                0x00000750       0x30 ./gecko_sdk_4.0.2/platform/emdrv/gpiointerrupt/src/gpiointerrupt.o
                0x00000750                GPIOINT_Init
 .text.GPIOINT_CallbackRegister
                0x00000780       0x24 ./gecko_sdk_4.0.2/platform/emdrv/gpiointerrupt/src/gpiointerrupt.o
                0x00000780                GPIOINT_CallbackRegister
 .text.GPIOINT_CallbackRegisterExt
                0x000007a4       0x58 ./gecko_sdk_4.0.2/platform/emdrv/gpiointerrupt/src/gpiointerrupt.o
                0x000007a4                GPIOINT_CallbackRegisterExt
 .text.GPIO_EVEN_IRQHandler
                0x000007fc       0x24 ./gecko_sdk_4.0.2/platform/emdrv/gpiointerrupt/src/gpiointerrupt.o
                0x000007fc                GPIO_EVEN_IRQHandler
 .text.GPIO_ODD_IRQHandler
                0x00000820       0x24 ./gecko_sdk_4.0.2/platform/emdrv/gpiointerrupt/src/gpiointerrupt.o
                0x00000820                GPIO_ODD_IRQHandler
 .text.assertEFM
                0x00000844        0x2 ./gecko_sdk_4.0.2/platform/emlib/src/em_assert.o
                0x00000844                assertEFM
 .text.EMU_VScaleGet
                0x00000846       0x16 ./gecko_sdk_4.0.2/platform/emlib/src/em_cmu.o
 .text.em01GrpaClkGet
                0x0000085c       0x54 ./gecko_sdk_4.0.2/platform/emlib/src/em_cmu.o
 .text.iadcClkGet
                0x000008b0       0x54 ./gecko_sdk_4.0.2/platform/emlib/src/em_cmu.o
 .text.em01GrpbClkGet
                0x00000904       0x70 ./gecko_sdk_4.0.2/platform/emlib/src/em_cmu.o
 .text.em23GrpaClkGet
                0x00000974       0x54 ./gecko_sdk_4.0.2/platform/emlib/src/em_cmu.o
 .text.wdog0ClkGet
                0x000009c8       0x60 ./gecko_sdk_4.0.2/platform/emlib/src/em_cmu.o
 .text.rtccClkGet
                0x00000a28       0x54 ./gecko_sdk_4.0.2/platform/emlib/src/em_cmu.o
 .text.em4GrpaClkGet
                0x00000a7c       0x54 ./gecko_sdk_4.0.2/platform/emlib/src/em_cmu.o
 .text.euart0ClkGet
                0x00000ad0       0x48 ./gecko_sdk_4.0.2/platform/emlib/src/em_cmu.o
 .text.CMU_ClockDivGet
                0x00000b18       0x84 ./gecko_sdk_4.0.2/platform/emlib/src/em_cmu.o
                0x00000b18                CMU_ClockDivGet
 .text.flashWaitStateControl
                0x00000b9c       0x50 ./gecko_sdk_4.0.2/platform/emlib/src/em_cmu.o
 .text.waitStateMax
                0x00000bec       0x10 ./gecko_sdk_4.0.2/platform/emlib/src/em_cmu.o
 .text.CMU_ClockEnable
                0x00000bfc       0x54 ./gecko_sdk_4.0.2/platform/emlib/src/em_cmu.o
                0x00000bfc                CMU_ClockEnable
 .text.CMU_ClockFreqGet
                0x00000c50      0x198 ./gecko_sdk_4.0.2/platform/emlib/src/em_cmu.o
                0x00000c50                CMU_ClockFreqGet
 .text.rhclkPrescOptimize
                0x00000de8       0x20 ./gecko_sdk_4.0.2/platform/emlib/src/em_cmu.o
 .text.CMU_ClockSelectGet
                0x00000e08      0x188 ./gecko_sdk_4.0.2/platform/emlib/src/em_cmu.o
                0x00000e08                CMU_ClockSelectGet
 .text.CMU_HFXOInit
                0x00000f90      0x1d8 ./gecko_sdk_4.0.2/platform/emlib/src/em_cmu.o
                0x00000f90                CMU_HFXOInit
 .text.CMU_HFXOCTuneDeltaGet
                0x00001168        0xc ./gecko_sdk_4.0.2/platform/emlib/src/em_cmu.o
                0x00001168                CMU_HFXOCTuneDeltaGet
 .text.CMU_LFXOInit
                0x00001174       0xc4 ./gecko_sdk_4.0.2/platform/emlib/src/em_cmu.o
                0x00001174                CMU_LFXOInit
 .text.CMU_LFXOPrecisionSet
                0x00001238        0xc ./gecko_sdk_4.0.2/platform/emlib/src/em_cmu.o
                0x00001238                CMU_LFXOPrecisionSet
 .text.CMU_UpdateWaitStates
                0x00001244        0xc ./gecko_sdk_4.0.2/platform/emlib/src/em_cmu.o
                0x00001244                CMU_UpdateWaitStates
 .text.CMU_ClockDivSet
                0x00001250      0x104 ./gecko_sdk_4.0.2/platform/emlib/src/em_cmu.o
                0x00001250                CMU_ClockDivSet
 .text.pclkDivMax
                0x00001354        0xa ./gecko_sdk_4.0.2/platform/emlib/src/em_cmu.o
 *fill*         0x0000135e        0x2 
 .text.pclkDivOptimize
                0x00001360       0x24 ./gecko_sdk_4.0.2/platform/emlib/src/em_cmu.o
 .text.CMU_ClockSelectSet
                0x00001384      0x3c4 ./gecko_sdk_4.0.2/platform/emlib/src/em_cmu.o
                0x00001384                CMU_ClockSelectSet
 .text.CORE_EnterCritical
                0x00001748        0x8 ./gecko_sdk_4.0.2/platform/emlib/src/em_core.o
                0x00001748                CORE_EnterCritical
 .text.CORE_ExitCritical
                0x00001750        0x6 ./gecko_sdk_4.0.2/platform/emlib/src/em_core.o
                0x00001750                CORE_ExitCritical
 .text.CORE_EnterAtomic
                0x00001756        0xc ./gecko_sdk_4.0.2/platform/emlib/src/em_core.o
                0x00001756                CORE_EnterAtomic
 .text.CORE_ExitAtomic
                0x00001762        0x6 ./gecko_sdk_4.0.2/platform/emlib/src/em_core.o
                0x00001762                CORE_ExitAtomic
 .text.CORE_NvicIRQDisabled
                0x00001768       0x34 ./gecko_sdk_4.0.2/platform/emlib/src/em_core.o
                0x00001768                CORE_NvicIRQDisabled
 .text.EMU_EM4Init
                0x0000179c       0x12 ./gecko_sdk_4.0.2/platform/emlib/src/em_emu.o
                0x0000179c                EMU_EM4Init
 .text.EMU_EFPEM01VScale
                0x000017ae        0x2 ./gecko_sdk_4.0.2/platform/emlib/src/em_emu.o
                0x000017ae                EMU_EFPEM01VScale
 .text.EMU_VScaleEM01
                0x000017b0       0xb0 ./gecko_sdk_4.0.2/platform/emlib/src/em_emu.o
                0x000017b0                EMU_VScaleEM01
 .text.EMU_VScaleEM01ByClock
                0x00001860       0x30 ./gecko_sdk_4.0.2/platform/emlib/src/em_emu.o
                0x00001860                EMU_VScaleEM01ByClock
 .text.EMU_DCDCModeSet
                0x00001890       0x74 ./gecko_sdk_4.0.2/platform/emlib/src/em_emu.o
                0x00001890                EMU_DCDCModeSet
 .text.EMU_DCDCInit
                0x00001904       0x74 ./gecko_sdk_4.0.2/platform/emlib/src/em_emu.o
                0x00001904                EMU_DCDCInit
 .text.BUS_RegBitWrite
                0x00001978       0x30 ./gecko_sdk_4.0.2/platform/emlib/src/em_gpio.o
 .text.GPIO_PinOutSet
                0x000019a8       0x54 ./gecko_sdk_4.0.2/platform/emlib/src/em_gpio.o
 .text.GPIO_PinOutClear
                0x000019fc       0x54 ./gecko_sdk_4.0.2/platform/emlib/src/em_gpio.o
 .text.BUS_RegMaskedWrite
                0x00001a50       0x22 ./gecko_sdk_4.0.2/platform/emlib/src/em_gpio.o
 *fill*         0x00001a72        0x2 
 .text.GPIO_ExtIntConfig
                0x00001a74       0xf4 ./gecko_sdk_4.0.2/platform/emlib/src/em_gpio.o
                0x00001a74                GPIO_ExtIntConfig
 .text.GPIO_PinModeSet
                0x00001b68       0xa0 ./gecko_sdk_4.0.2/platform/emlib/src/em_gpio.o
                0x00001b68                GPIO_PinModeSet
 .text.USART_BaudrateAsyncSet
                0x00001c08       0xe0 ./gecko_sdk_4.0.2/platform/emlib/src/em_usart.o
                0x00001c08                USART_BaudrateAsyncSet
 .text.USART_Enable
                0x00001ce8       0x44 ./gecko_sdk_4.0.2/platform/emlib/src/em_usart.o
                0x00001ce8                USART_Enable
 .text.USART_Reset
                0x00001d2c       0x78 ./gecko_sdk_4.0.2/platform/emlib/src/em_usart.o
                0x00001d2c                USART_Reset
 .text.USART_InitAsync
                0x00001da4      0x124 ./gecko_sdk_4.0.2/platform/emlib/src/em_usart.o
                0x00001da4                USART_InitAsync
 .text.USART_Rx
                0x00001ec8        0xc ./gecko_sdk_4.0.2/platform/emlib/src/em_usart.o
                0x00001ec8                USART_Rx
 .text.USART_Tx
                0x00001ed4        0xa ./gecko_sdk_4.0.2/platform/emlib/src/em_usart.o
                0x00001ed4                USART_Tx
 *fill*         0x00001ede        0x2 
 .text.sl_device_init_dcdc
                0x00001ee0       0x20 ./gecko_sdk_4.0.2/platform/service/device_init/src/sl_device_init_dcdc_s2.o
                0x00001ee0                sl_device_init_dcdc
 .text.sl_device_init_emu
                0x00001f00       0x22 ./gecko_sdk_4.0.2/platform/service/device_init/src/sl_device_init_emu_s2.o
                0x00001f00                sl_device_init_emu
 *fill*         0x00001f22        0x2 
 .text.sl_device_init_hfxo
                0x00001f24       0x7c ./gecko_sdk_4.0.2/platform/service/device_init/src/sl_device_init_hfxo_s2.o
                0x00001f24                sl_device_init_hfxo
 .text.sl_device_init_lfxo
                0x00001fa0       0x34 ./gecko_sdk_4.0.2/platform/service/device_init/src/sl_device_init_lfxo_s2.o
                0x00001fa0                sl_device_init_lfxo
 .text.sl_device_init_nvic
                0x00001fd4       0x3c ./gecko_sdk_4.0.2/platform/service/device_init/src/sl_device_init_nvic.o
                0x00001fd4                sl_device_init_nvic
 .text.sl_iostream_set_default
                0x00002010       0x18 ./gecko_sdk_4.0.2/platform/service/iostream/src/sl_iostream.o
                0x00002010                sl_iostream_set_default
 .text.sl_iostream_get_default
                0x00002028       0x18 ./gecko_sdk_4.0.2/platform/service/iostream/src/sl_iostream.o
                0x00002028                sl_iostream_get_default
 .text.sl_iostream_write
                0x00002040       0x28 ./gecko_sdk_4.0.2/platform/service/iostream/src/sl_iostream.o
                0x00002040                sl_iostream_write
 .text.sl_iostream_read
                0x00002068       0x32 ./gecko_sdk_4.0.2/platform/service/iostream/src/sl_iostream.o
                0x00002068                sl_iostream_read
 .text._close   0x0000209a        0x4 ./gecko_sdk_4.0.2/platform/service/iostream/src/sl_iostream_retarget_stdio.o
                0x0000209a                _close
 .text._exit    0x0000209e        0x2 ./gecko_sdk_4.0.2/platform/service/iostream/src/sl_iostream_retarget_stdio.o
                0x0000209e                _exit
 .text._fstat   0x000020a0        0xa ./gecko_sdk_4.0.2/platform/service/iostream/src/sl_iostream_retarget_stdio.o
                0x000020a0                _fstat
 .text._isatty  0x000020aa        0x4 ./gecko_sdk_4.0.2/platform/service/iostream/src/sl_iostream_retarget_stdio.o
                0x000020aa                _isatty
 .text._lseek   0x000020ae        0x4 ./gecko_sdk_4.0.2/platform/service/iostream/src/sl_iostream_retarget_stdio.o
                0x000020ae                _lseek
 .text._read    0x000020b2       0x1c ./gecko_sdk_4.0.2/platform/service/iostream/src/sl_iostream_retarget_stdio.o
                0x000020b2                _read
 *fill*         0x000020ce        0x2 
 .text._write   0x000020d0       0x1c ./gecko_sdk_4.0.2/platform/service/iostream/src/sl_iostream_retarget_stdio.o
                0x000020d0                _write
 .text.sl_iostream_stdlib_disable_buffering
                0x000020ec       0x14 ./gecko_sdk_4.0.2/platform/service/iostream/src/sl_iostream_stdlib_config.o
                0x000020ec                sl_iostream_stdlib_disable_buffering
 .text.set_auto_cr_lf
                0x00002100        0x6 ./gecko_sdk_4.0.2/platform/service/iostream/src/sl_iostream_uart.o
 .text.get_auto_cr_lf
                0x00002106        0x6 ./gecko_sdk_4.0.2/platform/service/iostream/src/sl_iostream_uart.o
 .text.uart_deinit
                0x0000210c       0x56 ./gecko_sdk_4.0.2/platform/service/iostream/src/sl_iostream_uart.o
 .text.nolock_uart_write.isra.0
                0x00002162       0x4e ./gecko_sdk_4.0.2/platform/service/iostream/src/sl_iostream_uart.o
 .text.uart_read
                0x000021b0       0x84 ./gecko_sdk_4.0.2/platform/service/iostream/src/sl_iostream_uart.o
 .text.uart_write
                0x00002234        0xa ./gecko_sdk_4.0.2/platform/service/iostream/src/sl_iostream_uart.o
 *fill*         0x0000223e        0x2 
 .text.sli_iostream_uart_context_init
                0x00002240       0xac ./gecko_sdk_4.0.2/platform/service/iostream/src/sl_iostream_uart.o
                0x00002240                sli_iostream_uart_context_init
 .text.sli_uart_is_rx_space_avail
                0x000022ec       0x20 ./gecko_sdk_4.0.2/platform/service/iostream/src/sl_iostream_uart.o
                0x000022ec                sli_uart_is_rx_space_avail
 .text.sli_uart_push_rxd_data
                0x0000230c       0x8c ./gecko_sdk_4.0.2/platform/service/iostream/src/sl_iostream_uart.o
                0x0000230c                sli_uart_push_rxd_data
 .text.usart_enable_rx
                0x00002398        0xc ./gecko_sdk_4.0.2/platform/service/iostream/src/sl_iostream_usart.o
 .text.usart_deinit
                0x000023a4       0x70 ./gecko_sdk_4.0.2/platform/service/iostream/src/sl_iostream_usart.o
 .text.usart_tx
                0x00002414        0xc ./gecko_sdk_4.0.2/platform/service/iostream/src/sl_iostream_usart.o
 .text.sl_iostream_usart_init
                0x00002420      0x178 ./gecko_sdk_4.0.2/platform/service/iostream/src/sl_iostream_usart.o
                0x00002420                sl_iostream_usart_init
 .text.sl_iostream_usart_irq_handler
                0x00002598       0x30 ./gecko_sdk_4.0.2/platform/service/iostream/src/sl_iostream_usart.o
                0x00002598                sl_iostream_usart_irq_handler
 .text.sl_system_init
                0x000025c8       0x1a ./gecko_sdk_4.0.2/platform/service/system/src/sl_system_init.o
                0x000025c8                sl_system_init
 .text.sl_system_process_action
                0x000025e2       0x16 ./gecko_sdk_4.0.2/platform/service/system/src/sl_system_process_action.o
                0x000025e2                sl_system_process_action
 .text.exit     0x000025f8       0x28 d:/fsoft-iot/simplicity/developer/toolchains/gnu_arm/10.2_2020q4/bin/../lib/gcc/arm-none-eabi/10.2.1/../../../../arm-none-eabi/lib/thumb/v8-m.main+fp/hard\libc_nano.a(lib_a-exit.o)
                0x000025f8                exit
 .text.getchar  0x00002620       0x24 d:/fsoft-iot/simplicity/developer/toolchains/gnu_arm/10.2_2020q4/bin/../lib/gcc/arm-none-eabi/10.2.1/../../../../arm-none-eabi/lib/thumb/v8-m.main+fp/hard\libc_nano.a(lib_a-getchar.o)
                0x00002620                getchar
 .text.__libc_init_array
                0x00002644       0x48 d:/fsoft-iot/simplicity/developer/toolchains/gnu_arm/10.2_2020q4/bin/../lib/gcc/arm-none-eabi/10.2.1/../../../../arm-none-eabi/lib/thumb/v8-m.main+fp/hard\libc_nano.a(lib_a-init.o)
                0x00002644                __libc_init_array
 .text.memset   0x0000268c       0x10 d:/fsoft-iot/simplicity/developer/toolchains/gnu_arm/10.2_2020q4/bin/../lib/gcc/arm-none-eabi/10.2.1/../../../../arm-none-eabi/lib/thumb/v8-m.main+fp/hard\libc_nano.a(lib_a-memset.o)
                0x0000268c                memset
 .text.printf   0x0000269c       0x30 d:/fsoft-iot/simplicity/developer/toolchains/gnu_arm/10.2_2020q4/bin/../lib/gcc/arm-none-eabi/10.2.1/../../../../arm-none-eabi/lib/thumb/v8-m.main+fp/hard\libc_nano.a(lib_a-printf.o)
                0x0000269c                iprintf
                0x0000269c                printf
 .text.setvbuf  0x000026cc      0x188 d:/fsoft-iot/simplicity/developer/toolchains/gnu_arm/10.2_2020q4/bin/../lib/gcc/arm-none-eabi/10.2.1/../../../../arm-none-eabi/lib/thumb/v8-m.main+fp/hard\libc_nano.a(lib_a-setvbuf.o)
                0x000026cc                setvbuf
 .text.__sflush_r
                0x00002854      0x108 d:/fsoft-iot/simplicity/developer/toolchains/gnu_arm/10.2_2020q4/bin/../lib/gcc/arm-none-eabi/10.2.1/../../../../arm-none-eabi/lib/thumb/v8-m.main+fp/hard\libc_nano.a(lib_a-fflush.o)
                0x00002854                __sflush_r
 .text._fflush_r
                0x0000295c       0x78 d:/fsoft-iot/simplicity/developer/toolchains/gnu_arm/10.2_2020q4/bin/../lib/gcc/arm-none-eabi/10.2.1/../../../../arm-none-eabi/lib/thumb/v8-m.main+fp/hard\libc_nano.a(lib_a-fflush.o)
                0x0000295c                _fflush_r
 .text.fflush   0x000029d4       0x24 d:/fsoft-iot/simplicity/developer/toolchains/gnu_arm/10.2_2020q4/bin/../lib/gcc/arm-none-eabi/10.2.1/../../../../arm-none-eabi/lib/thumb/v8-m.main+fp/hard\libc_nano.a(lib_a-fflush.o)
                0x000029d4                fflush
 .text.std      0x000029f8       0x48 d:/fsoft-iot/simplicity/developer/toolchains/gnu_arm/10.2_2020q4/bin/../lib/gcc/arm-none-eabi/10.2.1/../../../../arm-none-eabi/lib/thumb/v8-m.main+fp/hard\libc_nano.a(lib_a-findfp.o)
 .text._cleanup_r
                0x00002a40        0xc d:/fsoft-iot/simplicity/developer/toolchains/gnu_arm/10.2_2020q4/bin/../lib/gcc/arm-none-eabi/10.2.1/../../../../arm-none-eabi/lib/thumb/v8-m.main+fp/hard\libc_nano.a(lib_a-findfp.o)
                0x00002a40                _cleanup_r
 .text.__sfmoreglue
                0x00002a4c       0x2c d:/fsoft-iot/simplicity/developer/toolchains/gnu_arm/10.2_2020q4/bin/../lib/gcc/arm-none-eabi/10.2.1/../../../../arm-none-eabi/lib/thumb/v8-m.main+fp/hard\libc_nano.a(lib_a-findfp.o)
                0x00002a4c                __sfmoreglue
 .text.__sfp_lock_acquire
                0x00002a78        0xc d:/fsoft-iot/simplicity/developer/toolchains/gnu_arm/10.2_2020q4/bin/../lib/gcc/arm-none-eabi/10.2.1/../../../../arm-none-eabi/lib/thumb/v8-m.main+fp/hard\libc_nano.a(lib_a-findfp.o)
                0x00002a78                __sfp_lock_acquire
 .text.__sfp_lock_release
                0x00002a84        0xc d:/fsoft-iot/simplicity/developer/toolchains/gnu_arm/10.2_2020q4/bin/../lib/gcc/arm-none-eabi/10.2.1/../../../../arm-none-eabi/lib/thumb/v8-m.main+fp/hard\libc_nano.a(lib_a-findfp.o)
                0x00002a84                __sfp_lock_release
 .text.__sinit_lock_acquire
                0x00002a90        0xc d:/fsoft-iot/simplicity/developer/toolchains/gnu_arm/10.2_2020q4/bin/../lib/gcc/arm-none-eabi/10.2.1/../../../../arm-none-eabi/lib/thumb/v8-m.main+fp/hard\libc_nano.a(lib_a-findfp.o)
                0x00002a90                __sinit_lock_acquire
 .text.__sinit_lock_release
                0x00002a9c        0xc d:/fsoft-iot/simplicity/developer/toolchains/gnu_arm/10.2_2020q4/bin/../lib/gcc/arm-none-eabi/10.2.1/../../../../arm-none-eabi/lib/thumb/v8-m.main+fp/hard\libc_nano.a(lib_a-findfp.o)
                0x00002a9c                __sinit_lock_release
 .text.__sinit  0x00002aa8       0x70 d:/fsoft-iot/simplicity/developer/toolchains/gnu_arm/10.2_2020q4/bin/../lib/gcc/arm-none-eabi/10.2.1/../../../../arm-none-eabi/lib/thumb/v8-m.main+fp/hard\libc_nano.a(lib_a-findfp.o)
                0x00002aa8                __sinit
 .text.__sfp    0x00002b18       0x8c d:/fsoft-iot/simplicity/developer/toolchains/gnu_arm/10.2_2020q4/bin/../lib/gcc/arm-none-eabi/10.2.1/../../../../arm-none-eabi/lib/thumb/v8-m.main+fp/hard\libc_nano.a(lib_a-findfp.o)
                0x00002b18                __sfp
 .text._fwalk   0x00002ba4       0x3a d:/fsoft-iot/simplicity/developer/toolchains/gnu_arm/10.2_2020q4/bin/../lib/gcc/arm-none-eabi/10.2.1/../../../../arm-none-eabi/lib/thumb/v8-m.main+fp/hard\libc_nano.a(lib_a-fwalk.o)
                0x00002ba4                _fwalk
 .text._fwalk_reent
                0x00002bde       0x3e d:/fsoft-iot/simplicity/developer/toolchains/gnu_arm/10.2_2020q4/bin/../lib/gcc/arm-none-eabi/10.2.1/../../../../arm-none-eabi/lib/thumb/v8-m.main+fp/hard\libc_nano.a(lib_a-fwalk.o)
                0x00002bde                _fwalk_reent
 .text._getc_r  0x00002c1c       0x80 d:/fsoft-iot/simplicity/developer/toolchains/gnu_arm/10.2_2020q4/bin/../lib/gcc/arm-none-eabi/10.2.1/../../../../arm-none-eabi/lib/thumb/v8-m.main+fp/hard\libc_nano.a(lib_a-getc.o)
                0x00002c1c                _getc_r
 .text.__retarget_lock_init_recursive
                0x00002c9c        0x2 d:/fsoft-iot/simplicity/developer/toolchains/gnu_arm/10.2_2020q4/bin/../lib/gcc/arm-none-eabi/10.2.1/../../../../arm-none-eabi/lib/thumb/v8-m.main+fp/hard\libc_nano.a(lib_a-lock.o)
                0x00002c9c                __retarget_lock_init_recursive
 .text.__retarget_lock_acquire_recursive
                0x00002c9e        0x2 d:/fsoft-iot/simplicity/developer/toolchains/gnu_arm/10.2_2020q4/bin/../lib/gcc/arm-none-eabi/10.2.1/../../../../arm-none-eabi/lib/thumb/v8-m.main+fp/hard\libc_nano.a(lib_a-lock.o)
                0x00002c9e                __retarget_lock_acquire_recursive
 .text.__retarget_lock_release_recursive
                0x00002ca0        0x2 d:/fsoft-iot/simplicity/developer/toolchains/gnu_arm/10.2_2020q4/bin/../lib/gcc/arm-none-eabi/10.2.1/../../../../arm-none-eabi/lib/thumb/v8-m.main+fp/hard\libc_nano.a(lib_a-lock.o)
                0x00002ca0                __retarget_lock_release_recursive
 .text.__swhatbuf_r
                0x00002ca2       0x4a d:/fsoft-iot/simplicity/developer/toolchains/gnu_arm/10.2_2020q4/bin/../lib/gcc/arm-none-eabi/10.2.1/../../../../arm-none-eabi/lib/thumb/v8-m.main+fp/hard\libc_nano.a(lib_a-makebuf.o)
                0x00002ca2                __swhatbuf_r
 .text.__smakebuf_r
                0x00002cec       0x80 d:/fsoft-iot/simplicity/developer/toolchains/gnu_arm/10.2_2020q4/bin/../lib/gcc/arm-none-eabi/10.2.1/../../../../arm-none-eabi/lib/thumb/v8-m.main+fp/hard\libc_nano.a(lib_a-makebuf.o)
                0x00002cec                __smakebuf_r
 .text.malloc   0x00002d6c       0x10 d:/fsoft-iot/simplicity/developer/toolchains/gnu_arm/10.2_2020q4/bin/../lib/gcc/arm-none-eabi/10.2.1/../../../../arm-none-eabi/lib/thumb/v8-m.main+fp/hard\libc_nano.a(lib_a-malloc.o)
                0x00002d6c                malloc
 .text._free_r  0x00002d7c       0x98 d:/fsoft-iot/simplicity/developer/toolchains/gnu_arm/10.2_2020q4/bin/../lib/gcc/arm-none-eabi/10.2.1/../../../../arm-none-eabi/lib/thumb/v8-m.main+fp/hard\libc_nano.a(lib_a-nano-freer.o)
                0x00002d7c                _free_r
 .text._malloc_r
                0x00002e14       0xb4 d:/fsoft-iot/simplicity/developer/toolchains/gnu_arm/10.2_2020q4/bin/../lib/gcc/arm-none-eabi/10.2.1/../../../../arm-none-eabi/lib/thumb/v8-m.main+fp/hard\libc_nano.a(lib_a-nano-mallocr.o)
                0x00002e14                _malloc_r
 .text.__sfputc_r
                0x00002ec8       0x2e d:/fsoft-iot/simplicity/developer/toolchains/gnu_arm/10.2_2020q4/bin/../lib/gcc/arm-none-eabi/10.2.1/../../../../arm-none-eabi/lib/thumb/v8-m.main+fp/hard\libc_nano.a(lib_a-nano-vfprintf.o)
 .text.__sfputs_r
                0x00002ef6       0x24 d:/fsoft-iot/simplicity/developer/toolchains/gnu_arm/10.2_2020q4/bin/../lib/gcc/arm-none-eabi/10.2.1/../../../../arm-none-eabi/lib/thumb/v8-m.main+fp/hard\libc_nano.a(lib_a-nano-vfprintf.o)
                0x00002ef6                __sfputs_r
 *fill*         0x00002f1a        0x2 
 .text._vfprintf_r
                0x00002f1c      0x260 d:/fsoft-iot/simplicity/developer/toolchains/gnu_arm/10.2_2020q4/bin/../lib/gcc/arm-none-eabi/10.2.1/../../../../arm-none-eabi/lib/thumb/v8-m.main+fp/hard\libc_nano.a(lib_a-nano-vfprintf.o)
                0x00002f1c                _vfprintf_r
                0x00002f1c                _vfiprintf_r
 .text._printf_common
                0x0000317c       0xe0 d:/fsoft-iot/simplicity/developer/toolchains/gnu_arm/10.2_2020q4/bin/../lib/gcc/arm-none-eabi/10.2.1/../../../../arm-none-eabi/lib/thumb/v8-m.main+fp/hard\libc_nano.a(lib_a-nano-vfprintf_i.o)
                0x0000317c                _printf_common
 .text._printf_i
                0x0000325c      0x24c d:/fsoft-iot/simplicity/developer/toolchains/gnu_arm/10.2_2020q4/bin/../lib/gcc/arm-none-eabi/10.2.1/../../../../arm-none-eabi/lib/thumb/v8-m.main+fp/hard\libc_nano.a(lib_a-nano-vfprintf_i.o)
                0x0000325c                _printf_i
 .text.__srget_r
                0x000034a8       0x58 d:/fsoft-iot/simplicity/developer/toolchains/gnu_arm/10.2_2020q4/bin/../lib/gcc/arm-none-eabi/10.2.1/../../../../arm-none-eabi/lib/thumb/v8-m.main+fp/hard\libc_nano.a(lib_a-rget.o)
                0x000034a8                __srget_r
 .text._sbrk_r  0x00003500       0x20 d:/fsoft-iot/simplicity/developer/toolchains/gnu_arm/10.2_2020q4/bin/../lib/gcc/arm-none-eabi/10.2.1/../../../../arm-none-eabi/lib/thumb/v8-m.main+fp/hard\libc_nano.a(lib_a-sbrkr.o)
                0x00003500                _sbrk_r
 .text.__sread  0x00003520       0x22 d:/fsoft-iot/simplicity/developer/toolchains/gnu_arm/10.2_2020q4/bin/../lib/gcc/arm-none-eabi/10.2.1/../../../../arm-none-eabi/lib/thumb/v8-m.main+fp/hard\libc_nano.a(lib_a-stdio.o)
                0x00003520                __sread
 .text.__swrite
                0x00003542       0x38 d:/fsoft-iot/simplicity/developer/toolchains/gnu_arm/10.2_2020q4/bin/../lib/gcc/arm-none-eabi/10.2.1/../../../../arm-none-eabi/lib/thumb/v8-m.main+fp/hard\libc_nano.a(lib_a-stdio.o)
                0x00003542                __swrite
 .text.__sseek  0x0000357a       0x24 d:/fsoft-iot/simplicity/developer/toolchains/gnu_arm/10.2_2020q4/bin/../lib/gcc/arm-none-eabi/10.2.1/../../../../arm-none-eabi/lib/thumb/v8-m.main+fp/hard\libc_nano.a(lib_a-stdio.o)
                0x0000357a                __sseek
 .text.__sclose
                0x0000359e        0x8 d:/fsoft-iot/simplicity/developer/toolchains/gnu_arm/10.2_2020q4/bin/../lib/gcc/arm-none-eabi/10.2.1/../../../../arm-none-eabi/lib/thumb/v8-m.main+fp/hard\libc_nano.a(lib_a-stdio.o)
                0x0000359e                __sclose
 *fill*         0x000035a6        0x2 
 .text.__swbuf_r
                0x000035a8       0xa4 d:/fsoft-iot/simplicity/developer/toolchains/gnu_arm/10.2_2020q4/bin/../lib/gcc/arm-none-eabi/10.2.1/../../../../arm-none-eabi/lib/thumb/v8-m.main+fp/hard\libc_nano.a(lib_a-wbuf.o)
                0x000035a8                __swbuf_r
 .text._write_r
                0x0000364c       0x24 d:/fsoft-iot/simplicity/developer/toolchains/gnu_arm/10.2_2020q4/bin/../lib/gcc/arm-none-eabi/10.2.1/../../../../arm-none-eabi/lib/thumb/v8-m.main+fp/hard\libc_nano.a(lib_a-writer.o)
                0x0000364c                _write_r
 .text.__swsetup_r
                0x00003670       0xdc d:/fsoft-iot/simplicity/developer/toolchains/gnu_arm/10.2_2020q4/bin/../lib/gcc/arm-none-eabi/10.2.1/../../../../arm-none-eabi/lib/thumb/v8-m.main+fp/hard\libc_nano.a(lib_a-wsetup.o)
                0x00003670                __swsetup_r
 .text._close_r
                0x0000374c       0x20 d:/fsoft-iot/simplicity/developer/toolchains/gnu_arm/10.2_2020q4/bin/../lib/gcc/arm-none-eabi/10.2.1/../../../../arm-none-eabi/lib/thumb/v8-m.main+fp/hard\libc_nano.a(lib_a-closer.o)
                0x0000374c                _close_r
 .text._fstat_r
                0x0000376c       0x24 d:/fsoft-iot/simplicity/developer/toolchains/gnu_arm/10.2_2020q4/bin/../lib/gcc/arm-none-eabi/10.2.1/../../../../arm-none-eabi/lib/thumb/v8-m.main+fp/hard\libc_nano.a(lib_a-fstatr.o)
                0x0000376c                _fstat_r
 .text._isatty_r
                0x00003790       0x20 d:/fsoft-iot/simplicity/developer/toolchains/gnu_arm/10.2_2020q4/bin/../lib/gcc/arm-none-eabi/10.2.1/../../../../arm-none-eabi/lib/thumb/v8-m.main+fp/hard\libc_nano.a(lib_a-isattyr.o)
                0x00003790                _isatty_r
 .text._lseek_r
                0x000037b0       0x24 d:/fsoft-iot/simplicity/developer/toolchains/gnu_arm/10.2_2020q4/bin/../lib/gcc/arm-none-eabi/10.2.1/../../../../arm-none-eabi/lib/thumb/v8-m.main+fp/hard\libc_nano.a(lib_a-lseekr.o)
                0x000037b0                _lseek_r
 .text.memchr   0x000037d4       0x1c d:/fsoft-iot/simplicity/developer/toolchains/gnu_arm/10.2_2020q4/bin/../lib/gcc/arm-none-eabi/10.2.1/../../../../arm-none-eabi/lib/thumb/v8-m.main+fp/hard\libc_nano.a(lib_a-memchr-stub.o)
                0x000037d4                memchr
 .text.__malloc_lock
                0x000037f0        0xc d:/fsoft-iot/simplicity/developer/toolchains/gnu_arm/10.2_2020q4/bin/../lib/gcc/arm-none-eabi/10.2.1/../../../../arm-none-eabi/lib/thumb/v8-m.main+fp/hard\libc_nano.a(lib_a-mlock.o)
                0x000037f0                __malloc_lock
 .text.__malloc_unlock
                0x000037fc        0xc d:/fsoft-iot/simplicity/developer/toolchains/gnu_arm/10.2_2020q4/bin/../lib/gcc/arm-none-eabi/10.2.1/../../../../arm-none-eabi/lib/thumb/v8-m.main+fp/hard\libc_nano.a(lib_a-mlock.o)
                0x000037fc                __malloc_unlock
 .text._read_r  0x00003808       0x24 d:/fsoft-iot/simplicity/developer/toolchains/gnu_arm/10.2_2020q4/bin/../lib/gcc/arm-none-eabi/10.2.1/../../../../arm-none-eabi/lib/thumb/v8-m.main+fp/hard\libc_nano.a(lib_a-readr.o)
                0x00003808                _read_r
 .text.lflush   0x0000382c       0x12 d:/fsoft-iot/simplicity/developer/toolchains/gnu_arm/10.2_2020q4/bin/../lib/gcc/arm-none-eabi/10.2.1/../../../../arm-none-eabi/lib/thumb/v8-m.main+fp/hard\libc_nano.a(lib_a-refill.o)
 *fill*         0x0000383e        0x2 
 .text.__srefill_r
                0x00003840      0x114 d:/fsoft-iot/simplicity/developer/toolchains/gnu_arm/10.2_2020q4/bin/../lib/gcc/arm-none-eabi/10.2.1/../../../../arm-none-eabi/lib/thumb/v8-m.main+fp/hard\libc_nano.a(lib_a-refill.o)
                0x00003840                __srefill_r
                0x00003954                linker_code_end = .
 *(.init)
 .init          0x00003954        0x4 d:/fsoft-iot/simplicity/developer/toolchains/gnu_arm/10.2_2020q4/bin/../lib/gcc/arm-none-eabi/10.2.1/thumb/v8-m.main+fp/hard/crti.o
                0x00003954                _init
 .init          0x00003958        0x8 d:/fsoft-iot/simplicity/developer/toolchains/gnu_arm/10.2_2020q4/bin/../lib/gcc/arm-none-eabi/10.2.1/thumb/v8-m.main+fp/hard/crtn.o
 *(.fini)
 .fini          0x00003960        0x4 d:/fsoft-iot/simplicity/developer/toolchains/gnu_arm/10.2_2020q4/bin/../lib/gcc/arm-none-eabi/10.2.1/thumb/v8-m.main+fp/hard/crti.o
                0x00003960                _fini
 .fini          0x00003964        0x8 d:/fsoft-iot/simplicity/developer/toolchains/gnu_arm/10.2_2020q4/bin/../lib/gcc/arm-none-eabi/10.2.1/thumb/v8-m.main+fp/hard/crtn.o
 *crtbegin.o(.ctors)
 *crtbegin?.o(.ctors)
 *(EXCLUDE_FILE(*crtend.o *crtend?.o) .ctors)
 *(SORT_BY_NAME(.ctors.*))
 *(.ctors)
 *crtbegin.o(.dtors)
 *crtbegin?.o(.dtors)
 *(EXCLUDE_FILE(*crtend.o *crtend?.o) .dtors)
 *(SORT_BY_NAME(.dtors.*))
 *(.dtors)
 *(.rodata*)
 .rodata.app_process_action.str1.1
                0x0000396c        0x4 ./app.o
 .rodata.sl_iostream_usart_init_vcom.str1.1
                0x00003970       0x2e ./autogen/sl_iostream_init_usart_instances.o
 *fill*         0x0000399e        0x2 
 .rodata        0x000039a0       0x3c ./autogen/sl_iostream_init_usart_instances.o
 .rodata.sl_button_btn0
                0x000039dc       0x18 ./autogen/sl_simple_button_instances.o
                0x000039dc                sl_button_btn0
 .rodata.GPIO_PinInGet.str1.1
                0x000039f4       0x50 ./gecko_sdk_4.0.2/platform/driver/button/src/sl_simple_button.o
 .rodata.sl_simple_button_init.str1.1
                0x00003a44       0x61 ./gecko_sdk_4.0.2/platform/driver/button/src/sl_simple_button.o
 .rodata.HFRCODPLLDevinfoGet.str1.1
                0x00003aa5       0x4f ./gecko_sdk_4.0.2/platform/emlib/src/em_cmu.o
 .rodata.CSWTCH.56
                0x00003af4        0x4 ./gecko_sdk_4.0.2/platform/emlib/src/em_cmu.o
 .rodata.CSWTCH.58
                0x00003af8        0x6 ./gecko_sdk_4.0.2/platform/emlib/src/em_cmu.o
 .rodata.CORE_NvicMaskSetIRQ.str1.1
                0x00003afe       0x50 ./gecko_sdk_4.0.2/platform/emlib/src/em_core.o
 .rodata.EMU_VScaleEM01.str1.1
                0x00003b4e       0x4f ./gecko_sdk_4.0.2/platform/emlib/src/em_emu.o
 .rodata.BUS_RegBitWrite.str1.1
                0x00003b9d       0x4f ./gecko_sdk_4.0.2/platform/emlib/src/em_gpio.o
 .rodata.GPIO_PinOutSet.str1.1
                0x00003bec       0x50 ./gecko_sdk_4.0.2/platform/emlib/src/em_gpio.o
 .rodata.GPIO_ExtIntConfig.str1.1
                0x00003bec       0x50 ./gecko_sdk_4.0.2/platform/emlib/src/em_gpio.o
 .rodata.USART_BaudrateAsyncSet.str1.1
                0x00003c3c       0x51 ./gecko_sdk_4.0.2/platform/emlib/src/em_usart.o
 .rodata        0x00003c8d        0x8 ./gecko_sdk_4.0.2/platform/service/device_init/src/sl_device_init_dcdc_s2.o
 .rodata        0x00003c95       0x13 ./gecko_sdk_4.0.2/platform/service/device_init/src/sl_device_init_hfxo_s2.o
 .rodata        0x00003ca8        0xb ./gecko_sdk_4.0.2/platform/service/device_init/src/sl_device_init_lfxo_s2.o
 .rodata._write.str1.1
                0x00003cb3       0x6e ./gecko_sdk_4.0.2/platform/service/iostream/src/sl_iostream_retarget_stdio.o
 .rodata.sli_uart_push_rxd_data.str1.1
                0x00003d21       0x64 ./gecko_sdk_4.0.2/platform/service/iostream/src/sl_iostream_uart.o
 *fill*         0x00003d85        0x3 
 .rodata._global_impure_ptr
                0x00003d88        0x4 d:/fsoft-iot/simplicity/developer/toolchains/gnu_arm/10.2_2020q4/bin/../lib/gcc/arm-none-eabi/10.2.1/../../../../arm-none-eabi/lib/thumb/v8-m.main+fp/hard\libc_nano.a(lib_a-impure.o)
                0x00003d88                _global_impure_ptr
 .rodata.__sf_fake_stderr
                0x00003d8c       0x20 d:/fsoft-iot/simplicity/developer/toolchains/gnu_arm/10.2_2020q4/bin/../lib/gcc/arm-none-eabi/10.2.1/../../../../arm-none-eabi/lib/thumb/v8-m.main+fp/hard\libc_nano.a(lib_a-findfp.o)
                0x00003d8c                __sf_fake_stderr
 .rodata.__sf_fake_stdin
                0x00003dac       0x20 d:/fsoft-iot/simplicity/developer/toolchains/gnu_arm/10.2_2020q4/bin/../lib/gcc/arm-none-eabi/10.2.1/../../../../arm-none-eabi/lib/thumb/v8-m.main+fp/hard\libc_nano.a(lib_a-findfp.o)
                0x00003dac                __sf_fake_stdin
 .rodata.__sf_fake_stdout
                0x00003dcc       0x20 d:/fsoft-iot/simplicity/developer/toolchains/gnu_arm/10.2_2020q4/bin/../lib/gcc/arm-none-eabi/10.2.1/../../../../arm-none-eabi/lib/thumb/v8-m.main+fp/hard\libc_nano.a(lib_a-findfp.o)
                0x00003dcc                __sf_fake_stdout
 .rodata._vfprintf_r.str1.1
                0x00003dec       0x11 d:/fsoft-iot/simplicity/developer/toolchains/gnu_arm/10.2_2020q4/bin/../lib/gcc/arm-none-eabi/10.2.1/../../../../arm-none-eabi/lib/thumb/v8-m.main+fp/hard\libc_nano.a(lib_a-nano-vfprintf.o)
 .rodata._printf_i.str1.1
                0x00003dfd       0x22 d:/fsoft-iot/simplicity/developer/toolchains/gnu_arm/10.2_2020q4/bin/../lib/gcc/arm-none-eabi/10.2.1/../../../../arm-none-eabi/lib/thumb/v8-m.main+fp/hard\libc_nano.a(lib_a-nano-vfprintf_i.o)
 *(.eh_frame*)
 *fill*         0x00003e1f        0x1 
 .eh_frame      0x00003e20        0x0 d:/fsoft-iot/simplicity/developer/toolchains/gnu_arm/10.2_2020q4/bin/../lib/gcc/arm-none-eabi/10.2.1/thumb/v8-m.main+fp/hard/crtbegin.o

.glue_7         0x00003e20        0x0
 .glue_7        0x00003e20        0x0 linker stubs

.glue_7t        0x00003e20        0x0
 .glue_7t       0x00003e20        0x0 linker stubs

.vfp11_veneer   0x00003e20        0x0
 .vfp11_veneer  0x00003e20        0x0 linker stubs

.v4_bx          0x00003e20        0x0
 .v4_bx         0x00003e20        0x0 linker stubs

.iplt           0x00003e20        0x0
 .iplt          0x00003e20        0x0 d:/fsoft-iot/simplicity/developer/toolchains/gnu_arm/10.2_2020q4/bin/../lib/gcc/arm-none-eabi/10.2.1/thumb/v8-m.main+fp/hard/crtbegin.o

.ARM.extab
 *(.ARM.extab* .gnu.linkonce.armextab.*)
                0x00003e20                __exidx_start = .

.ARM.exidx      0x00003e20        0x8
 *(.ARM.exidx* .gnu.linkonce.armexidx.*)
 .ARM.exidx     0x00003e20        0x8 d:/fsoft-iot/simplicity/developer/toolchains/gnu_arm/10.2_2020q4/bin/../lib/gcc/arm-none-eabi/10.2.1/../../../../arm-none-eabi/lib/thumb/v8-m.main+fp/hard/crt0.o
                                 0x10 (size before relaxing)
                0x00003e28                __exidx_end = .
                0x00003e28                __etext = .

.rel.dyn        0x00003e28        0x0
 .rel.iplt      0x00003e28        0x0 d:/fsoft-iot/simplicity/developer/toolchains/gnu_arm/10.2_2020q4/bin/../lib/gcc/arm-none-eabi/10.2.1/thumb/v8-m.main+fp/hard/crtbegin.o
                0x20000000                . = ORIGIN (RAM)

.stack          0x20000000     0x1000
                0x20000000                __StackLimit = .
 *(.stack*)
 .stack         0x20000000        0x0 ./gecko_sdk_4.0.2/platform/Device/SiliconLabs/BGM22/Source/GCC/startup_bgm22.o
 .stack         0x20000000     0x1000 ./gecko_sdk_4.0.2/platform/common/toolchain/src/sl_memory.o
                0x20001000                . = ALIGN (0x4)
                0x20001000                __StackTop = .
                0x20001000                PROVIDE (__stack = __StackTop)

.noinit
 *(.noinit*)

.data           0x20001000       0x90 load address 0x00003e28
                0x20001000                . = ALIGN (0x4)
                0x20001000                __data_start__ = .
 *(vtable)
 *(.data*)
 .data.simple_btn0_context
                0x20001000        0x8 ./autogen/sl_simple_button_instances.o
                0x20001000                simple_btn0_context
 .data.level_filter_enabled
                0x20001008        0x1 ./gecko_sdk_4.0.2/app/common/util/app_log/app_log.o
 .data.level_filter_threshold
                0x20001009        0x1 ./gecko_sdk_4.0.2/app/common/util/app_log/app_log.o
 .data.level_mask
                0x2000100a        0x1 ./gecko_sdk_4.0.2/app/common/util/app_log/app_log.o
 *fill*         0x2000100b        0x1 
 .data.SystemCoreClock
                0x2000100c        0x4 ./gecko_sdk_4.0.2/platform/Device/SiliconLabs/BGM22/Source/system_bgm22.o
                0x2000100c                SystemCoreClock
 .data.SystemHFRCODPLLClock
                0x20001010        0x4 ./gecko_sdk_4.0.2/platform/Device/SiliconLabs/BGM22/Source/system_bgm22.o
 .data.SystemHFXOClock
                0x20001014        0x4 ./gecko_sdk_4.0.2/platform/Device/SiliconLabs/BGM22/Source/system_bgm22.o
 .data.SystemLFXOClock
                0x20001018        0x4 ./gecko_sdk_4.0.2/platform/Device/SiliconLabs/BGM22/Source/system_bgm22.o
 .data.heap_end.0
                0x2000101c        0x4 ./gecko_sdk_4.0.2/platform/common/toolchain/src/sl_memory.o
 .data.lfxo_precision
                0x20001020        0x2 ./gecko_sdk_4.0.2/platform/emlib/src/em_cmu.o
 *fill*         0x20001022        0x2 
 .data._impure_ptr
                0x20001024        0x4 d:/fsoft-iot/simplicity/developer/toolchains/gnu_arm/10.2_2020q4/bin/../lib/gcc/arm-none-eabi/10.2.1/../../../../arm-none-eabi/lib/thumb/v8-m.main+fp/hard\libc_nano.a(lib_a-impure.o)
                0x20001024                _impure_ptr
 .data.impure_data
                0x20001028       0x60 d:/fsoft-iot/simplicity/developer/toolchains/gnu_arm/10.2_2020q4/bin/../lib/gcc/arm-none-eabi/10.2.1/../../../../arm-none-eabi/lib/thumb/v8-m.main+fp/hard\libc_nano.a(lib_a-impure.o)
                0x20001088                . = ALIGN (0x4)
                [!provide]                PROVIDE (__ram_func_section_start = .)
 *(.ram)
                [!provide]                PROVIDE (__ram_func_section_end = .)
                0x20001088                . = ALIGN (0x4)
                0x20001088                PROVIDE (__preinit_array_start = .)
 *(.preinit_array)
                0x20001088                PROVIDE (__preinit_array_end = .)
                0x20001088                . = ALIGN (0x4)
                0x20001088                PROVIDE (__init_array_start = .)
 *(SORT_BY_NAME(.init_array.*))
 *(.init_array)
 .init_array    0x20001088        0x4 d:/fsoft-iot/simplicity/developer/toolchains/gnu_arm/10.2_2020q4/bin/../lib/gcc/arm-none-eabi/10.2.1/thumb/v8-m.main+fp/hard/crtbegin.o
                0x2000108c                PROVIDE (__init_array_end = .)
                0x2000108c                . = ALIGN (0x4)
                [!provide]                PROVIDE (__fini_array_start = .)
 *(SORT_BY_NAME(.fini_array.*))
 *(.fini_array)
 .fini_array    0x2000108c        0x4 d:/fsoft-iot/simplicity/developer/toolchains/gnu_arm/10.2_2020q4/bin/../lib/gcc/arm-none-eabi/10.2.1/thumb/v8-m.main+fp/hard/crtbegin.o
                [!provide]                PROVIDE (__fini_array_end = .)
                0x20001090                . = ALIGN (0x4)
                0x20001090                __data_end__ = .

.igot.plt       0x20001090        0x0 load address 0x00003eb8
 .igot.plt      0x20001090        0x0 d:/fsoft-iot/simplicity/developer/toolchains/gnu_arm/10.2_2020q4/bin/../lib/gcc/arm-none-eabi/10.2.1/thumb/v8-m.main+fp/hard/crtbegin.o

.bss            0x20001090      0x430 load address 0x00003eb8
                0x20001090                . = ALIGN (0x4)
                0x20001090                __bss_start__ = .
 *(.bss*)
 .bss           0x20001090       0x1c d:/fsoft-iot/simplicity/developer/toolchains/gnu_arm/10.2_2020q4/bin/../lib/gcc/arm-none-eabi/10.2.1/thumb/v8-m.main+fp/hard/crtbegin.o
 .bss.context_vcom
                0x200010ac       0x3c ./autogen/sl_iostream_init_usart_instances.o
 .bss.rx_buffer_vcom
                0x200010e8       0x20 ./autogen/sl_iostream_init_usart_instances.o
 .bss.sl_iostream_vcom
                0x20001108       0x18 ./autogen/sl_iostream_init_usart_instances.o
 .bss.app_log_iostream
                0x20001120        0x4 ./gecko_sdk_4.0.2/app/common/util/app_log/app_log.o
                0x20001120                app_log_iostream
 .bss.level_mask_enabled
                0x20001124        0x1 ./gecko_sdk_4.0.2/app/common/util/app_log/app_log.o
 *fill*         0x20001125        0x3 
 .bss.chTable   0x20001128       0x80 ./gecko_sdk_4.0.2/platform/emdrv/dmadrv/src/dmadrv.o
 .bss.dmaXfer   0x200011a8      0x100 ./gecko_sdk_4.0.2/platform/emdrv/dmadrv/src/dmadrv.o
 .bss.gpioCallbacks
                0x200012a8      0x200 ./gecko_sdk_4.0.2/platform/emdrv/gpiointerrupt/src/gpiointerrupt.o
 .bss.ctuneDelta
                0x200014a8        0x1 ./gecko_sdk_4.0.2/platform/emlib/src/em_cmu.o
 .bss.vScaleEM01Config
                0x200014a9        0x1 ./gecko_sdk_4.0.2/platform/emlib/src/em_emu.o
 *fill*         0x200014aa        0x2 
 .bss.sli_iostream_default
                0x200014ac        0x4 ./gecko_sdk_4.0.2/platform/service/iostream/src/sl_iostream.o
 .bss.__lock___malloc_recursive_mutex
                0x200014b0        0x1 d:/fsoft-iot/simplicity/developer/toolchains/gnu_arm/10.2_2020q4/bin/../lib/gcc/arm-none-eabi/10.2.1/../../../../arm-none-eabi/lib/thumb/v8-m.main+fp/hard\libc_nano.a(lib_a-lock.o)
                0x200014b0                __lock___malloc_recursive_mutex
 .bss.__lock___sfp_recursive_mutex
                0x200014b1        0x1 d:/fsoft-iot/simplicity/developer/toolchains/gnu_arm/10.2_2020q4/bin/../lib/gcc/arm-none-eabi/10.2.1/../../../../arm-none-eabi/lib/thumb/v8-m.main+fp/hard\libc_nano.a(lib_a-lock.o)
                0x200014b1                __lock___sfp_recursive_mutex
 .bss.__lock___sinit_recursive_mutex
                0x200014b2        0x1 d:/fsoft-iot/simplicity/developer/toolchains/gnu_arm/10.2_2020q4/bin/../lib/gcc/arm-none-eabi/10.2.1/../../../../arm-none-eabi/lib/thumb/v8-m.main+fp/hard\libc_nano.a(lib_a-lock.o)
                0x200014b2                __lock___sinit_recursive_mutex
 *fill*         0x200014b3        0x1 
 .bss.__malloc_free_list
                0x200014b4        0x4 d:/fsoft-iot/simplicity/developer/toolchains/gnu_arm/10.2_2020q4/bin/../lib/gcc/arm-none-eabi/10.2.1/../../../../arm-none-eabi/lib/thumb/v8-m.main+fp/hard\libc_nano.a(lib_a-nano-mallocr.o)
                0x200014b4                __malloc_free_list
 .bss.__malloc_sbrk_start
                0x200014b8        0x4 d:/fsoft-iot/simplicity/developer/toolchains/gnu_arm/10.2_2020q4/bin/../lib/gcc/arm-none-eabi/10.2.1/../../../../arm-none-eabi/lib/thumb/v8-m.main+fp/hard\libc_nano.a(lib_a-nano-mallocr.o)
                0x200014b8                __malloc_sbrk_start
 .bss.errno     0x200014bc        0x4 d:/fsoft-iot/simplicity/developer/toolchains/gnu_arm/10.2_2020q4/bin/../lib/gcc/arm-none-eabi/10.2.1/../../../../arm-none-eabi/lib/thumb/v8-m.main+fp/hard\libc_nano.a(lib_a-reent.o)
                0x200014bc                errno
 *(COMMON)
                0x200014c0                . = ALIGN (0x4)
                0x200014c0                __bss_end__ = .

.heap           0x200014c0     0x6b40
                0x200014c0                __HeapBase = .
                0x200014c0                __end__ = .
                0x200014c0                end = __end__
                0x200014c0                _end = __end__
 *(.heap*)
 .heap          0x200014c0      0x800 ./gecko_sdk_4.0.2/platform/common/toolchain/src/sl_memory.o
                0x20008000                . = (ORIGIN (RAM) + LENGTH (RAM))
 *fill*         0x20001cc0     0x6340 
                0x20008000                __HeapLimit = .
                0x00006b40                __heap_size = (__HeapLimit - __HeapBase)
                0x0007e000                __main_flash_end__ = 0x7e000

.internal_storage
                0x00003e28        0x0
 *(.internal_storage*)

.nvm            0x00003e28        0x0
 *(.simee*)
                0x0007e000                linker_nvm_end = __main_flash_end__
                0x0007e000                linker_nvm_begin = (linker_nvm_end - SIZEOF (.nvm))
                0x00000000                linker_nvm_size = SIZEOF (.nvm)
                0x0007e000                linker_storage_end = linker_nvm_begin
                0x0007e000                linker_storage_begin = (linker_storage_end - SIZEOF (.internal_storage))
                0x00000000                linker_storage_size = SIZEOF (.internal_storage)
                0x0007e000                __nvm3Base = linker_nvm_begin
OUTPUT(emptyCCC.axf elf32-littlearm)
LOAD linker stubs

.ARM.attributes
                0x00000000       0x36
 .ARM.attributes
                0x00000000       0x22 d:/fsoft-iot/simplicity/developer/toolchains/gnu_arm/10.2_2020q4/bin/../lib/gcc/arm-none-eabi/10.2.1/thumb/v8-m.main+fp/hard/crti.o
 .ARM.attributes
                0x00000022       0x38 d:/fsoft-iot/simplicity/developer/toolchains/gnu_arm/10.2_2020q4/bin/../lib/gcc/arm-none-eabi/10.2.1/thumb/v8-m.main+fp/hard/crtbegin.o
 .ARM.attributes
                0x0000005a       0x20 d:/fsoft-iot/simplicity/developer/toolchains/gnu_arm/10.2_2020q4/bin/../lib/gcc/arm-none-eabi/10.2.1/../../../../arm-none-eabi/lib/thumb/v8-m.main+fp/hard/crt0.o
 .ARM.attributes
                0x0000007a       0x3a ./app.o
 .ARM.attributes
                0x000000b4       0x3a ./main.o
 .ARM.attributes
                0x000000ee       0x3a ./autogen/sl_board_default_init.o
 .ARM.attributes
                0x00000128       0x3a ./autogen/sl_device_init_clocks.o
 .ARM.attributes
                0x00000162       0x3a ./autogen/sl_event_handler.o
 .ARM.attributes
                0x0000019c       0x3a ./autogen/sl_iostream_init_usart_instances.o
 .ARM.attributes
                0x000001d6       0x3a ./autogen/sl_simple_button_instances.o
 .ARM.attributes
                0x00000210       0x3a ./gecko_sdk_4.0.2/app/common/util/app_log/app_log.o
 .ARM.attributes
                0x0000024a       0x3a ./gecko_sdk_4.0.2/hardware/board/src/sl_board_control_gpio.o
 .ARM.attributes
                0x00000284       0x3a ./gecko_sdk_4.0.2/hardware/board/src/sl_board_init.o
 .ARM.attributes
                0x000002be       0x3a ./gecko_sdk_4.0.2/platform/Device/SiliconLabs/BGM22/Source/GCC/startup_bgm22.o
 .ARM.attributes
                0x000002f8       0x3a ./gecko_sdk_4.0.2/platform/Device/SiliconLabs/BGM22/Source/system_bgm22.o
 .ARM.attributes
                0x00000332       0x3a ./gecko_sdk_4.0.2/platform/common/toolchain/src/sl_memory.o
 .ARM.attributes
                0x0000036c       0x3a ./gecko_sdk_4.0.2/platform/driver/button/src/sl_button.o
 .ARM.attributes
                0x000003a6       0x3a ./gecko_sdk_4.0.2/platform/driver/button/src/sl_simple_button.o
 .ARM.attributes
                0x000003e0       0x3a ./gecko_sdk_4.0.2/platform/emdrv/dmadrv/src/dmadrv.o
 .ARM.attributes
                0x0000041a       0x3a ./gecko_sdk_4.0.2/platform/emdrv/gpiointerrupt/src/gpiointerrupt.o
 .ARM.attributes
                0x00000454       0x3a ./gecko_sdk_4.0.2/platform/emlib/src/em_assert.o
 .ARM.attributes
                0x0000048e       0x3a ./gecko_sdk_4.0.2/platform/emlib/src/em_cmu.o
 .ARM.attributes
                0x000004c8       0x3a ./gecko_sdk_4.0.2/platform/emlib/src/em_core.o
 .ARM.attributes
                0x00000502       0x3a ./gecko_sdk_4.0.2/platform/emlib/src/em_emu.o
 .ARM.attributes
                0x0000053c       0x3a ./gecko_sdk_4.0.2/platform/emlib/src/em_gpio.o
 .ARM.attributes
                0x00000576       0x3a ./gecko_sdk_4.0.2/platform/emlib/src/em_usart.o
 .ARM.attributes
                0x000005b0       0x3a ./gecko_sdk_4.0.2/platform/service/device_init/src/sl_device_init_dcdc_s2.o
 .ARM.attributes
                0x000005ea       0x3a ./gecko_sdk_4.0.2/platform/service/device_init/src/sl_device_init_emu_s2.o
 .ARM.attributes
                0x00000624       0x3a ./gecko_sdk_4.0.2/platform/service/device_init/src/sl_device_init_hfxo_s2.o
 .ARM.attributes
                0x0000065e       0x3a ./gecko_sdk_4.0.2/platform/service/device_init/src/sl_device_init_lfxo_s2.o
 .ARM.attributes
                0x00000698       0x3a ./gecko_sdk_4.0.2/platform/service/device_init/src/sl_device_init_nvic.o
 .ARM.attributes
                0x000006d2       0x3a ./gecko_sdk_4.0.2/platform/service/iostream/src/sl_iostream.o
 .ARM.attributes
                0x0000070c       0x3a ./gecko_sdk_4.0.2/platform/service/iostream/src/sl_iostream_retarget_stdio.o
 .ARM.attributes
                0x00000746       0x3a ./gecko_sdk_4.0.2/platform/service/iostream/src/sl_iostream_stdlib_config.o
 .ARM.attributes
                0x00000780       0x3a ./gecko_sdk_4.0.2/platform/service/iostream/src/sl_iostream_uart.o
 .ARM.attributes
                0x000007ba       0x3a ./gecko_sdk_4.0.2/platform/service/iostream/src/sl_iostream_usart.o
 .ARM.attributes
                0x000007f4       0x3a ./gecko_sdk_4.0.2/platform/service/system/src/sl_system_init.o
 .ARM.attributes
                0x0000082e       0x3a ./gecko_sdk_4.0.2/platform/service/system/src/sl_system_process_action.o
 .ARM.attributes
                0x00000868       0x38 d:/fsoft-iot/simplicity/developer/toolchains/gnu_arm/10.2_2020q4/bin/../lib/gcc/arm-none-eabi/10.2.1/../../../../arm-none-eabi/lib/thumb/v8-m.main+fp/hard\libc_nano.a(lib_a-exit.o)
 .ARM.attributes
                0x000008a0       0x38 d:/fsoft-iot/simplicity/developer/toolchains/gnu_arm/10.2_2020q4/bin/../lib/gcc/arm-none-eabi/10.2.1/../../../../arm-none-eabi/lib/thumb/v8-m.main+fp/hard\libc_nano.a(lib_a-getchar.o)
 .ARM.attributes
                0x000008d8       0x36 d:/fsoft-iot/simplicity/developer/toolchains/gnu_arm/10.2_2020q4/bin/../lib/gcc/arm-none-eabi/10.2.1/../../../../arm-none-eabi/lib/thumb/v8-m.main+fp/hard\libc_nano.a(lib_a-impure.o)
 .ARM.attributes
                0x0000090e       0x38 d:/fsoft-iot/simplicity/developer/toolchains/gnu_arm/10.2_2020q4/bin/../lib/gcc/arm-none-eabi/10.2.1/../../../../arm-none-eabi/lib/thumb/v8-m.main+fp/hard\libc_nano.a(lib_a-init.o)
 .ARM.attributes
                0x00000946       0x38 d:/fsoft-iot/simplicity/developer/toolchains/gnu_arm/10.2_2020q4/bin/../lib/gcc/arm-none-eabi/10.2.1/../../../../arm-none-eabi/lib/thumb/v8-m.main+fp/hard\libc_nano.a(lib_a-memset.o)
 .ARM.attributes
                0x0000097e       0x38 d:/fsoft-iot/simplicity/developer/toolchains/gnu_arm/10.2_2020q4/bin/../lib/gcc/arm-none-eabi/10.2.1/../../../../arm-none-eabi/lib/thumb/v8-m.main+fp/hard\libc_nano.a(lib_a-printf.o)
 .ARM.attributes
                0x000009b6       0x38 d:/fsoft-iot/simplicity/developer/toolchains/gnu_arm/10.2_2020q4/bin/../lib/gcc/arm-none-eabi/10.2.1/../../../../arm-none-eabi/lib/thumb/v8-m.main+fp/hard\libc_nano.a(lib_a-setvbuf.o)
 .ARM.attributes
                0x000009ee       0x38 d:/fsoft-iot/simplicity/developer/toolchains/gnu_arm/10.2_2020q4/bin/../lib/gcc/arm-none-eabi/10.2.1/../../../../arm-none-eabi/lib/thumb/v8-m.main+fp/hard\libc_nano.a(lib_a-fflush.o)
 .ARM.attributes
                0x00000a26       0x38 d:/fsoft-iot/simplicity/developer/toolchains/gnu_arm/10.2_2020q4/bin/../lib/gcc/arm-none-eabi/10.2.1/../../../../arm-none-eabi/lib/thumb/v8-m.main+fp/hard\libc_nano.a(lib_a-findfp.o)
 .ARM.attributes
                0x00000a5e       0x38 d:/fsoft-iot/simplicity/developer/toolchains/gnu_arm/10.2_2020q4/bin/../lib/gcc/arm-none-eabi/10.2.1/../../../../arm-none-eabi/lib/thumb/v8-m.main+fp/hard\libc_nano.a(lib_a-fwalk.o)
 .ARM.attributes
                0x00000a96       0x38 d:/fsoft-iot/simplicity/developer/toolchains/gnu_arm/10.2_2020q4/bin/../lib/gcc/arm-none-eabi/10.2.1/../../../../arm-none-eabi/lib/thumb/v8-m.main+fp/hard\libc_nano.a(lib_a-getc.o)
 .ARM.attributes
                0x00000ace       0x38 d:/fsoft-iot/simplicity/developer/toolchains/gnu_arm/10.2_2020q4/bin/../lib/gcc/arm-none-eabi/10.2.1/../../../../arm-none-eabi/lib/thumb/v8-m.main+fp/hard\libc_nano.a(lib_a-lock.o)
 .ARM.attributes
                0x00000b06       0x38 d:/fsoft-iot/simplicity/developer/toolchains/gnu_arm/10.2_2020q4/bin/../lib/gcc/arm-none-eabi/10.2.1/../../../../arm-none-eabi/lib/thumb/v8-m.main+fp/hard\libc_nano.a(lib_a-makebuf.o)
 .ARM.attributes
                0x00000b3e       0x38 d:/fsoft-iot/simplicity/developer/toolchains/gnu_arm/10.2_2020q4/bin/../lib/gcc/arm-none-eabi/10.2.1/../../../../arm-none-eabi/lib/thumb/v8-m.main+fp/hard\libc_nano.a(lib_a-malloc.o)
 .ARM.attributes
                0x00000b76       0x38 d:/fsoft-iot/simplicity/developer/toolchains/gnu_arm/10.2_2020q4/bin/../lib/gcc/arm-none-eabi/10.2.1/../../../../arm-none-eabi/lib/thumb/v8-m.main+fp/hard\libc_nano.a(lib_a-nano-freer.o)
 .ARM.attributes
                0x00000bae       0x38 d:/fsoft-iot/simplicity/developer/toolchains/gnu_arm/10.2_2020q4/bin/../lib/gcc/arm-none-eabi/10.2.1/../../../../arm-none-eabi/lib/thumb/v8-m.main+fp/hard\libc_nano.a(lib_a-nano-mallocr.o)
 .ARM.attributes
                0x00000be6       0x38 d:/fsoft-iot/simplicity/developer/toolchains/gnu_arm/10.2_2020q4/bin/../lib/gcc/arm-none-eabi/10.2.1/../../../../arm-none-eabi/lib/thumb/v8-m.main+fp/hard\libc_nano.a(lib_a-nano-vfprintf.o)
 .ARM.attributes
                0x00000c1e       0x38 d:/fsoft-iot/simplicity/developer/toolchains/gnu_arm/10.2_2020q4/bin/../lib/gcc/arm-none-eabi/10.2.1/../../../../arm-none-eabi/lib/thumb/v8-m.main+fp/hard\libc_nano.a(lib_a-nano-vfprintf_i.o)
 .ARM.attributes
                0x00000c56       0x38 d:/fsoft-iot/simplicity/developer/toolchains/gnu_arm/10.2_2020q4/bin/../lib/gcc/arm-none-eabi/10.2.1/../../../../arm-none-eabi/lib/thumb/v8-m.main+fp/hard\libc_nano.a(lib_a-rget.o)
 .ARM.attributes
                0x00000c8e       0x38 d:/fsoft-iot/simplicity/developer/toolchains/gnu_arm/10.2_2020q4/bin/../lib/gcc/arm-none-eabi/10.2.1/../../../../arm-none-eabi/lib/thumb/v8-m.main+fp/hard\libc_nano.a(lib_a-sbrkr.o)
 .ARM.attributes
                0x00000cc6       0x38 d:/fsoft-iot/simplicity/developer/toolchains/gnu_arm/10.2_2020q4/bin/../lib/gcc/arm-none-eabi/10.2.1/../../../../arm-none-eabi/lib/thumb/v8-m.main+fp/hard\libc_nano.a(lib_a-stdio.o)
 .ARM.attributes
                0x00000cfe       0x38 d:/fsoft-iot/simplicity/developer/toolchains/gnu_arm/10.2_2020q4/bin/../lib/gcc/arm-none-eabi/10.2.1/../../../../arm-none-eabi/lib/thumb/v8-m.main+fp/hard\libc_nano.a(lib_a-wbuf.o)
 .ARM.attributes
                0x00000d36       0x38 d:/fsoft-iot/simplicity/developer/toolchains/gnu_arm/10.2_2020q4/bin/../lib/gcc/arm-none-eabi/10.2.1/../../../../arm-none-eabi/lib/thumb/v8-m.main+fp/hard\libc_nano.a(lib_a-writer.o)
 .ARM.attributes
                0x00000d6e       0x38 d:/fsoft-iot/simplicity/developer/toolchains/gnu_arm/10.2_2020q4/bin/../lib/gcc/arm-none-eabi/10.2.1/../../../../arm-none-eabi/lib/thumb/v8-m.main+fp/hard\libc_nano.a(lib_a-wsetup.o)
 .ARM.attributes
                0x00000da6       0x38 d:/fsoft-iot/simplicity/developer/toolchains/gnu_arm/10.2_2020q4/bin/../lib/gcc/arm-none-eabi/10.2.1/../../../../arm-none-eabi/lib/thumb/v8-m.main+fp/hard\libc_nano.a(lib_a-closer.o)
 .ARM.attributes
                0x00000dde       0x38 d:/fsoft-iot/simplicity/developer/toolchains/gnu_arm/10.2_2020q4/bin/../lib/gcc/arm-none-eabi/10.2.1/../../../../arm-none-eabi/lib/thumb/v8-m.main+fp/hard\libc_nano.a(lib_a-fstatr.o)
 .ARM.attributes
                0x00000e16       0x38 d:/fsoft-iot/simplicity/developer/toolchains/gnu_arm/10.2_2020q4/bin/../lib/gcc/arm-none-eabi/10.2.1/../../../../arm-none-eabi/lib/thumb/v8-m.main+fp/hard\libc_nano.a(lib_a-isattyr.o)
 .ARM.attributes
                0x00000e4e       0x38 d:/fsoft-iot/simplicity/developer/toolchains/gnu_arm/10.2_2020q4/bin/../lib/gcc/arm-none-eabi/10.2.1/../../../../arm-none-eabi/lib/thumb/v8-m.main+fp/hard\libc_nano.a(lib_a-lseekr.o)
 .ARM.attributes
                0x00000e86       0x38 d:/fsoft-iot/simplicity/developer/toolchains/gnu_arm/10.2_2020q4/bin/../lib/gcc/arm-none-eabi/10.2.1/../../../../arm-none-eabi/lib/thumb/v8-m.main+fp/hard\libc_nano.a(lib_a-memchr-stub.o)
 .ARM.attributes
                0x00000ebe       0x38 d:/fsoft-iot/simplicity/developer/toolchains/gnu_arm/10.2_2020q4/bin/../lib/gcc/arm-none-eabi/10.2.1/../../../../arm-none-eabi/lib/thumb/v8-m.main+fp/hard\libc_nano.a(lib_a-mlock.o)
 .ARM.attributes
                0x00000ef6       0x38 d:/fsoft-iot/simplicity/developer/toolchains/gnu_arm/10.2_2020q4/bin/../lib/gcc/arm-none-eabi/10.2.1/../../../../arm-none-eabi/lib/thumb/v8-m.main+fp/hard\libc_nano.a(lib_a-readr.o)
 .ARM.attributes
                0x00000f2e       0x38 d:/fsoft-iot/simplicity/developer/toolchains/gnu_arm/10.2_2020q4/bin/../lib/gcc/arm-none-eabi/10.2.1/../../../../arm-none-eabi/lib/thumb/v8-m.main+fp/hard\libc_nano.a(lib_a-reent.o)
 .ARM.attributes
                0x00000f66       0x38 d:/fsoft-iot/simplicity/developer/toolchains/gnu_arm/10.2_2020q4/bin/../lib/gcc/arm-none-eabi/10.2.1/../../../../arm-none-eabi/lib/thumb/v8-m.main+fp/hard\libc_nano.a(lib_a-refill.o)
 .ARM.attributes
                0x00000f9e       0x22 d:/fsoft-iot/simplicity/developer/toolchains/gnu_arm/10.2_2020q4/bin/../lib/gcc/arm-none-eabi/10.2.1/thumb/v8-m.main+fp/hard/crtn.o

.comment        0x00000000       0x4d
 .comment       0x00000000       0x4d ./app.o
                                 0x4e (size before relaxing)
 .comment       0x0000004d       0x4e ./main.o
 .comment       0x0000004d       0x4e ./autogen/sl_board_default_init.o
 .comment       0x0000004d       0x4e ./autogen/sl_device_init_clocks.o
 .comment       0x0000004d       0x4e ./autogen/sl_event_handler.o
 .comment       0x0000004d       0x4e ./autogen/sl_iostream_init_usart_instances.o
 .comment       0x0000004d       0x4e ./autogen/sl_simple_button_instances.o
 .comment       0x0000004d       0x4e ./gecko_sdk_4.0.2/app/common/util/app_log/app_log.o
 .comment       0x0000004d       0x4e ./gecko_sdk_4.0.2/hardware/board/src/sl_board_control_gpio.o
 .comment       0x0000004d       0x4e ./gecko_sdk_4.0.2/hardware/board/src/sl_board_init.o
 .comment       0x0000004d       0x4e ./gecko_sdk_4.0.2/platform/Device/SiliconLabs/BGM22/Source/GCC/startup_bgm22.o
 .comment       0x0000004d       0x4e ./gecko_sdk_4.0.2/platform/Device/SiliconLabs/BGM22/Source/system_bgm22.o
 .comment       0x0000004d       0x4e ./gecko_sdk_4.0.2/platform/common/toolchain/src/sl_memory.o
 .comment       0x0000004d       0x4e ./gecko_sdk_4.0.2/platform/driver/button/src/sl_button.o
 .comment       0x0000004d       0x4e ./gecko_sdk_4.0.2/platform/driver/button/src/sl_simple_button.o
 .comment       0x0000004d       0x4e ./gecko_sdk_4.0.2/platform/emdrv/dmadrv/src/dmadrv.o
 .comment       0x0000004d       0x4e ./gecko_sdk_4.0.2/platform/emdrv/gpiointerrupt/src/gpiointerrupt.o
 .comment       0x0000004d       0x4e ./gecko_sdk_4.0.2/platform/emlib/src/em_assert.o
 .comment       0x0000004d       0x4e ./gecko_sdk_4.0.2/platform/emlib/src/em_cmu.o
 .comment       0x0000004d       0x4e ./gecko_sdk_4.0.2/platform/emlib/src/em_core.o
 .comment       0x0000004d       0x4e ./gecko_sdk_4.0.2/platform/emlib/src/em_emu.o
 .comment       0x0000004d       0x4e ./gecko_sdk_4.0.2/platform/emlib/src/em_gpio.o
 .comment       0x0000004d       0x4e ./gecko_sdk_4.0.2/platform/emlib/src/em_usart.o
 .comment       0x0000004d       0x4e ./gecko_sdk_4.0.2/platform/service/device_init/src/sl_device_init_dcdc_s2.o
 .comment       0x0000004d       0x4e ./gecko_sdk_4.0.2/platform/service/device_init/src/sl_device_init_emu_s2.o
 .comment       0x0000004d       0x4e ./gecko_sdk_4.0.2/platform/service/device_init/src/sl_device_init_hfxo_s2.o
 .comment       0x0000004d       0x4e ./gecko_sdk_4.0.2/platform/service/device_init/src/sl_device_init_lfxo_s2.o
 .comment       0x0000004d       0x4e ./gecko_sdk_4.0.2/platform/service/device_init/src/sl_device_init_nvic.o
 .comment       0x0000004d       0x4e ./gecko_sdk_4.0.2/platform/service/iostream/src/sl_iostream.o
 .comment       0x0000004d       0x4e ./gecko_sdk_4.0.2/platform/service/iostream/src/sl_iostream_retarget_stdio.o
 .comment       0x0000004d       0x4e ./gecko_sdk_4.0.2/platform/service/iostream/src/sl_iostream_stdlib_config.o
 .comment       0x0000004d       0x4e ./gecko_sdk_4.0.2/platform/service/iostream/src/sl_iostream_uart.o
 .comment       0x0000004d       0x4e ./gecko_sdk_4.0.2/platform/service/iostream/src/sl_iostream_usart.o
 .comment       0x0000004d       0x4e ./gecko_sdk_4.0.2/platform/service/system/src/sl_system_init.o
 .comment       0x0000004d       0x4e ./gecko_sdk_4.0.2/platform/service/system/src/sl_system_process_action.o

.debug_info     0x00000000    0x2522f
 .debug_info    0x00000000     0x131b ./app.o
 .debug_info    0x0000131b       0xb1 ./main.o
 .debug_info    0x000013cc       0x8a ./autogen/sl_board_default_init.o
 .debug_info    0x00001456      0x388 ./autogen/sl_device_init_clocks.o
 .debug_info    0x000017de     0x132c ./autogen/sl_event_handler.o
 .debug_info    0x00002b0a     0x149a ./autogen/sl_iostream_init_usart_instances.o
 .debug_info    0x00003fa4      0x311 ./autogen/sl_simple_button_instances.o
 .debug_info    0x000042b5      0x5ba ./gecko_sdk_4.0.2/app/common/util/app_log/app_log.o
 .debug_info    0x0000486f      0x3a5 ./gecko_sdk_4.0.2/hardware/board/src/sl_board_control_gpio.o
 .debug_info    0x00004c14      0x27e ./gecko_sdk_4.0.2/hardware/board/src/sl_board_init.o
 .debug_info    0x00004e92      0x21f ./gecko_sdk_4.0.2/platform/Device/SiliconLabs/BGM22/Source/GCC/startup_bgm22.o
 .debug_info    0x000050b1     0x1370 ./gecko_sdk_4.0.2/platform/Device/SiliconLabs/BGM22/Source/system_bgm22.o
 .debug_info    0x00006421      0x209 ./gecko_sdk_4.0.2/platform/common/toolchain/src/sl_memory.o
 .debug_info    0x0000662a      0x2da ./gecko_sdk_4.0.2/platform/driver/button/src/sl_button.o
 .debug_info    0x00006904     0x1a6f ./gecko_sdk_4.0.2/platform/driver/button/src/sl_simple_button.o
 .debug_info    0x00008373     0x2028 ./gecko_sdk_4.0.2/platform/emdrv/dmadrv/src/dmadrv.o
 .debug_info    0x0000a39b     0x1b8d ./gecko_sdk_4.0.2/platform/emdrv/gpiointerrupt/src/gpiointerrupt.o
 .debug_info    0x0000bf28       0x8a ./gecko_sdk_4.0.2/platform/emlib/src/em_assert.o
 .debug_info    0x0000bfb2     0x72eb ./gecko_sdk_4.0.2/platform/emlib/src/em_cmu.o
 .debug_info    0x0001329d     0x13e0 ./gecko_sdk_4.0.2/platform/emlib/src/em_core.o
 .debug_info    0x0001467d     0x39ef ./gecko_sdk_4.0.2/platform/emlib/src/em_emu.o
 .debug_info    0x0001806c     0x2195 ./gecko_sdk_4.0.2/platform/emlib/src/em_gpio.o
 .debug_info    0x0001a201     0x4035 ./gecko_sdk_4.0.2/platform/emlib/src/em_usart.o
 .debug_info    0x0001e236      0x2ad ./gecko_sdk_4.0.2/platform/service/device_init/src/sl_device_init_dcdc_s2.o
 .debug_info    0x0001e4e3      0x9ab ./gecko_sdk_4.0.2/platform/service/device_init/src/sl_device_init_emu_s2.o
 .debug_info    0x0001ee8e      0x830 ./gecko_sdk_4.0.2/platform/service/device_init/src/sl_device_init_hfxo_s2.o
 .debug_info    0x0001f6be      0x26d ./gecko_sdk_4.0.2/platform/service/device_init/src/sl_device_init_lfxo_s2.o
 .debug_info    0x0001f92b      0x892 ./gecko_sdk_4.0.2/platform/service/device_init/src/sl_device_init_nvic.o
 .debug_info    0x000201bd      0x565 ./gecko_sdk_4.0.2/platform/service/iostream/src/sl_iostream.o
 .debug_info    0x00020722      0x5bb ./gecko_sdk_4.0.2/platform/service/iostream/src/sl_iostream_retarget_stdio.o
 .debug_info    0x00020cdd      0xa25 ./gecko_sdk_4.0.2/platform/service/iostream/src/sl_iostream_stdlib_config.o
 .debug_info    0x00021702     0x10ab ./gecko_sdk_4.0.2/platform/service/iostream/src/sl_iostream_uart.o
 .debug_info    0x000227ad     0x291d ./gecko_sdk_4.0.2/platform/service/iostream/src/sl_iostream_usart.o
 .debug_info    0x000250ca       0xbe ./gecko_sdk_4.0.2/platform/service/system/src/sl_system_init.o
 .debug_info    0x00025188       0xa7 ./gecko_sdk_4.0.2/platform/service/system/src/sl_system_process_action.o

.debug_abbrev   0x00000000     0x45df
 .debug_abbrev  0x00000000      0x20b ./app.o
 .debug_abbrev  0x0000020b       0x61 ./main.o
 .debug_abbrev  0x0000026c       0x49 ./autogen/sl_board_default_init.o
 .debug_abbrev  0x000002b5       0xc8 ./autogen/sl_device_init_clocks.o
 .debug_abbrev  0x0000037d      0x1cd ./autogen/sl_event_handler.o
 .debug_abbrev  0x0000054a      0x22e ./autogen/sl_iostream_init_usart_instances.o
 .debug_abbrev  0x00000778      0x14c ./autogen/sl_simple_button_instances.o
 .debug_abbrev  0x000008c4      0x285 ./gecko_sdk_4.0.2/app/common/util/app_log/app_log.o
 .debug_abbrev  0x00000b49      0x170 ./gecko_sdk_4.0.2/hardware/board/src/sl_board_control_gpio.o
 .debug_abbrev  0x00000cb9       0xe9 ./gecko_sdk_4.0.2/hardware/board/src/sl_board_init.o
 .debug_abbrev  0x00000da2      0x148 ./gecko_sdk_4.0.2/platform/Device/SiliconLabs/BGM22/Source/GCC/startup_bgm22.o
 .debug_abbrev  0x00000eea      0x274 ./gecko_sdk_4.0.2/platform/Device/SiliconLabs/BGM22/Source/system_bgm22.o
 .debug_abbrev  0x0000115e      0x121 ./gecko_sdk_4.0.2/platform/common/toolchain/src/sl_memory.o
 .debug_abbrev  0x0000127f      0x134 ./gecko_sdk_4.0.2/platform/driver/button/src/sl_button.o
 .debug_abbrev  0x000013b3      0x337 ./gecko_sdk_4.0.2/platform/driver/button/src/sl_simple_button.o
 .debug_abbrev  0x000016ea      0x3a0 ./gecko_sdk_4.0.2/platform/emdrv/dmadrv/src/dmadrv.o
 .debug_abbrev  0x00001a8a      0x38f ./gecko_sdk_4.0.2/platform/emdrv/gpiointerrupt/src/gpiointerrupt.o
 .debug_abbrev  0x00001e19       0x6f ./gecko_sdk_4.0.2/platform/emlib/src/em_assert.o
 .debug_abbrev  0x00001e88      0x4d5 ./gecko_sdk_4.0.2/platform/emlib/src/em_cmu.o
 .debug_abbrev  0x0000235d      0x316 ./gecko_sdk_4.0.2/platform/emlib/src/em_core.o
 .debug_abbrev  0x00002673      0x4c6 ./gecko_sdk_4.0.2/platform/emlib/src/em_emu.o
 .debug_abbrev  0x00002b39      0x329 ./gecko_sdk_4.0.2/platform/emlib/src/em_gpio.o
 .debug_abbrev  0x00002e62      0x324 ./gecko_sdk_4.0.2/platform/emlib/src/em_usart.o
 .debug_abbrev  0x00003186       0xe3 ./gecko_sdk_4.0.2/platform/service/device_init/src/sl_device_init_dcdc_s2.o
 .debug_abbrev  0x00003269      0x13d ./gecko_sdk_4.0.2/platform/service/device_init/src/sl_device_init_emu_s2.o
 .debug_abbrev  0x000033a6      0x172 ./gecko_sdk_4.0.2/platform/service/device_init/src/sl_device_init_hfxo_s2.o
 .debug_abbrev  0x00003518       0xf0 ./gecko_sdk_4.0.2/platform/service/device_init/src/sl_device_init_lfxo_s2.o
 .debug_abbrev  0x00003608      0x147 ./gecko_sdk_4.0.2/platform/service/device_init/src/sl_device_init_nvic.o
 .debug_abbrev  0x0000374f      0x23a ./gecko_sdk_4.0.2/platform/service/iostream/src/sl_iostream.o
 .debug_abbrev  0x00003989      0x19b ./gecko_sdk_4.0.2/platform/service/iostream/src/sl_iostream_retarget_stdio.o
 .debug_abbrev  0x00003b24      0x1cf ./gecko_sdk_4.0.2/platform/service/iostream/src/sl_iostream_stdlib_config.o
 .debug_abbrev  0x00003cf3      0x4bf ./gecko_sdk_4.0.2/platform/service/iostream/src/sl_iostream_uart.o
 .debug_abbrev  0x000041b2      0x369 ./gecko_sdk_4.0.2/platform/service/iostream/src/sl_iostream_usart.o
 .debug_abbrev  0x0000451b       0x62 ./gecko_sdk_4.0.2/platform/service/system/src/sl_system_init.o
 .debug_abbrev  0x0000457d       0x62 ./gecko_sdk_4.0.2/platform/service/system/src/sl_system_process_action.o

.debug_loc      0x00000000     0x9390
 .debug_loc     0x00000000       0xc4 ./app.o
 .debug_loc     0x000000c4       0x20 ./main.o
 .debug_loc     0x000000e4       0x20 ./autogen/sl_device_init_clocks.o
 .debug_loc     0x00000104       0xa1 ./autogen/sl_event_handler.o
 .debug_loc     0x000001a5       0x68 ./autogen/sl_iostream_init_usart_instances.o
 .debug_loc     0x0000020d      0x29f ./gecko_sdk_4.0.2/app/common/util/app_log/app_log.o
 .debug_loc     0x000004ac      0x20a ./gecko_sdk_4.0.2/hardware/board/src/sl_board_control_gpio.o
 .debug_loc     0x000006b6       0x2c ./gecko_sdk_4.0.2/hardware/board/src/sl_board_init.o
 .debug_loc     0x000006e2       0x9c ./gecko_sdk_4.0.2/platform/Device/SiliconLabs/BGM22/Source/GCC/startup_bgm22.o
 .debug_loc     0x0000077e       0xc5 ./gecko_sdk_4.0.2/platform/Device/SiliconLabs/BGM22/Source/system_bgm22.o
 .debug_loc     0x00000843       0x9c ./gecko_sdk_4.0.2/platform/common/toolchain/src/sl_memory.o
 .debug_loc     0x000008df      0x11a ./gecko_sdk_4.0.2/platform/driver/button/src/sl_button.o
 .debug_loc     0x000009f9      0x508 ./gecko_sdk_4.0.2/platform/driver/button/src/sl_simple_button.o
 .debug_loc     0x00000f01     0x119f ./gecko_sdk_4.0.2/platform/emdrv/dmadrv/src/dmadrv.o
 .debug_loc     0x000020a0      0x45d ./gecko_sdk_4.0.2/platform/emdrv/gpiointerrupt/src/gpiointerrupt.o
 .debug_loc     0x000024fd       0x2a ./gecko_sdk_4.0.2/platform/emlib/src/em_assert.o
 .debug_loc     0x00002527     0x30d9 ./gecko_sdk_4.0.2/platform/emlib/src/em_cmu.o
 .debug_loc     0x00005600      0x8ae ./gecko_sdk_4.0.2/platform/emlib/src/em_core.o
 .debug_loc     0x00005eae      0x7d0 ./gecko_sdk_4.0.2/platform/emlib/src/em_emu.o
 .debug_loc     0x0000667e      0xb24 ./gecko_sdk_4.0.2/platform/emlib/src/em_gpio.o
 .debug_loc     0x000071a2      0xa2e ./gecko_sdk_4.0.2/platform/emlib/src/em_usart.o
 .debug_loc     0x00007bd0       0x2c ./gecko_sdk_4.0.2/platform/service/device_init/src/sl_device_init_dcdc_s2.o
 .debug_loc     0x00007bfc       0x2c ./gecko_sdk_4.0.2/platform/service/device_init/src/sl_device_init_emu_s2.o
 .debug_loc     0x00007c28       0xba ./gecko_sdk_4.0.2/platform/service/device_init/src/sl_device_init_hfxo_s2.o
 .debug_loc     0x00007ce2       0x2c ./gecko_sdk_4.0.2/platform/service/device_init/src/sl_device_init_lfxo_s2.o
 .debug_loc     0x00007d0e       0x6f ./gecko_sdk_4.0.2/platform/service/device_init/src/sl_device_init_nvic.o
 .debug_loc     0x00007d7d      0x58d ./gecko_sdk_4.0.2/platform/service/iostream/src/sl_iostream.o
 .debug_loc     0x0000830a      0x217 ./gecko_sdk_4.0.2/platform/service/iostream/src/sl_iostream_retarget_stdio.o
 .debug_loc     0x00008521      0x9bf ./gecko_sdk_4.0.2/platform/service/iostream/src/sl_iostream_uart.o
 .debug_loc     0x00008ee0      0x458 ./gecko_sdk_4.0.2/platform/service/iostream/src/sl_iostream_usart.o
 .debug_loc     0x00009338       0x2c ./gecko_sdk_4.0.2/platform/service/system/src/sl_system_init.o
 .debug_loc     0x00009364       0x2c ./gecko_sdk_4.0.2/platform/service/system/src/sl_system_process_action.o

.debug_aranges  0x00000000      0xb58
 .debug_aranges
                0x00000000       0x28 ./app.o
 .debug_aranges
                0x00000028       0x20 ./main.o
 .debug_aranges
                0x00000048       0x20 ./autogen/sl_board_default_init.o
 .debug_aranges
                0x00000068       0x20 ./autogen/sl_device_init_clocks.o
 .debug_aranges
                0x00000088       0x48 ./autogen/sl_event_handler.o
 .debug_aranges
                0x000000d0       0x30 ./autogen/sl_iostream_init_usart_instances.o
 .debug_aranges
                0x00000100       0x28 ./autogen/sl_simple_button_instances.o
 .debug_aranges
                0x00000128       0x88 ./gecko_sdk_4.0.2/app/common/util/app_log/app_log.o
 .debug_aranges
                0x000001b0       0x58 ./gecko_sdk_4.0.2/hardware/board/src/sl_board_control_gpio.o
 .debug_aranges
                0x00000208       0x28 ./gecko_sdk_4.0.2/hardware/board/src/sl_board_init.o
 .debug_aranges
                0x00000230       0x28 ./gecko_sdk_4.0.2/platform/Device/SiliconLabs/BGM22/Source/GCC/startup_bgm22.o
 .debug_aranges
                0x00000258       0x88 ./gecko_sdk_4.0.2/platform/Device/SiliconLabs/BGM22/Source/system_bgm22.o
 .debug_aranges
                0x000002e0       0x30 ./gecko_sdk_4.0.2/platform/common/toolchain/src/sl_memory.o
 .debug_aranges
                0x00000310       0x48 ./gecko_sdk_4.0.2/platform/driver/button/src/sl_button.o
 .debug_aranges
                0x00000358       0x50 ./gecko_sdk_4.0.2/platform/driver/button/src/sl_simple_button.o
 .debug_aranges
                0x000003a8       0xa8 ./gecko_sdk_4.0.2/platform/emdrv/dmadrv/src/dmadrv.o
 .debug_aranges
                0x00000450       0x48 ./gecko_sdk_4.0.2/platform/emdrv/gpiointerrupt/src/gpiointerrupt.o
 .debug_aranges
                0x00000498       0x20 ./gecko_sdk_4.0.2/platform/emlib/src/em_assert.o
 .debug_aranges
                0x000004b8      0x150 ./gecko_sdk_4.0.2/platform/emlib/src/em_cmu.o
 .debug_aranges
                0x00000608       0xe8 ./gecko_sdk_4.0.2/platform/emlib/src/em_core.o
 .debug_aranges
                0x000006f0       0xf8 ./gecko_sdk_4.0.2/platform/emlib/src/em_emu.o
 .debug_aranges
                0x000007e8       0x68 ./gecko_sdk_4.0.2/platform/emlib/src/em_gpio.o
 .debug_aranges
                0x00000850       0xb8 ./gecko_sdk_4.0.2/platform/emlib/src/em_usart.o
 .debug_aranges
                0x00000908       0x20 ./gecko_sdk_4.0.2/platform/service/device_init/src/sl_device_init_dcdc_s2.o
 .debug_aranges
                0x00000928       0x20 ./gecko_sdk_4.0.2/platform/service/device_init/src/sl_device_init_emu_s2.o
 .debug_aranges
                0x00000948       0x20 ./gecko_sdk_4.0.2/platform/service/device_init/src/sl_device_init_hfxo_s2.o
 .debug_aranges
                0x00000968       0x20 ./gecko_sdk_4.0.2/platform/service/device_init/src/sl_device_init_lfxo_s2.o
 .debug_aranges
                0x00000988       0x20 ./gecko_sdk_4.0.2/platform/service/device_init/src/sl_device_init_nvic.o
 .debug_aranges
                0x000009a8       0x50 ./gecko_sdk_4.0.2/platform/service/iostream/src/sl_iostream.o
 .debug_aranges
                0x000009f8       0x60 ./gecko_sdk_4.0.2/platform/service/iostream/src/sl_iostream_retarget_stdio.o
 .debug_aranges
                0x00000a58       0x20 ./gecko_sdk_4.0.2/platform/service/iostream/src/sl_iostream_stdlib_config.o
 .debug_aranges
                0x00000a78       0x60 ./gecko_sdk_4.0.2/platform/service/iostream/src/sl_iostream_uart.o
 .debug_aranges
                0x00000ad8       0x40 ./gecko_sdk_4.0.2/platform/service/iostream/src/sl_iostream_usart.o
 .debug_aranges
                0x00000b18       0x20 ./gecko_sdk_4.0.2/platform/service/system/src/sl_system_init.o
 .debug_aranges
                0x00000b38       0x20 ./gecko_sdk_4.0.2/platform/service/system/src/sl_system_process_action.o

.debug_ranges   0x00000000      0xf48
 .debug_ranges  0x00000000       0x38 ./app.o